Archive member included to satisfy reference by file (symbol)

C:/ST/STM32CubeIDE_2.0.0/STM32CubeIDE/plugins/com.st.stm32cube.ide.mcu.externaltools.gnu-tools-for-stm32.13.3.rel1.win32_1.0.100.202509120712/tools/bin/../lib/gcc/arm-none-eabi/13.3.1/../../../../arm-none-eabi/lib/thumb/v7e-m+dp/hard\libc_nano.a(libc_a-assert.o)
                              ./Core/Src/lps22df_reg.o (__assert_func)
C:/ST/STM32CubeIDE_2.0.0/STM32CubeIDE/plugins/com.st.stm32cube.ide.mcu.externaltools.gnu-tools-for-stm32.13.3.rel1.win32_1.0.100.202509120712/tools/bin/../lib/gcc/arm-none-eabi/13.3.1/../../../../arm-none-eabi/lib/thumb/v7e-m+dp/hard\libc_nano.a(libc_a-exit.o)
                              C:/ST/STM32CubeIDE_2.0.0/STM32CubeIDE/plugins/com.st.stm32cube.ide.mcu.externaltools.gnu-tools-for-stm32.13.3.rel1.win32_1.0.100.202509120712/tools/bin/../lib/gcc/arm-none-eabi/13.3.1/../../../../arm-none-eabi/lib/thumb/v7e-m+dp/hard/crt0.o (exit)
C:/ST/STM32CubeIDE_2.0.0/STM32CubeIDE/plugins/com.st.stm32cube.ide.mcu.externaltools.gnu-tools-for-stm32.13.3.rel1.win32_1.0.100.202509120712/tools/bin/../lib/gcc/arm-none-eabi/13.3.1/../../../../arm-none-eabi/lib/thumb/v7e-m+dp/hard\libc_nano.a(libc_a-nano-vfprintf_float.o)
                              (_printf_float)
C:/ST/STM32CubeIDE_2.0.0/STM32CubeIDE/plugins/com.st.stm32cube.ide.mcu.externaltools.gnu-tools-for-stm32.13.3.rel1.win32_1.0.100.202509120712/tools/bin/../lib/gcc/arm-none-eabi/13.3.1/../../../../arm-none-eabi/lib/thumb/v7e-m+dp/hard\libc_nano.a(libc_a-nano-vfprintf_i.o)
                              C:/ST/STM32CubeIDE_2.0.0/STM32CubeIDE/plugins/com.st.stm32cube.ide.mcu.externaltools.gnu-tools-for-stm32.13.3.rel1.win32_1.0.100.202509120712/tools/bin/../lib/gcc/arm-none-eabi/13.3.1/../../../../arm-none-eabi/lib/thumb/v7e-m+dp/hard\libc_nano.a(libc_a-nano-vfprintf_float.o) (_printf_common)
C:/ST/STM32CubeIDE_2.0.0/STM32CubeIDE/plugins/com.st.stm32cube.ide.mcu.externaltools.gnu-tools-for-stm32.13.3.rel1.win32_1.0.100.202509120712/tools/bin/../lib/gcc/arm-none-eabi/13.3.1/../../../../arm-none-eabi/lib/thumb/v7e-m+dp/hard\libc_nano.a(libc_a-nano-vfscanf_float.o)
                              (_scanf_float)
C:/ST/STM32CubeIDE_2.0.0/STM32CubeIDE/plugins/com.st.stm32cube.ide.mcu.externaltools.gnu-tools-for-stm32.13.3.rel1.win32_1.0.100.202509120712/tools/bin/../lib/gcc/arm-none-eabi/13.3.1/../../../../arm-none-eabi/lib/thumb/v7e-m+dp/hard\libc_nano.a(libc_a-findfp.o)
                              C:/ST/STM32CubeIDE_2.0.0/STM32CubeIDE/plugins/com.st.stm32cube.ide.mcu.externaltools.gnu-tools-for-stm32.13.3.rel1.win32_1.0.100.202509120712/tools/bin/../lib/gcc/arm-none-eabi/13.3.1/../../../../arm-none-eabi/lib/thumb/v7e-m+dp/hard\libc_nano.a(libc_a-exit.o) (__stdio_exit_handler)
C:/ST/STM32CubeIDE_2.0.0/STM32CubeIDE/plugins/com.st.stm32cube.ide.mcu.externaltools.gnu-tools-for-stm32.13.3.rel1.win32_1.0.100.202509120712/tools/bin/../lib/gcc/arm-none-eabi/13.3.1/../../../../arm-none-eabi/lib/thumb/v7e-m+dp/hard\libc_nano.a(libc_a-fprintf.o)
                              C:/ST/STM32CubeIDE_2.0.0/STM32CubeIDE/plugins/com.st.stm32cube.ide.mcu.externaltools.gnu-tools-for-stm32.13.3.rel1.win32_1.0.100.202509120712/tools/bin/../lib/gcc/arm-none-eabi/13.3.1/../../../../arm-none-eabi/lib/thumb/v7e-m+dp/hard\libc_nano.a(libc_a-assert.o) (fiprintf)
C:/ST/STM32CubeIDE_2.0.0/STM32CubeIDE/plugins/com.st.stm32cube.ide.mcu.externaltools.gnu-tools-for-stm32.13.3.rel1.win32_1.0.100.202509120712/tools/bin/../lib/gcc/arm-none-eabi/13.3.1/../../../../arm-none-eabi/lib/thumb/v7e-m+dp/hard\libc_nano.a(libc_a-fwalk.o)
                              C:/ST/STM32CubeIDE_2.0.0/STM32CubeIDE/plugins/com.st.stm32cube.ide.mcu.externaltools.gnu-tools-for-stm32.13.3.rel1.win32_1.0.100.202509120712/tools/bin/../lib/gcc/arm-none-eabi/13.3.1/../../../../arm-none-eabi/lib/thumb/v7e-m+dp/hard\libc_nano.a(libc_a-findfp.o) (_fwalk_sglue)
C:/ST/STM32CubeIDE_2.0.0/STM32CubeIDE/plugins/com.st.stm32cube.ide.mcu.externaltools.gnu-tools-for-stm32.13.3.rel1.win32_1.0.100.202509120712/tools/bin/../lib/gcc/arm-none-eabi/13.3.1/../../../../arm-none-eabi/lib/thumb/v7e-m+dp/hard\libc_nano.a(libc_a-printf.o)
                              ./Core/Src/main.o (printf)
C:/ST/STM32CubeIDE_2.0.0/STM32CubeIDE/plugins/com.st.stm32cube.ide.mcu.externaltools.gnu-tools-for-stm32.13.3.rel1.win32_1.0.100.202509120712/tools/bin/../lib/gcc/arm-none-eabi/13.3.1/../../../../arm-none-eabi/lib/thumb/v7e-m+dp/hard\libc_nano.a(libc_a-puts.o)
                              ./Core/Src/main.o (puts)
C:/ST/STM32CubeIDE_2.0.0/STM32CubeIDE/plugins/com.st.stm32cube.ide.mcu.externaltools.gnu-tools-for-stm32.13.3.rel1.win32_1.0.100.202509120712/tools/bin/../lib/gcc/arm-none-eabi/13.3.1/../../../../arm-none-eabi/lib/thumb/v7e-m+dp/hard\libc_nano.a(libc_a-sprintf.o)
[...]
Memory Configuration

Name             Origin             Length             Attributes
ITCMRAM          0x00000000         0x00010000         xrw
DTCMRAM          0x20000000         0x00020000         xrw
FLASH            0x08000000         0x00020000         xr
RAM_D1           0x24000000         0x00050000         xrw
RAM_D2           0x30000000         0x00008000         xrw
RAM_D3           0x38000000         0x00004000         xrw
*default*        0x00000000         0xffffffff

Linker script and memory map

LOAD C:/ST/STM32CubeIDE_2.0.0/STM32CubeIDE/plugins/com.st.stm32cube.ide.mcu.externaltools.gnu-tools-for-stm32.13.3.rel1.win32_1.0.100.202509120712/tools/bin/../lib/gcc/arm-none-eabi/13.3.1/thumb/v7e-m+dp/hard/crti.o
LOAD C:/ST/STM32CubeIDE_2.0.0/STM32CubeIDE/plugins/com.st.stm32cube.ide.mcu.externaltools.gnu-tools-for-stm32.13.3.rel1.win32_1.0.100.202509120712/tools/bin/../lib/gcc/arm-none-eabi/13.3.1/thumb/v7e-m+dp/hard/crtbegin.o
LOAD C:/ST/STM32CubeIDE_2.0.0/STM32CubeIDE/plugins/com.st.stm32cube.ide.mcu.externaltools.gnu-tools-for-stm32.13.3.rel1.win32_1.0.100.202509120712/tools/bin/../lib/gcc/arm-none-eabi/13.3.1/../../../../arm-none-eabi/lib/thumb/v7e-m+dp/hard/crt0.o
LOAD ./Core/Src/MadgwickAHRS.o
LOAD ./Core/Src/flash.o
LOAD ./Core/Src/iis2mdc_reg.o
LOAD ./Core/Src/lps22df_reg.o
LOAD ./Core/Src/lsm6dsv80x_reg.o
LOAD ./Core/Src/main.o
LOAD ./Core/Src/sensors.o
LOAD ./Core/Src/state_estimation.o
LOAD ./Core/Src/stm32h7xx_hal_msp.o
LOAD ./Core/Src/stm32h7xx_it.o
LOAD ./Core/Src/syscalls.o
LOAD ./Core/Src/sysmem.o
LOAD ./Core/Src/system_stm32h7xx.o
LOAD ./Core/Startup/startup_stm32h730vbtx.o
LOAD ./Drivers/STM32H7xx_HAL_Driver/Src/stm32h7xx_hal.o
LOAD ./Drivers/STM32H7xx_HAL_Driver/Src/stm32h7xx_hal_adc.o
LOAD ./Drivers/STM32H7xx_HAL_Driver/Src/stm32h7xx_hal_adc_ex.o
LOAD ./Drivers/STM32H7xx_HAL_Driver/Src/stm32h7xx_hal_cortex.o
LOAD ./Drivers/STM32H7xx_HAL_Driver/Src/stm32h7xx_hal_dma.o
LOAD ./Drivers/STM32H7xx_HAL_Driver/Src/stm32h7xx_hal_dma_ex.o
LOAD ./Drivers/STM32H7xx_HAL_Driver/Src/stm32h7xx_hal_exti.o
LOAD ./Drivers/STM32H7xx_HAL_Driver/Src/stm32h7xx_hal_flash.o
LOAD ./Drivers/STM32H7xx_HAL_Driver/Src/stm32h7xx_hal_flash_ex.o
LOAD ./Drivers/STM32H7xx_HAL_Driver/Src/stm32h7xx_hal_gpio.o
LOAD ./Drivers/STM32H7xx_HAL_Driver/Src/stm32h7xx_hal_hsem.o
LOAD ./Drivers/STM32H7xx_HAL_Driver/Src/stm32h7xx_hal_i2c.o
LOAD ./Drivers/STM32H7xx_HAL_Driver/Src/stm32h7xx_hal_i2c_ex.o
LOAD ./Drivers/STM32H7xx_HAL_Driver/Src/stm32h7xx_hal_mdma.o
LOAD ./Drivers/STM32H7xx_HAL_Driver/Src/stm32h7xx_hal_ospi.o
LOAD ./Drivers/STM32H7xx_HAL_Driver/Src/stm32h7xx_hal_pcd.o
LOAD ./Drivers/STM32H7xx_HAL_Driver/Src/stm32h7xx_hal_pcd_ex.o
LOAD ./Drivers/STM32H7xx_HAL_Driver/Src/stm32h7xx_hal_pwr.o
LOAD ./Drivers/STM32H7xx_HAL_Driver/Src/stm32h7xx_hal_pwr_ex.o
LOAD ./Drivers/STM32H7xx_HAL_Driver/Src/stm32h7xx_hal_rcc.o
LOAD ./Drivers/STM32H7xx_HAL_Driver/Src/stm32h7xx_hal_rcc_ex.o
LOAD ./Drivers/STM32H7xx_HAL_Driver/Src/stm32h7xx_hal_spi.o
LOAD ./Drivers/STM32H7xx_HAL_Driver/Src/stm32h7xx_hal_spi_ex.o
LOAD ./Drivers/STM32H7xx_HAL_Driver/Src/stm32h7xx_hal_tim.o
LOAD ./Drivers/STM32H7xx_HAL_Driver/Src/stm32h7xx_hal_tim_ex.o
LOAD ./Drivers/STM32H7xx_HAL_Driver/Src/stm32h7xx_hal_uart.o
LOAD ./Drivers/STM32H7xx_HAL_Driver/Src/stm32h7xx_hal_uart_ex.o
LOAD ./Drivers/STM32H7xx_HAL_Driver/Src/stm32h7xx_ll_usb.o
LOAD ../Drivers/CMSIS/DSP/Lib/GCC\libarm_cortexM7lfdp_math.a
LOAD ../Drivers/CMSIS/DSP/Lib/GCC\libarm_cortexM7l_math.a
LOAD ../Drivers/CMSIS/DSP/Lib/GCC\libarm_cortexM7lfsp_math.a
START GROUP
LOAD C:/ST/STM32CubeIDE_2.0.0/STM32CubeIDE/plugins/com.st.stm32cube.ide.mcu.externaltools.gnu-tools-for-stm32.13.3.rel1.win32_1.0.100.202509120712/tools/bin/../lib/gcc/arm-none-eabi/13.3.1/../../../../arm-none-eabi/lib/thumb/v7e-m+dp/hard\libc_nano.a
LOAD C:/ST/STM32CubeIDE_2.0.0/STM32CubeIDE/plugins/com.st.stm32cube.ide.mcu.externaltools.gnu-tools-for-stm32.13.3.rel1.win32_1.0.100.202509120712/tools/bin/../lib/gcc/arm-none-eabi/13.3.1/../../../../arm-none-eabi/lib/thumb/v7e-m+dp/hard\libm.a
END GROUP
START GROUP
LOAD C:/ST/STM32CubeIDE_2.0.0/STM32CubeIDE/plugins/com.st.stm32cube.ide.mcu.externaltools.gnu-tools-for-stm32.13.3.rel1.win32_1.0.100.202509120712/tools/bin/../lib/gcc/arm-none-eabi/13.3.1/thumb/v7e-m+dp/hard\libgcc.a
LOAD C:/ST/STM32CubeIDE_2.0.0/STM32CubeIDE/plugins/com.st.stm32cube.ide.mcu.externaltools.gnu-tools-for-stm32.13.3.rel1.win32_1.0.100.202509120712/tools/bin/../lib/gcc/arm-none-eabi/13.3.1/../../../../arm-none-eabi/lib/thumb/v7e-m+dp/hard\libc_nano.a
END GROUP
START GROUP
LOAD C:/ST/STM32CubeIDE_2.0.0/STM32CubeIDE/plugins/com.st.stm32cube.ide.mcu.externaltools.gnu-tools-for-stm32.13.3.rel1.win32_1.0.100.202509120712/tools/bin/../lib/gcc/arm-none-eabi/13.3.1/thumb/v7e-m+dp/hard\libgcc.a
LOAD C:/ST/STM32CubeIDE_2.0.0/STM32CubeIDE/plugins/com.st.stm32cube.ide.mcu.externaltools.gnu-tools-for-stm32.13.3.rel1.win32_1.0.100.202509120712/tools/bin/../lib/gcc/arm-none-eabi/13.3.1/../../../../arm-none-eabi/lib/thumb/v7e-m+dp/hard\libc_nano.a
LOAD C:/ST/STM32CubeIDE_2.0.0/STM32CubeIDE/plugins/com.st.stm32cube.ide.mcu.externaltools.gnu-tools-for-stm32.13.3.rel1.win32_1.0.100.202509120712/tools/bin/../lib/gcc/arm-none-eabi/13.3.1/../../../../arm-none-eabi/lib/thumb/v7e-m+dp/hard\libnosys.a
END GROUP
START GROUP
LOAD C:/ST/STM32CubeIDE_2.0.0/STM32CubeIDE/plugins/com.st.stm32cube.ide.mcu.externaltools.gnu-tools-for-stm32.13.3.rel1.win32_1.0.100.202509120712/tools/bin/../lib/gcc/arm-none-eabi/13.3.1/thumb/v7e-m+dp/hard\libgcc.a
LOAD C:/ST/STM32CubeIDE_2.0.0/STM32CubeIDE/plugins/com.st.stm32cube.ide.mcu.externaltools.gnu-tools-for-stm32.13.3.rel1.win32_1.0.100.202509120712/tools/bin/../lib/gcc/arm-none-eabi/13.3.1/../../../../arm-none-eabi/lib/thumb/v7e-m+dp/hard\libc_nano.a
LOAD C:/ST/STM32CubeIDE_2.0.0/STM32CubeIDE/plugins/com.st.stm32cube.ide.mcu.externaltools.gnu-tools-for-stm32.13.3.rel1.win32_1.0.100.202509120712/tools/bin/../lib/gcc/arm-none-eabi/13.3.1/../../../../arm-none-eabi/lib/thumb/v7e-m+dp/hard\libnosys.a
END GROUP
LOAD C:/ST/STM32CubeIDE_2.0.0/STM32CubeIDE/plugins/com.st.stm32cube.ide.mcu.externaltools.gnu-tools-for-stm32.13.3.rel1.win32_1.0.100.202509120712/tools/bin/../lib/gcc/arm-none-eabi/13.3.1/thumb/v7e-m+dp/hard/crtend.o
LOAD C:/ST/STM32CubeIDE_2.0.0/STM32CubeIDE/plugins/com.st.stm32cube.ide.mcu.externaltools.gnu-tools-for-stm32.13.3.rel1.win32_1.0.100.202509120712/tools/bin/../lib/gcc/arm-none-eabi/13.3.1/thumb/v7e-m+dp/hard/crtn.o
                0x24050000                        _estack = (ORIGIN (RAM_D1) + LENGTH (RAM_D1))
                0x00000200                        _Min_Heap_Size = 0x200
                0x00000400                        _Min_Stack_Size = 0x400

.isr_vector     0x08000000      0x2cc
                0x08000000                        . = ALIGN (0x4)
 *(.isr_vector)
 .isr_vector    0x08000000      0x2cc ./Core/Startup/startup_stm32h730vbtx.o
                0x08000000                g_pfnVectors
                0x080002cc                        . = ALIGN (0x4)

.text           0x080002d0    0x1a460
                0x080002d0                        . = ALIGN (0x4)
 *(.text)
 .text          0x080002d0       0x40 C:/ST/STM32CubeIDE_2.0.0/STM32CubeIDE/plugins/com.st.stm32cube.ide.mcu.externaltools.gnu-tools-for-stm32.13.3.rel1.win32_1.0.100.202509120712/tools/bin/../lib/gcc/arm-none-eabi/13.3.1/thumb/v7e-m+dp/hard/crtbegin.o
 .text          0x08000310       0xa0 C:/ST/STM32CubeIDE_2.0.0/STM32CubeIDE/plugins/com.st.stm32cube.ide.mcu.externaltools.gnu-tools-for-stm32.13.3.rel1.win32_1.0.100.202509120712/tools/bin/../lib/gcc/arm-none-eabi/13.3.1/../../../../arm-none-eabi/lib/thumb/v7e-m+dp/hard\libc_nano.a(libc_a-memchr.o)
                0x08000310                memchr
 .text          0x080003b0       0x10 C:/ST/STM32CubeIDE_2.0.0/STM32CubeIDE/plugins/com.st.stm32cube.ide.mcu.externaltools.gnu-tools-for-stm32.13.3.rel1.win32_1.0.100.202509120712/tools/bin/../lib/gcc/arm-none-eabi/13.3.1/../../../../arm-none-eabi/lib/thumb/v7e-m+dp/hard\libc_nano.a(libc_a-strlen.o)
                0x080003b0                strlen
 .text          0x080003c0      0x378 C:/ST/STM32CubeIDE_2.0.0/STM32CubeIDE/plugins/com.st.stm32cube.ide.mcu.externaltools.gnu-tools-for-stm32.13.3.rel1.win32_1.0.100.202509120712/tools/bin/../lib/gcc/arm-none-eabi/13.3.1/thumb/v7e-m+dp/hard\libgcc.a(_arm_addsubdf3.o)
                0x080003c0                __aeabi_drsub
                0x080003c8                __aeabi_dsub
                0x080003c8                __subdf3
                0x080003cc                __aeabi_dadd
                0x080003cc                __adddf3
                0x08000644                __floatunsidf
                0x08000644                __aeabi_ui2d
                0x08000664                __floatsidf
                0x08000664                __aeabi_i2d
                0x08000688                __aeabi_f2d
                0x08000688                __extendsfdf2
                0x080006cc                __floatundidf
                0x080006cc                __aeabi_ul2d
                0x080006dc                __floatdidf
                0x080006dc                __aeabi_l2d
 .text          0x08000738       0x30 C:/ST/STM32CubeIDE_2.0.0/STM32CubeIDE/plugins/com.st.stm32cube.ide.mcu.externaltools.gnu-tools-for-stm32.13.3.rel1.win32_1.0.100.202509120712/tools/bin/../lib/gcc/arm-none-eabi/13.3.1/thumb/v7e-m+dp/hard\libgcc.a(_aeabi_uldivmod.o)
                0x08000738                __aeabi_uldivmod
 .text          0x08000768       0x30 C:/ST/STM32CubeIDE_2.0.0/STM32CubeIDE/plugins/com.st.stm32cube.ide.mcu.externaltools.gnu-tools-for-stm32.13.3.rel1.win32_1.0.100.202509120712/tools/bin/../lib/gcc/arm-none-eabi/13.3.1/thumb/v7e-m+dp/hard\libgcc.a(_fixdfdi.o)
                0x08000768                __fixdfdi
                0x08000768                __aeabi_d2lz
 .text          0x08000798       0x40 C:/ST/STM32CubeIDE_2.0.0/STM32CubeIDE/plugins/com.st.stm32cube.ide.mcu.externaltools.gnu-tools-for-stm32.13.3.rel1.win32_1.0.100.202509120712/tools/bin/../lib/gcc/arm-none-eabi/13.3.1/thumb/v7e-m+dp/hard\libgcc.a(_fixunsdfdi.o)
                0x08000798                __fixunsdfdi
                0x08000798                __aeabi_d2ulz
 .text          0x080007d8      0x2f8 C:/ST/STM32CubeIDE_2.0.0/STM32CubeIDE/plugins/com.st.stm32cube.ide.mcu.externaltools.gnu-tools-for-stm32.13.3.rel1.win32_1.0.100.202509120712/tools/bin/../lib/gcc/arm-none-eabi/13.3.1/thumb/v7e-m+dp/hard\libgcc.a(_udivmoddi4.o)
                0x080007d8                __udivmoddi4
 .text          0x08000ad0        0x4 C:/ST/STM32CubeIDE_2.0.0/STM32CubeIDE/plugins/com.st.stm32cube.ide.mcu.externaltools.gnu-tools-for-stm32.13.3.rel1.win32_1.0.100.202509120712/tools/bin/../lib/gcc/arm-none-eabi/13.3.1/thumb/v7e-m+dp/hard\libgcc.a(_dvmd_tls.o)
                0x08000ad0                __aeabi_idiv0
                0x08000ad0                __aeabi_ldiv0
 *(.text*)
 .text.MadgwickQuaternionGet
                0x08000ad4       0x4c ./Core/Src/MadgwickAHRS.o
                0x08000ad4                MadgwickQuaternionGet
 .text.MadgwickAHRSupdate
                0x08000b20      0xe24 ./Core/Src/MadgwickAHRS.o
                0x08000b20                MadgwickAHRSupdate
 .text.MadgwickAHRSupdateIMU
                0x08001944      0x648 ./Core/Src/MadgwickAHRS.o
                0x08001944                MadgwickAHRSupdateIMU
 .text.invSqrt  0x08001f8c       0x78 ./Core/Src/MadgwickAHRS.o
                0x08001f8c                invSqrt
 .text.flash_read_jedec_id
                0x08002004       0xa4 ./Core/Src/flash.o
                0x08002004                flash_read_jedec_id
 .text.flash_read_status
                0x080020a8       0x76 ./Core/Src/flash.o
                0x080020a8                flash_read_status
 .text.flash_wait_for_ready
                0x0800211e       0x24 ./Core/Src/flash.o
                0x0800211e                flash_wait_for_ready
 .text.flash_write_enable
                0x08002142       0x5c ./Core/Src/flash.o
                0x08002142                flash_write_enable
 .text.flash_erase_sector
                0x0800219e       0x76 ./Core/Src/flash.o
                0x0800219e                flash_erase_sector
 .text.flash_erase_chip
                0x08002214       0x68 ./Core/Src/flash.o
                0x08002214                flash_erase_chip
 .text.flash_write_page
                0x0800227c       0x9e ./Core/Src/flash.o
                0x0800227c                flash_write_page
 .text.flash_read_data
                0x0800231a       0x84 ./Core/Src/flash.o
                0x0800231a                flash_read_data
 .text.iis2mdc_read_reg
                0x0800239e       0x3c ./Core/Src/iis2mdc_reg.o
                0x0800239e                iis2mdc_read_reg
 .text.iis2mdc_write_reg
                0x080023da       0x3c ./Core/Src/iis2mdc_reg.o
                0x080023da                iis2mdc_write_reg
 .text.iis2mdc_operating_mode_set
                0x08002416       0x4c ./Core/Src/iis2mdc_reg.o
                0x08002416                iis2mdc_operating_mode_set
 .text.iis2mdc_data_rate_set
                0x08002462       0x4c ./Core/Src/iis2mdc_reg.o
                0x08002462                iis2mdc_data_rate_set
 .text.iis2mdc_offset_temp_comp_set
                0x080024ae       0x4c ./Core/Src/iis2mdc_reg.o
                0x080024ae                iis2mdc_offset_temp_comp_set
 .text.iis2mdc_set_rst_mode_set
                0x080024fa       0x4c ./Core/Src/iis2mdc_reg.o
                0x080024fa                iis2mdc_set_rst_mode_set
 .text.iis2mdc_block_data_update_set
                0x08002546       0x4c ./Core/Src/iis2mdc_reg.o
                0x08002546                iis2mdc_block_data_update_set
 .text.iis2mdc_device_id_get
                0x08002592       0x22 ./Core/Src/iis2mdc_reg.o
                0x08002592                iis2mdc_device_id_get
 .text.iis2mdc_reset_set
                0x080025b4       0x4c ./Core/Src/iis2mdc_reg.o
                0x080025b4                iis2mdc_reset_set
 .text.iis2mdc_reset_get
                0x08002600       0x3c ./Core/Src/iis2mdc_reg.o
                0x08002600                iis2mdc_reset_get
 .text.lps22df_read_reg
                0x0800263c       0x3c ./Core/Src/lps22df_reg.o
                0x0800263c                lps22df_read_reg
 .text.lps22df_write_reg
                0x08002678       0x3c ./Core/Src/lps22df_reg.o
                0x08002678                lps22df_write_reg
 .text.bytecpy  0x080026b4       0x2a ./Core/Src/lps22df_reg.o
 *fill*         0x080026de        0x2 
 .text.lps22df_from_lsb_to_hPa
                0x080026e0       0x30 ./Core/Src/lps22df_reg.o
                0x080026e0                lps22df_from_lsb_to_hPa
 .text.lps22df_id_get
                0x08002710       0x2a ./Core/Src/lps22df_reg.o
                0x08002710                lps22df_id_get
 .text.lps22df_bus_mode_set
                0x0800273a       0xc4 ./Core/Src/lps22df_reg.o
                0x0800273a                lps22df_bus_mode_set
 .text.lps22df_init_set
                0x080027fe      0x1c4 ./Core/Src/lps22df_reg.o
                0x080027fe                lps22df_init_set
 .text.lps22df_status_get
                0x080029c2      0x114 ./Core/Src/lps22df_reg.o
                0x080029c2                lps22df_status_get
 .text.lps22df_mode_set
                0x08002ad6       0xbc ./Core/Src/lps22df_reg.o
                0x08002ad6                lps22df_mode_set
 .text.lps22df_pin_int_route_set
                0x08002b92       0x82 ./Core/Src/lps22df_reg.o
                0x08002b92                lps22df_pin_int_route_set
 .text.lps22df_pin_int_route_get
                0x08002c14       0x76 ./Core/Src/lps22df_reg.o
                0x08002c14                lps22df_pin_int_route_get
 .text.lsm6dsv80x_read_reg
                0x08002c8a       0x40 ./Core/Src/lsm6dsv80x_reg.o
                0x08002c8a                lsm6dsv80x_read_reg
 .text.lsm6dsv80x_write_reg
                0x08002cca       0x40 ./Core/Src/lsm6dsv80x_reg.o
                0x08002cca                lsm6dsv80x_write_reg
 .text.bytecpy  0x08002d0a       0x2a ./Core/Src/lsm6dsv80x_reg.o
 .text.lsm6dsv80x_from_fs16_to_mg
                0x08002d34       0x30 ./Core/Src/lsm6dsv80x_reg.o
                0x08002d34                lsm6dsv80x_from_fs16_to_mg
 .text.lsm6dsv80x_from_fs4000_to_mdps
                0x08002d64       0x30 ./Core/Src/lsm6dsv80x_reg.o
                0x08002d64                lsm6dsv80x_from_fs4000_to_mdps
 .text.lsm6dsv80x_sw_por
                0x08002d94       0x54 ./Core/Src/lsm6dsv80x_reg.o
                0x08002d94                lsm6dsv80x_sw_por
 .text.lsm6dsv80x_device_id_get
                0x08002de8       0x26 ./Core/Src/lsm6dsv80x_reg.o
                0x08002de8                lsm6dsv80x_device_id_get
 .text.lsm6dsv80x_xl_setup
                0x08002e0e      0x23a ./Core/Src/lsm6dsv80x_reg.o
                0x08002e0e                lsm6dsv80x_xl_setup
 .text.lsm6dsv80x_gy_setup
                0x08003048      0x1d2 ./Core/Src/lsm6dsv80x_reg.o
                0x08003048                lsm6dsv80x_gy_setup
 .text.lsm6dsv80x_haodr_set
                0x0800321a      0x26a ./Core/Src/lsm6dsv80x_reg.o
                0x0800321a                lsm6dsv80x_haodr_set
 .text.lsm6dsv80x_hg_xl_data_rate_set
                0x08003484      0x110 ./Core/Src/lsm6dsv80x_reg.o
                0x08003484                lsm6dsv80x_hg_xl_data_rate_set
 .text.lsm6dsv80x_block_data_update_set
                0x08003594       0x54 ./Core/Src/lsm6dsv80x_reg.o
                0x08003594                lsm6dsv80x_block_data_update_set
 .text.lsm6dsv80x_gy_full_scale_set
                0x080035e8       0xd0 ./Core/Src/lsm6dsv80x_reg.o
                0x080035e8                lsm6dsv80x_gy_full_scale_set
 .text.lsm6dsv80x_xl_full_scale_set
                0x080036b8       0x54 ./Core/Src/lsm6dsv80x_reg.o
                0x080036b8                lsm6dsv80x_xl_full_scale_set
 .text.lsm6dsv80x_hg_xl_full_scale_set
                0x0800370c       0x54 ./Core/Src/lsm6dsv80x_reg.o
                0x0800370c                lsm6dsv80x_hg_xl_full_scale_set
 .text.lsm6dsv80x_pin_int1_route_set
                0x08003760      0x168 ./Core/Src/lsm6dsv80x_reg.o
                0x08003760                lsm6dsv80x_pin_int1_route_set
 .text.lsm6dsv80x_pin_int1_route_get
                0x080038c8      0x13e ./Core/Src/lsm6dsv80x_reg.o
                0x080038c8                lsm6dsv80x_pin_int1_route_get
 .text.lsm6dsv80x_filt_settling_mask_set
                0x08003a06       0xd4 ./Core/Src/lsm6dsv80x_reg.o
                0x08003a06                lsm6dsv80x_filt_settling_mask_set
 .text.lsm6dsv80x_filt_gy_lp1_bandwidth_set
                0x08003ada       0x54 ./Core/Src/lsm6dsv80x_reg.o
                0x08003ada                lsm6dsv80x_filt_gy_lp1_bandwidth_set
 .text.lsm6dsv80x_filt_gy_lp1_set
                0x08003b2e       0x54 ./Core/Src/lsm6dsv80x_reg.o
                0x08003b2e                lsm6dsv80x_filt_gy_lp1_set
 .text.lsm6dsv80x_filt_xl_lp2_bandwidth_set
                0x08003b82       0x54 ./Core/Src/lsm6dsv80x_reg.o
                0x08003b82                lsm6dsv80x_filt_xl_lp2_bandwidth_set
 .text.lsm6dsv80x_filt_xl_lp2_set
                0x08003bd6       0x54 ./Core/Src/lsm6dsv80x_reg.o
                0x08003bd6                lsm6dsv80x_filt_xl_lp2_set
 *fill*         0x08003c2a        0x2 
 .text.black_eye_set
                0x08003c2c       0x44 ./Core/Src/main.o
                0x08003c2c                black_eye_set
 .text.rgb_led_set
                0x08003c70      0x1ac ./Core/Src/main.o
                0x08003c70                rgb_led_set
 .text.rgb_led_init
                0x08003e1c       0x48 ./Core/Src/main.o
                0x08003e1c                rgb_led_init
 .text.buzzer_set
                0x08003e64       0x38 ./Core/Src/main.o
                0x08003e64                buzzer_set
 .text.buzzer_init
                0x08003e9c       0x24 ./Core/Src/main.o
                0x08003e9c                buzzer_init
 .text.buzzer_play_tone
                0x08003ec0       0x60 ./Core/Src/main.o
                0x08003ec0                buzzer_play_tone
 .text.buzzer_play_sequence
                0x08003f20       0x44 ./Core/Src/main.o
                0x08003f20                buzzer_play_sequence
 .text.buzzer_update
                0x08003f64       0x82 ./Core/Src/main.o
                0x08003f64                buzzer_update
 *fill*         0x08003fe6        0x2 
 .text.servo_set
                0x08003fe8       0x64 ./Core/Src/main.o
                0x08003fe8                servo_set
 .text.servo_enable
                0x0800404c       0x7a ./Core/Src/main.o
                0x0800404c                servo_enable
 .text.servo_init
                0x080040c6       0x3e ./Core/Src/main.o
                0x080040c6                servo_init
 .text.servo_get_angle
                0x08004104       0x7c ./Core/Src/main.o
                0x08004104                servo_get_angle
 .text.get_mode_switch
                0x08004180       0x64 ./Core/Src/main.o
                0x08004180                get_mode_switch
 .text.batt_sense_get
                0x080041e4       0xa4 ./Core/Src/main.o
                0x080041e4                batt_sense_get
 .text.batt_sense_init
                0x08004288       0x20 ./Core/Src/main.o
                0x08004288                batt_sense_init
 .text.main     0x080042a8      0x19c ./Core/Src/main.o
                0x080042a8                main
 .text.SystemClock_Config
                0x08004444       0xdc ./Core/Src/main.o
                0x08004444                SystemClock_Config
 .text.PeriphCommonClock_Config
                0x08004520       0x6c ./Core/Src/main.o
                0x08004520                PeriphCommonClock_Config
 .text.MX_ADC1_Init
                0x0800458c      0x114 ./Core/Src/main.o
 .text.MX_ADC3_Init
                0x080046a0       0xdc ./Core/Src/main.o
 .text.MX_OCTOSPI1_Init
                0x0800477c       0xbc ./Core/Src/main.o
 .text.MX_SPI1_Init
                0x08004838       0xb4 ./Core/Src/main.o
 .text.MX_SPI2_Init
                0x080048ec       0xb4 ./Core/Src/main.o
 .text.MX_SPI4_Init
                0x080049a0       0xb4 ./Core/Src/main.o
 .text.MX_TIM3_Init
                0x08004a54      0x11c ./Core/Src/main.o
 .text.MX_TIM4_Init
                0x08004b70      0x11c ./Core/Src/main.o
 .text.MX_TIM6_Init
                0x08004c8c       0x6c ./Core/Src/main.o
 .text.MX_TIM7_Init
                0x08004cf8       0x6c ./Core/Src/main.o
 .text.MX_TIM16_Init
                0x08004d64       0xf4 ./Core/Src/main.o
 .text.MX_TIM17_Init
                0x08004e58       0xf4 ./Core/Src/main.o
 .text.MX_UART4_Init
                0x08004f4c       0x98 ./Core/Src/main.o
 .text.MX_USB_OTG_HS_PCD_Init
                0x08004fe4       0x64 ./Core/Src/main.o
 .text.MX_BDMA_Init
                0x08005048       0x40 ./Core/Src/main.o
 .text.MX_DMA_Init
                0x08005088       0xa0 ./Core/Src/main.o
 .text.MX_GPIO_Init
                0x08005128      0x28c ./Core/Src/main.o
 .text.__io_putchar
                0x080053b4       0x24 ./Core/Src/main.o
                0x080053b4                __io_putchar
 .text.HAL_GPIO_EXTI_Callback
                0x080053d8       0x40 ./Core/Src/main.o
                0x080053d8                HAL_GPIO_EXTI_Callback
 .text.HAL_SPI_TxRxCpltCallback
                0x08005418       0x4c ./Core/Src/main.o
                0x08005418                HAL_SPI_TxRxCpltCallback
 .text.HAL_TIM_PeriodElapsedCallback
                0x08005464       0x44 ./Core/Src/main.o
                0x08005464                HAL_TIM_PeriodElapsedCallback
 .text.mode_transition_handler
                0x080054a8       0xb4 ./Core/Src/main.o
                0x080054a8                mode_transition_handler
 .text.mode_current_handler
                0x0800555c      0x3a4 ./Core/Src/main.o
                0x0800555c                mode_current_handler
 .text.MPU_Config
                0x08005900       0x58 ./Core/Src/main.o
 .text.Error_Handler
                0x08005958        0xc ./Core/Src/main.o
                0x08005958                Error_Handler
 .text.spi_nss  0x08005964       0x78 ./Core/Src/sensors.o
                0x08005964                spi_nss
 .text.platform_write
                0x080059dc       0x64 ./Core/Src/sensors.o
                0x080059dc                platform_write
 .text.platform_read
                0x08005a40       0x6e ./Core/Src/sensors.o
                0x08005a40                platform_read
 .text.platform_delay
                0x08005aae       0x16 ./Core/Src/sensors.o
                0x08005aae                platform_delay
 .text.baro_int_drdy_handler
                0x08005ac4       0x40 ./Core/Src/sensors.o
                0x08005ac4                baro_int_drdy_handler
 .text.imu_int_drdy_handler
                0x08005b04       0x40 ./Core/Src/sensors.o
                0x08005b04                imu_int_drdy_handler
 .text.mag_int_drdy_handler
                0x08005b44       0x34 ./Core/Src/sensors.o
                0x08005b44                mag_int_drdy_handler
 .text.baro_spi_callback
                0x08005b78       0x5c ./Core/Src/sensors.o
                0x08005b78                baro_spi_callback
 .text.imu_spi_callback
                0x08005bd4      0x180 ./Core/Src/sensors.o
                0x08005bd4                imu_spi_callback
 .text.mag_spi_callback
                0x08005d54       0x18 ./Core/Src/sensors.o
                0x08005d54                mag_spi_callback
 .text.sensors_init
                0x08005d6c       0x1a ./Core/Src/sensors.o
                0x08005d6c                sensors_init
 *fill*         0x08005d86        0x2 
 .text.baro_init
                0x08005d88       0xd4 ./Core/Src/sensors.o
                0x08005d88                baro_init
 .text.imu_init
                0x08005e5c      0x10c ./Core/Src/sensors.o
                0x08005e5c                imu_init
 .text.mag_init
                0x08005f68       0xac ./Core/Src/sensors.o
                0x08005f68                mag_init
 .text.state_estimation
                0x08006014      0x1a0 ./Core/Src/state_estimation.o
                0x08006014                state_estimation
 .text.get_imu_b
                0x080061b4       0x64 ./Core/Src/state_estimation.o
                0x080061b4                get_imu_b
 .text.quat_rot
                0x08006218      0x268 ./Core/Src/state_estimation.o
                0x08006218                quat_rot
 .text.kalman_predict
                0x08006480      0x1e4 ./Core/Src/state_estimation.o
                0x08006480                kalman_predict
 *fill*         0x08006664        0x4 
 .text.kalman_update
                0x08006668      0x19c ./Core/Src/state_estimation.o
                0x08006668                kalman_update
 .text.HAL_MspInit
                0x08006804       0x34 ./Core/Src/stm32h7xx_hal_msp.o
                0x08006804                HAL_MspInit
 .text.HAL_ADC_MspInit
                0x08006838      0x1ac ./Core/Src/stm32h7xx_hal_msp.o
                0x08006838                HAL_ADC_MspInit
 .text.HAL_OSPI_MspInit
                0x080069e4      0x134 ./Core/Src/stm32h7xx_hal_msp.o
                0x080069e4                HAL_OSPI_MspInit
 .text.HAL_SPI_MspInit
                0x08006b18      0x470 ./Core/Src/stm32h7xx_hal_msp.o
                0x08006b18                HAL_SPI_MspInit
 .text.HAL_TIM_Base_MspInit
                0x08006f88      0x148 ./Core/Src/stm32h7xx_hal_msp.o
                0x08006f88                HAL_TIM_Base_MspInit
 .text.HAL_TIM_MspPostInit
                0x080070d0      0x170 ./Core/Src/stm32h7xx_hal_msp.o
                0x080070d0                HAL_TIM_MspPostInit
 .text.HAL_UART_MspInit
                0x08007240       0xd4 ./Core/Src/stm32h7xx_hal_msp.o
                0x08007240                HAL_UART_MspInit
 .text.HAL_PCD_MspInit
                0x08007314       0xf0 ./Core/Src/stm32h7xx_hal_msp.o
                0x08007314                HAL_PCD_MspInit
 .text.NMI_Handler
                0x08007404        0x8 ./Core/Src/stm32h7xx_it.o
                0x08007404                NMI_Handler
 .text.HardFault_Handler
                0x0800740c        0x8 ./Core/Src/stm32h7xx_it.o
                0x0800740c                HardFault_Handler
 .text.MemManage_Handler
                0x08007414        0x8 ./Core/Src/stm32h7xx_it.o
                0x08007414                MemManage_Handler
 .text.BusFault_Handler
                0x0800741c        0x8 ./Core/Src/stm32h7xx_it.o
                0x0800741c                BusFault_Handler
 .text.UsageFault_Handler
                0x08007424        0x8 ./Core/Src/stm32h7xx_it.o
                0x08007424                UsageFault_Handler
 .text.SVC_Handler
                0x0800742c        0xe ./Core/Src/stm32h7xx_it.o
                0x0800742c                SVC_Handler
 .text.DebugMon_Handler
                0x0800743a        0xe ./Core/Src/stm32h7xx_it.o
                0x0800743a                DebugMon_Handler
 .text.PendSV_Handler
                0x08007448        0xe ./Core/Src/stm32h7xx_it.o
                0x08007448                PendSV_Handler
 .text.SysTick_Handler
                0x08007456        0xc ./Core/Src/stm32h7xx_it.o
                0x08007456                SysTick_Handler
 .text.EXTI0_IRQHandler
                0x08007462        0xe ./Core/Src/stm32h7xx_it.o
                0x08007462                EXTI0_IRQHandler
 .text.EXTI1_IRQHandler
                0x08007470        0xe ./Core/Src/stm32h7xx_it.o
                0x08007470                EXTI1_IRQHandler
 .text.EXTI2_IRQHandler
                0x0800747e        0xe ./Core/Src/stm32h7xx_it.o
                0x0800747e                EXTI2_IRQHandler
 .text.EXTI3_IRQHandler
                0x0800748c        0xe ./Core/Src/stm32h7xx_it.o
                0x0800748c                EXTI3_IRQHandler
 .text.EXTI4_IRQHandler
                0x0800749a        0xe ./Core/Src/stm32h7xx_it.o
                0x0800749a                EXTI4_IRQHandler
 .text.DMA1_Stream0_IRQHandler
                0x080074a8       0x14 ./Core/Src/stm32h7xx_it.o
                0x080074a8                DMA1_Stream0_IRQHandler
 .text.DMA1_Stream1_IRQHandler
                0x080074bc       0x14 ./Core/Src/stm32h7xx_it.o
                0x080074bc                DMA1_Stream1_IRQHandler
 .text.DMA1_Stream2_IRQHandler
                0x080074d0       0x14 ./Core/Src/stm32h7xx_it.o
                0x080074d0                DMA1_Stream2_IRQHandler
 .text.DMA1_Stream3_IRQHandler
                0x080074e4       0x14 ./Core/Src/stm32h7xx_it.o
                0x080074e4                DMA1_Stream3_IRQHandler
 .text.DMA1_Stream4_IRQHandler
                0x080074f8       0x14 ./Core/Src/stm32h7xx_it.o
                0x080074f8                DMA1_Stream4_IRQHandler
 .text.DMA1_Stream5_IRQHandler
                0x0800750c       0x14 ./Core/Src/stm32h7xx_it.o
                0x0800750c                DMA1_Stream5_IRQHandler
 .text.DMA1_Stream6_IRQHandler
                0x08007520       0x14 ./Core/Src/stm32h7xx_it.o
                0x08007520                DMA1_Stream6_IRQHandler
 .text.EXTI9_5_IRQHandler
                0x08007534       0x18 ./Core/Src/stm32h7xx_it.o
                0x08007534                EXTI9_5_IRQHandler
 .text.SPI1_IRQHandler
                0x0800754c       0x14 ./Core/Src/stm32h7xx_it.o
                0x0800754c                SPI1_IRQHandler
 .text.SPI2_IRQHandler
                0x08007560       0x14 ./Core/Src/stm32h7xx_it.o
                0x08007560                SPI2_IRQHandler
 .text.EXTI15_10_IRQHandler
                0x08007574       0x10 ./Core/Src/stm32h7xx_it.o
                0x08007574                EXTI15_10_IRQHandler
 .text.TIM6_DAC_IRQHandler
                0x08007584       0x14 ./Core/Src/stm32h7xx_it.o
                0x08007584                TIM6_DAC_IRQHandler
 .text.TIM7_IRQHandler
                0x08007598       0x14 ./Core/Src/stm32h7xx_it.o
                0x08007598                TIM7_IRQHandler
 .text.SPI4_IRQHandler
                0x080075ac       0x14 ./Core/Src/stm32h7xx_it.o
                0x080075ac                SPI4_IRQHandler
 .text.BDMA_Channel0_IRQHandler
                0x080075c0       0x14 ./Core/Src/stm32h7xx_it.o
                0x080075c0                BDMA_Channel0_IRQHandler
 .text._getpid  0x080075d4       0x10 ./Core/Src/syscalls.o
                0x080075d4                _getpid
 .text._kill    0x080075e4       0x20 ./Core/Src/syscalls.o
                0x080075e4                _kill
 .text._exit    0x08007604       0x16 ./Core/Src/syscalls.o
                0x08007604                _exit
 .text._read    0x0800761a       0x3a ./Core/Src/syscalls.o
                0x0800761a                _read
 .text._write   0x08007654       0x38 ./Core/Src/syscalls.o
                0x08007654                _write
 .text._close   0x0800768c       0x18 ./Core/Src/syscalls.o
                0x0800768c                _close
 .text._fstat   0x080076a4       0x20 ./Core/Src/syscalls.o
                0x080076a4                _fstat
 .text._isatty  0x080076c4       0x16 ./Core/Src/syscalls.o
                0x080076c4                _isatty
 .text._lseek   0x080076da       0x1a ./Core/Src/syscalls.o
                0x080076da                _lseek
 .text._sbrk    0x080076f4       0x6c ./Core/Src/sysmem.o
                0x080076f4                _sbrk
 .text.SystemInit
                0x08007760      0x120 ./Core/Src/system_stm32h7xx.o
                0x08007760                SystemInit
 .text.ExitRun0Mode
                0x08007880       0x30 ./Core/Src/system_stm32h7xx.o
                0x08007880                ExitRun0Mode
 .text.Reset_Handler
                0x080078b0       0x54 ./Core/Startup/startup_stm32h730vbtx.o
                0x080078b0                Reset_Handler
 .text.Default_Handler
                0x08007904        0x2 ./Core/Startup/startup_stm32h730vbtx.o
                0x08007904                RTC_Alarm_IRQHandler
                0x08007904                HASH_RNG_IRQHandler
                0x08007904                TIM8_CC_IRQHandler
                0x08007904                UART8_IRQHandler
                0x08007904                FDCAN3_IT0_IRQHandler
                0x08007904                TIM1_CC_IRQHandler
                0x08007904                BDMA_Channel6_IRQHandler
                0x08007904                DMA2_Stream5_IRQHandler
                0x08007904                CORDIC_IRQHandler
                0x08007904                BDMA_Channel1_IRQHandler
                0x08007904                TAMP_STAMP_IRQHandler
                0x08007904                LPTIM4_IRQHandler
                0x08007904                TIM8_TRG_COM_TIM14_IRQHandler
                0x08007904                LPTIM2_IRQHandler
                0x08007904                DFSDM1_FLT1_IRQHandler
                0x08007904                DMAMUX2_OVR_IRQHandler
                0x08007904                TIM8_UP_TIM13_IRQHandler
                0x08007904                I2C3_ER_IRQHandler
                0x08007904                DFSDM1_FLT2_IRQHandler
                0x08007904                I2C5_EV_IRQHandler
                0x08007904                USART10_IRQHandler
                0x08007904                MDMA_IRQHandler
                0x08007904                LPTIM3_IRQHandler
                0x08007904                HSEM1_IRQHandler
                0x08007904                I2C2_EV_IRQHandler
                0x08007904                FPU_IRQHandler
                0x08007904                OTG_HS_WKUP_IRQHandler
                0x08007904                FDCAN1_IT1_IRQHandler
                0x08007904                LTDC_ER_IRQHandler
                0x08007904                DMA2_Stream2_IRQHandler
                0x08007904                OCTOSPI1_IRQHandler
                0x08007904                DMA2_Stream3_IRQHandler
                0x08007904                OCTOSPI2_IRQHandler
                0x08007904                DFSDM1_FLT3_IRQHandler
                0x08007904                TIM23_IRQHandler
                0x08007904                USART6_IRQHandler
                0x08007904                TIM17_IRQHandler
                0x08007904                USART3_IRQHandler
                0x08007904                BDMA_Channel7_IRQHandler
                0x08007904                CRYP_IRQHandler
                0x08007904                LPTIM5_IRQHandler
                0x08007904                UART5_IRQHandler
                0x08007904                ADC3_IRQHandler
                0x08007904                DMA2_Stream0_IRQHandler
                0x08007904                TIM4_IRQHandler
                0x08007904                BDMA_Channel2_IRQHandler
                0x08007904                I2C1_EV_IRQHandler
                0x08007904                DMAMUX1_OVR_IRQHandler
                0x08007904                TIM16_IRQHandler
                0x08007904                UART4_IRQHandler
                0x08007904                BDMA_Channel5_IRQHandler
                0x08007904                TIM3_IRQHandler
                0x08007904                RCC_IRQHandler
                0x08007904                UART9_IRQHandler
                0x08007904                TIM8_BRK_TIM12_IRQHandler
                0x08007904                TIM1_TRG_COM_IRQHandler
                0x08007904                Default_Handler
                0x08007904                ECC_IRQHandler
                0x08007904                FMAC_IRQHandler
                0x08007904                CEC_IRQHandler
                0x08007904                ADC_IRQHandler
                0x08007904                I2C5_ER_IRQHandler
                0x08007904                OTFDEC1_IRQHandler
                0x08007904                DMA1_Stream7_IRQHandler
                0x08007904                SPI5_IRQHandler
                0x08007904                FDCAN3_IT1_IRQHandler
                0x08007904                SDMMC1_IRQHandler
                0x08007904                TIM5_IRQHandler
                0x08007904                DMA2_Stream7_IRQHandler
                0x08007904                TIM15_IRQHandler
                0x08007904                PVD_AVD_IRQHandler
                0x08007904                I2C3_EV_IRQHandler
                0x08007904                RTC_WKUP_IRQHandler
                0x08007904                LTDC_IRQHandler
                0x08007904                ETH_WKUP_IRQHandler
                0x08007904                SPDIF_RX_IRQHandler
                0x08007904                OTG_HS_EP1_IN_IRQHandler
                0x08007904                OTFDEC2_IRQHandler
                0x08007904                TIM24_IRQHandler
                0x08007904                CRS_IRQHandler
                0x08007904                FDCAN2_IT1_IRQHandler
                0x08007904                ETH_IRQHandler
                0x08007904                TIM1_UP_IRQHandler
                0x08007904                BDMA_Channel4_IRQHandler
                0x08007904                OTG_HS_EP1_OUT_IRQHandler
                0x08007904                WWDG_IRQHandler
                0x08007904                SPI6_IRQHandler
                0x08007904                MDIOS_IRQHandler
                0x08007904                I2C4_EV_IRQHandler
                0x08007904                FDCAN2_IT0_IRQHandler
                0x08007904                LPUART1_IRQHandler
                0x08007904                FDCAN1_IT0_IRQHandler
                0x08007904                TIM2_IRQHandler
                0x08007904                OTG_HS_IRQHandler
                0x08007904                DMA2D_IRQHandler
                0x08007904                TIM1_BRK_IRQHandler
                0x08007904                SDMMC2_IRQHandler
                0x08007904                BDMA_Channel3_IRQHandler
                0x08007904                DTS_IRQHandler
                0x08007904                UART7_IRQHandler
                0x08007904                MDIOS_WKUP_IRQHandler
                0x08007904                USART2_IRQHandler
                0x08007904                DFSDM1_FLT0_IRQHandler
                0x08007904                SAI4_IRQHandler
                0x08007904                I2C2_ER_IRQHandler
                0x08007904                DMA2_Stream1_IRQHandler
                0x08007904                FLASH_IRQHandler
                0x08007904                DMA2_Stream4_IRQHandler
                0x08007904                USART1_IRQHandler
                0x08007904                SPI3_IRQHandler
                0x08007904                WAKEUP_PIN_IRQHandler
                0x08007904                I2C1_ER_IRQHandler
                0x08007904                FMC_IRQHandler
                0x08007904                FDCAN_CAL_IRQHandler
                0x08007904                SWPMI1_IRQHandler
                0x08007904                COMP1_IRQHandler
                0x08007904                LPTIM1_IRQHandler
                0x08007904                DCMI_PSSI_IRQHandler
                0x08007904                I2C4_ER_IRQHandler
                0x08007904                DMA2_Stream6_IRQHandler
                0x08007904                SAI1_IRQHandler
 *fill*         0x08007906        0x2 
 .text.HAL_Init
                0x08007908       0x78 ./Drivers/STM32H7xx_HAL_Driver/Src/stm32h7xx_hal.o
                0x08007908                HAL_Init
 .text.HAL_InitTick
                0x08007980       0x6c ./Drivers/STM32H7xx_HAL_Driver/Src/stm32h7xx_hal.o
                0x08007980                HAL_InitTick
 .text.HAL_IncTick
                0x080079ec       0x28 ./Drivers/STM32H7xx_HAL_Driver/Src/stm32h7xx_hal.o
                0x080079ec                HAL_IncTick
 .text.HAL_GetTick
                0x08007a14       0x18 ./Drivers/STM32H7xx_HAL_Driver/Src/stm32h7xx_hal.o
                0x08007a14                HAL_GetTick
 .text.HAL_Delay
                0x08007a2c       0x48 ./Drivers/STM32H7xx_HAL_Driver/Src/stm32h7xx_hal.o
                0x08007a2c                HAL_Delay
 .text.HAL_SYSCFG_AnalogSwitchConfig
                0x08007a74       0x2c ./Drivers/STM32H7xx_HAL_Driver/Src/stm32h7xx_hal.o
                0x08007a74                HAL_SYSCFG_AnalogSwitchConfig
 .text.LL_ADC_SetCommonClock
                0x08007aa0       0x26 ./Drivers/STM32H7xx_HAL_Driver/Src/stm32h7xx_hal_adc.o
 .text.LL_ADC_SetCommonPathInternalCh
                0x08007ac6       0x26 ./Drivers/STM32H7xx_HAL_Driver/Src/stm32h7xx_hal_adc.o
 .text.LL_ADC_GetCommonPathInternalCh
                0x08007aec       0x1c ./Drivers/STM32H7xx_HAL_Driver/Src/stm32h7xx_hal_adc.o
 .text.LL_ADC_SetChannelPreselection
                0x08007b08       0x74 ./Drivers/STM32H7xx_HAL_Driver/Src/stm32h7xx_hal_adc.o
 .text.LL_ADC_SetOffset
                0x08007b7c       0x64 ./Drivers/STM32H7xx_HAL_Driver/Src/stm32h7xx_hal_adc.o
 .text.LL_ADC_GetOffsetChannel
                0x08007be0       0x2c ./Drivers/STM32H7xx_HAL_Driver/Src/stm32h7xx_hal_adc.o
 .text.LL_ADC_SetDataRightShift
                0x08007c0c       0x32 ./Drivers/STM32H7xx_HAL_Driver/Src/stm32h7xx_hal_adc.o
 *fill*         0x08007c3e        0x2 
 .text.LL_ADC_SetOffsetSignedSaturation
                0x08007c40       0x44 ./Drivers/STM32H7xx_HAL_Driver/Src/stm32h7xx_hal_adc.o
 .text.LL_ADC_SetOffsetSaturation
                0x08007c84       0x44 ./Drivers/STM32H7xx_HAL_Driver/Src/stm32h7xx_hal_adc.o
 .text.LL_ADC_SetOffsetSign
                0x08007cc8       0x44 ./Drivers/STM32H7xx_HAL_Driver/Src/stm32h7xx_hal_adc.o
 .text.LL_ADC_SetOffsetState
                0x08007d0c       0x54 ./Drivers/STM32H7xx_HAL_Driver/Src/stm32h7xx_hal_adc.o
 .text.LL_ADC_REG_IsTriggerSourceSWStart
                0x08007d60       0x26 ./Drivers/STM32H7xx_HAL_Driver/Src/stm32h7xx_hal_adc.o
 .text.LL_ADC_REG_SetSequencerRanks
                0x08007d86       0x58 ./Drivers/STM32H7xx_HAL_Driver/Src/stm32h7xx_hal_adc.o
 .text.LL_ADC_REG_SetDataTransferMode
                0x08007dde       0x26 ./Drivers/STM32H7xx_HAL_Driver/Src/stm32h7xx_hal_adc.o
 .text.LL_ADC_EnableDMAReq
                0x08007e04       0x20 ./Drivers/STM32H7xx_HAL_Driver/Src/stm32h7xx_hal_adc.o
 .text.LL_ADC_REG_SetDMATransferMode
                0x08007e24       0x34 ./Drivers/STM32H7xx_HAL_Driver/Src/stm32h7xx_hal_adc.o
 .text.LL_ADC_SetChannelSamplingTime
                0x08007e58       0x56 ./Drivers/STM32H7xx_HAL_Driver/Src/stm32h7xx_hal_adc.o
 *fill*         0x08007eae        0x2 
 .text.LL_ADC_SetChannelSingleDiff
                0x08007eb0       0x80 ./Drivers/STM32H7xx_HAL_Driver/Src/stm32h7xx_hal_adc.o
 .text.LL_ADC_GetMultimode
                0x08007f30       0x1c ./Drivers/STM32H7xx_HAL_Driver/Src/stm32h7xx_hal_adc.o
 .text.LL_ADC_DisableDeepPowerDown
                0x08007f4c       0x24 ./Drivers/STM32H7xx_HAL_Driver/Src/stm32h7xx_hal_adc.o
 .text.LL_ADC_IsDeepPowerDownEnabled
                0x08007f70       0x28 ./Drivers/STM32H7xx_HAL_Driver/Src/stm32h7xx_hal_adc.o
 .text.LL_ADC_EnableInternalRegulator
                0x08007f98       0x28 ./Drivers/STM32H7xx_HAL_Driver/Src/stm32h7xx_hal_adc.o
 .text.LL_ADC_IsInternalRegulatorEnabled
                0x08007fc0       0x28 ./Drivers/STM32H7xx_HAL_Driver/Src/stm32h7xx_hal_adc.o
 .text.LL_ADC_Enable
                0x08007fe8       0x28 ./Drivers/STM32H7xx_HAL_Driver/Src/stm32h7xx_hal_adc.o
 .text.LL_ADC_IsEnabled
                0x08008010       0x26 ./Drivers/STM32H7xx_HAL_Driver/Src/stm32h7xx_hal_adc.o
 *fill*         0x08008036        0x2 
 .text.LL_ADC_REG_StartConversion
                0x08008038       0x28 ./Drivers/STM32H7xx_HAL_Driver/Src/stm32h7xx_hal_adc.o
 .text.LL_ADC_REG_IsConversionOngoing
                0x08008060       0x26 ./Drivers/STM32H7xx_HAL_Driver/Src/stm32h7xx_hal_adc.o
 .text.LL_ADC_INJ_IsConversionOngoing
                0x08008086       0x26 ./Drivers/STM32H7xx_HAL_Driver/Src/stm32h7xx_hal_adc.o
 .text.HAL_ADC_Init
                0x080080ac      0x410 ./Drivers/STM32H7xx_HAL_Driver/Src/stm32h7xx_hal_adc.o
                0x080080ac                HAL_ADC_Init
 .text.HAL_ADC_Start_DMA
                0x080084bc      0x1b8 ./Drivers/STM32H7xx_HAL_Driver/Src/stm32h7xx_hal_adc.o
                0x080084bc                HAL_ADC_Start_DMA
 .text.HAL_ADC_ConvCpltCallback
                0x08008674       0x14 ./Drivers/STM32H7xx_HAL_Driver/Src/stm32h7xx_hal_adc.o
                0x08008674                HAL_ADC_ConvCpltCallback
 .text.HAL_ADC_ConvHalfCpltCallback
                0x08008688       0x14 ./Drivers/STM32H7xx_HAL_Driver/Src/stm32h7xx_hal_adc.o
                0x08008688                HAL_ADC_ConvHalfCpltCallback
 .text.HAL_ADC_ErrorCallback
                0x0800869c       0x14 ./Drivers/STM32H7xx_HAL_Driver/Src/stm32h7xx_hal_adc.o
                0x0800869c                HAL_ADC_ErrorCallback
 .text.HAL_ADC_ConfigChannel
                0x080086b0      0x9a8 ./Drivers/STM32H7xx_HAL_Driver/Src/stm32h7xx_hal_adc.o
                0x080086b0                HAL_ADC_ConfigChannel
 .text.ADC_Enable
                0x08009058      0x114 ./Drivers/STM32H7xx_HAL_Driver/Src/stm32h7xx_hal_adc.o
                0x08009058                ADC_Enable
 .text.ADC_DMAConvCplt
                0x0800916c       0xd8 ./Drivers/STM32H7xx_HAL_Driver/Src/stm32h7xx_hal_adc.o
                0x0800916c                ADC_DMAConvCplt
 .text.ADC_DMAHalfConvCplt
                0x08009244       0x1c ./Drivers/STM32H7xx_HAL_Driver/Src/stm32h7xx_hal_adc.o
                0x08009244                ADC_DMAHalfConvCplt
 .text.ADC_DMAError
                0x08009260       0x34 ./Drivers/STM32H7xx_HAL_Driver/Src/stm32h7xx_hal_adc.o
                0x08009260                ADC_DMAError
 .text.ADC_ConfigureBoostMode
                0x08009294      0x1dc ./Drivers/STM32H7xx_HAL_Driver/Src/stm32h7xx_hal_adc.o
                0x08009294                ADC_ConfigureBoostMode
 .text.LL_ADC_IsEnabled
                0x08009470       0x26 ./Drivers/STM32H7xx_HAL_Driver/Src/stm32h7xx_hal_adc_ex.o
 .text.LL_ADC_REG_IsConversionOngoing
                0x08009496       0x26 ./Drivers/STM32H7xx_HAL_Driver/Src/stm32h7xx_hal_adc_ex.o
 .text.HAL_ADCEx_MultiModeConfigChannel
                0x080094bc      0x1c4 ./Drivers/STM32H7xx_HAL_Driver/Src/stm32h7xx_hal_adc_ex.o
                0x080094bc                HAL_ADCEx_MultiModeConfigChannel
 .text.__NVIC_SetPriorityGrouping
                0x08009680       0x48 ./Drivers/STM32H7xx_HAL_Driver/Src/stm32h7xx_hal_cortex.o
 .text.__NVIC_GetPriorityGrouping
                0x080096c8       0x1c ./Drivers/STM32H7xx_HAL_Driver/Src/stm32h7xx_hal_cortex.o
 .text.__NVIC_EnableIRQ
                0x080096e4       0x3c ./Drivers/STM32H7xx_HAL_Driver/Src/stm32h7xx_hal_cortex.o
 .text.__NVIC_SetPriority
                0x08009720       0x54 ./Drivers/STM32H7xx_HAL_Driver/Src/stm32h7xx_hal_cortex.o
 .text.NVIC_EncodePriority
                0x08009774       0x66 ./Drivers/STM32H7xx_HAL_Driver/Src/stm32h7xx_hal_cortex.o
 *fill*         0x080097da        0x2 
 .text.SysTick_Config
                0x080097dc       0x44 ./Drivers/STM32H7xx_HAL_Driver/Src/stm32h7xx_hal_cortex.o
 .text.HAL_NVIC_SetPriorityGrouping
                0x08009820       0x16 ./Drivers/STM32H7xx_HAL_Driver/Src/stm32h7xx_hal_cortex.o
                0x08009820                HAL_NVIC_SetPriorityGrouping
 .text.HAL_NVIC_SetPriority
                0x08009836       0x34 ./Drivers/STM32H7xx_HAL_Driver/Src/stm32h7xx_hal_cortex.o
                0x08009836                HAL_NVIC_SetPriority
 .text.HAL_NVIC_EnableIRQ
                0x0800986a       0x1c ./Drivers/STM32H7xx_HAL_Driver/Src/stm32h7xx_hal_cortex.o
                0x0800986a                HAL_NVIC_EnableIRQ
 .text.HAL_SYSTICK_Config
                0x08009886       0x18 ./Drivers/STM32H7xx_HAL_Driver/Src/stm32h7xx_hal_cortex.o
                0x08009886                HAL_SYSTICK_Config
 *fill*         0x0800989e        0x2 
 .text.HAL_MPU_Disable
                0x080098a0       0x30 ./Drivers/STM32H7xx_HAL_Driver/Src/stm32h7xx_hal_cortex.o
                0x080098a0                HAL_MPU_Disable
 .text.HAL_MPU_Enable
                0x080098d0       0x40 ./Drivers/STM32H7xx_HAL_Driver/Src/stm32h7xx_hal_cortex.o
                0x080098d0                HAL_MPU_Enable
 .text.HAL_MPU_ConfigRegion
                0x08009910       0x80 ./Drivers/STM32H7xx_HAL_Driver/Src/stm32h7xx_hal_cortex.o
                0x08009910                HAL_MPU_ConfigRegion
 .text.HAL_DMA_Init
                0x08009990      0x6b0 ./Drivers/STM32H7xx_HAL_Driver/Src/stm32h7xx_hal_dma.o
                0x08009990                HAL_DMA_Init
 .text.HAL_DMA_Start_IT
                0x0800a040      0x4d4 ./Drivers/STM32H7xx_HAL_Driver/Src/stm32h7xx_hal_dma.o
                0x0800a040                HAL_DMA_Start_IT
 .text.HAL_DMA_Abort
                0x0800a514      0x63c ./Drivers/STM32H7xx_HAL_Driver/Src/stm32h7xx_hal_dma.o
                0x0800a514                HAL_DMA_Abort
 .text.HAL_DMA_Abort_IT
                0x0800ab50      0x48c ./Drivers/STM32H7xx_HAL_Driver/Src/stm32h7xx_hal_dma.o
                0x0800ab50                HAL_DMA_Abort_IT
 .text.HAL_DMA_IRQHandler
                0x0800afdc      0xe54 ./Drivers/STM32H7xx_HAL_Driver/Src/stm32h7xx_hal_dma.o
                0x0800afdc                HAL_DMA_IRQHandler
 .text.HAL_DMA_GetError
                0x0800be30       0x18 ./Drivers/STM32H7xx_HAL_Driver/Src/stm32h7xx_hal_dma.o
                0x0800be30                HAL_DMA_GetError
 .text.DMA_SetConfig
                0x0800be48      0x358 ./Drivers/STM32H7xx_HAL_Driver/Src/stm32h7xx_hal_dma.o
 .text.DMA_CalcBaseAndBitshift
                0x0800c1a0      0x164 ./Drivers/STM32H7xx_HAL_Driver/Src/stm32h7xx_hal_dma.o
 .text.DMA_CheckFifoParam
                0x0800c304       0xf8 ./Drivers/STM32H7xx_HAL_Driver/Src/stm32h7xx_hal_dma.o
 .text.DMA_CalcDMAMUXChannelBaseAndMask
                0x0800c3fc      0x134 ./Drivers/STM32H7xx_HAL_Driver/Src/stm32h7xx_hal_dma.o
 .text.DMA_CalcDMAMUXRequestGenBaseAndMask
                0x0800c530       0xe8 ./Drivers/STM32H7xx_HAL_Driver/Src/stm32h7xx_hal_dma.o
 .text.HAL_GPIO_Init
                0x0800c618      0x350 ./Drivers/STM32H7xx_HAL_Driver/Src/stm32h7xx_hal_gpio.o
                0x0800c618                HAL_GPIO_Init
 .text.HAL_GPIO_ReadPin
                0x0800c968       0x30 ./Drivers/STM32H7xx_HAL_Driver/Src/stm32h7xx_hal_gpio.o
                0x0800c968                HAL_GPIO_ReadPin
 .text.HAL_GPIO_WritePin
                0x0800c998       0x32 ./Drivers/STM32H7xx_HAL_Driver/Src/stm32h7xx_hal_gpio.o
                0x0800c998                HAL_GPIO_WritePin
 .text.HAL_GPIO_EXTI_IRQHandler
                0x0800c9ca       0x34 ./Drivers/STM32H7xx_HAL_Driver/Src/stm32h7xx_hal_gpio.o
                0x0800c9ca                HAL_GPIO_EXTI_IRQHandler
 *fill*         0x0800c9fe        0x2 
 .text.HAL_OSPI_Init
                0x0800ca00      0x178 ./Drivers/STM32H7xx_HAL_Driver/Src/stm32h7xx_hal_ospi.o
                0x0800ca00                HAL_OSPI_Init
 .text.HAL_OSPI_Command
                0x0800cb78      0x11a ./Drivers/STM32H7xx_HAL_Driver/Src/stm32h7xx_hal_ospi.o
                0x0800cb78                HAL_OSPI_Command
 .text.HAL_OSPI_Transmit
                0x0800cc92       0xe6 ./Drivers/STM32H7xx_HAL_Driver/Src/stm32h7xx_hal_ospi.o
                0x0800cc92                HAL_OSPI_Transmit
 .text.HAL_OSPI_Receive
                0x0800cd78      0x146 ./Drivers/STM32H7xx_HAL_Driver/Src/stm32h7xx_hal_ospi.o
                0x0800cd78                HAL_OSPI_Receive
 .text.HAL_OSPI_SetTimeout
                0x0800cebe       0x1e ./Drivers/STM32H7xx_HAL_Driver/Src/stm32h7xx_hal_ospi.o
                0x0800cebe                HAL_OSPI_SetTimeout
 .text.HAL_OSPIM_Config
                0x0800cedc      0x9d8 ./Drivers/STM32H7xx_HAL_Driver/Src/stm32h7xx_hal_ospi.o
                0x0800cedc                HAL_OSPIM_Config
 .text.OSPI_WaitFlagStateUntilTimeout
                0x0800d8b4       0x6e ./Drivers/STM32H7xx_HAL_Driver/Src/stm32h7xx_hal_ospi.o
 *fill*         0x0800d922        0x2 
 .text.OSPI_ConfigCmd
                0x0800d924      0x2f4 ./Drivers/STM32H7xx_HAL_Driver/Src/stm32h7xx_hal_ospi.o
 .text.OSPIM_GetConfig
                0x0800dc18      0x174 ./Drivers/STM32H7xx_HAL_Driver/Src/stm32h7xx_hal_ospi.o
 .text.HAL_PCD_Init
                0x0800dd8c      0x218 ./Drivers/STM32H7xx_HAL_Driver/Src/stm32h7xx_hal_pcd.o
                0x0800dd8c                HAL_PCD_Init
 .text.HAL_PCDEx_ActivateLPM
                0x0800dfa4       0x48 ./Drivers/STM32H7xx_HAL_Driver/Src/stm32h7xx_hal_pcd_ex.o
                0x0800dfa4                HAL_PCDEx_ActivateLPM
 .text.HAL_PWREx_ConfigSupply
                0x0800dfec       0x74 ./Drivers/STM32H7xx_HAL_Driver/Src/stm32h7xx_hal_pwr_ex.o
                0x0800dfec                HAL_PWREx_ConfigSupply
 .text.HAL_PWREx_EnableUSBVoltageDetector
                0x0800e060       0x20 ./Drivers/STM32H7xx_HAL_Driver/Src/stm32h7xx_hal_pwr_ex.o
                0x0800e060                HAL_PWREx_EnableUSBVoltageDetector
 .text.HAL_RCC_OscConfig
                0x0800e080      0x7b4 ./Drivers/STM32H7xx_HAL_Driver/Src/stm32h7xx_hal_rcc.o
                0x0800e080                HAL_RCC_OscConfig
 .text.HAL_RCC_ClockConfig
                0x0800e834      0x36c ./Drivers/STM32H7xx_HAL_Driver/Src/stm32h7xx_hal_rcc.o
                0x0800e834                HAL_RCC_ClockConfig
 .text.HAL_RCC_GetSysClockFreq
                0x0800eba0      0x2f4 ./Drivers/STM32H7xx_HAL_Driver/Src/stm32h7xx_hal_rcc.o
                0x0800eba0                HAL_RCC_GetSysClockFreq
 .text.HAL_RCC_GetHCLKFreq
                0x0800ee94       0x60 ./Drivers/STM32H7xx_HAL_Driver/Src/stm32h7xx_hal_rcc.o
                0x0800ee94                HAL_RCC_GetHCLKFreq
 .text.HAL_RCC_GetPCLK1Freq
                0x0800eef4       0x2c ./Drivers/STM32H7xx_HAL_Driver/Src/stm32h7xx_hal_rcc.o
                0x0800eef4                HAL_RCC_GetPCLK1Freq
 .text.HAL_RCC_GetPCLK2Freq
                0x0800ef20       0x2c ./Drivers/STM32H7xx_HAL_Driver/Src/stm32h7xx_hal_rcc.o
                0x0800ef20                HAL_RCC_GetPCLK2Freq
 .text.HAL_RCCEx_PeriphCLKConfig
                0x0800ef4c     0x1340 ./Drivers/STM32H7xx_HAL_Driver/Src/stm32h7xx_hal_rcc_ex.o
                0x0800ef4c                HAL_RCCEx_PeriphCLKConfig
 .text.HAL_RCCEx_GetPeriphCLKFreq
                0x0801028c      0x9a4 ./Drivers/STM32H7xx_HAL_Driver/Src/stm32h7xx_hal_rcc_ex.o
                0x0801028c                HAL_RCCEx_GetPeriphCLKFreq
 .text.HAL_RCCEx_GetD3PCLK1Freq
                0x08010c30       0x2c ./Drivers/STM32H7xx_HAL_Driver/Src/stm32h7xx_hal_rcc_ex.o
                0x08010c30                HAL_RCCEx_GetD3PCLK1Freq
 .text.HAL_RCCEx_GetPLL2ClockFreq
                0x08010c5c      0x2a8 ./Drivers/STM32H7xx_HAL_Driver/Src/stm32h7xx_hal_rcc_ex.o
                0x08010c5c                HAL_RCCEx_GetPLL2ClockFreq
 .text.HAL_RCCEx_GetPLL3ClockFreq
                0x08010f04      0x2a8 ./Drivers/STM32H7xx_HAL_Driver/Src/stm32h7xx_hal_rcc_ex.o
                0x08010f04                HAL_RCCEx_GetPLL3ClockFreq
 .text.HAL_RCCEx_GetPLL1ClockFreq
                0x080111ac      0x2a4 ./Drivers/STM32H7xx_HAL_Driver/Src/stm32h7xx_hal_rcc_ex.o
                0x080111ac                HAL_RCCEx_GetPLL1ClockFreq
 .text.RCCEx_PLL2_Config
                0x08011450      0x164 ./Drivers/STM32H7xx_HAL_Driver/Src/stm32h7xx_hal_rcc_ex.o
 .text.RCCEx_PLL3_Config
                0x080115b4      0x164 ./Drivers/STM32H7xx_HAL_Driver/Src/stm32h7xx_hal_rcc_ex.o
 .text.HAL_SPI_Init
                0x08011718      0x248 ./Drivers/STM32H7xx_HAL_Driver/Src/stm32h7xx_hal_spi.o
                0x08011718                HAL_SPI_Init
 .text.HAL_SPI_Transmit
                0x08011960      0x3dc ./Drivers/STM32H7xx_HAL_Driver/Src/stm32h7xx_hal_spi.o
                0x08011960                HAL_SPI_Transmit
 .text.HAL_SPI_Receive
                0x08011d3c      0x4e4 ./Drivers/STM32H7xx_HAL_Driver/Src/stm32h7xx_hal_spi.o
                0x08011d3c                HAL_SPI_Receive
 .text.HAL_SPI_TransmitReceive_DMA
                0x08012220      0x370 ./Drivers/STM32H7xx_HAL_Driver/Src/stm32h7xx_hal_spi.o
                0x08012220                HAL_SPI_TransmitReceive_DMA
 .text.HAL_SPI_IRQHandler
                0x08012590      0x39c ./Drivers/STM32H7xx_HAL_Driver/Src/stm32h7xx_hal_spi.o
                0x08012590                HAL_SPI_IRQHandler
 .text.HAL_SPI_TxCpltCallback
                0x0801292c       0x14 ./Drivers/STM32H7xx_HAL_Driver/Src/stm32h7xx_hal_spi.o
                0x0801292c                HAL_SPI_TxCpltCallback
 .text.HAL_SPI_RxCpltCallback
                0x08012940       0x14 ./Drivers/STM32H7xx_HAL_Driver/Src/stm32h7xx_hal_spi.o
                0x08012940                HAL_SPI_RxCpltCallback
 .text.HAL_SPI_TxRxHalfCpltCallback
                0x08012954       0x14 ./Drivers/STM32H7xx_HAL_Driver/Src/stm32h7xx_hal_spi.o
                0x08012954                HAL_SPI_TxRxHalfCpltCallback
 .text.HAL_SPI_ErrorCallback
                0x08012968       0x14 ./Drivers/STM32H7xx_HAL_Driver/Src/stm32h7xx_hal_spi.o
                0x08012968                HAL_SPI_ErrorCallback
 .text.HAL_SPI_SuspendCallback
                0x0801297c       0x14 ./Drivers/STM32H7xx_HAL_Driver/Src/stm32h7xx_hal_spi.o
                0x0801297c                HAL_SPI_SuspendCallback
 .text.SPI_DMATransmitReceiveCplt
                0x08012990       0x46 ./Drivers/STM32H7xx_HAL_Driver/Src/stm32h7xx_hal_spi.o
 .text.SPI_DMAHalfTransmitReceiveCplt
                0x080129d6       0x1c ./Drivers/STM32H7xx_HAL_Driver/Src/stm32h7xx_hal_spi.o
 .text.SPI_DMAError
                0x080129f2       0x46 ./Drivers/STM32H7xx_HAL_Driver/Src/stm32h7xx_hal_spi.o
 .text.SPI_DMAAbortOnError
                0x08012a38       0x34 ./Drivers/STM32H7xx_HAL_Driver/Src/stm32h7xx_hal_spi.o
 .text.SPI_CloseTransfer
                0x08012a6c      0x140 ./Drivers/STM32H7xx_HAL_Driver/Src/stm32h7xx_hal_spi.o
 .text.SPI_WaitOnFlagUntilTimeout
                0x08012bac       0x5c ./Drivers/STM32H7xx_HAL_Driver/Src/stm32h7xx_hal_spi.o
 .text.SPI_GetPacketSize
                0x08012c08       0x36 ./Drivers/STM32H7xx_HAL_Driver/Src/stm32h7xx_hal_spi.o
 .text.HAL_TIM_Base_Init
                0x08012c3e       0xae ./Drivers/STM32H7xx_HAL_Driver/Src/stm32h7xx_hal_tim.o
                0x08012c3e                HAL_TIM_Base_Init
 .text.HAL_TIM_Base_Start_IT
                0x08012cec      0x10c ./Drivers/STM32H7xx_HAL_Driver/Src/stm32h7xx_hal_tim.o
                0x08012cec                HAL_TIM_Base_Start_IT
 .text.HAL_TIM_PWM_Init
                0x08012df8       0xae ./Drivers/STM32H7xx_HAL_Driver/Src/stm32h7xx_hal_tim.o
                0x08012df8                HAL_TIM_PWM_Init
 .text.HAL_TIM_PWM_MspInit
                0x08012ea6       0x14 ./Drivers/STM32H7xx_HAL_Driver/Src/stm32h7xx_hal_tim.o
                0x08012ea6                HAL_TIM_PWM_MspInit
 *fill*         0x08012eba        0x2 
 .text.HAL_TIM_PWM_Start
                0x08012ebc      0x238 ./Drivers/STM32H7xx_HAL_Driver/Src/stm32h7xx_hal_tim.o
                0x08012ebc                HAL_TIM_PWM_Start
 .text.HAL_TIM_IRQHandler
                0x080130f4      0x20e ./Drivers/STM32H7xx_HAL_Driver/Src/stm32h7xx_hal_tim.o
                0x080130f4                HAL_TIM_IRQHandler
 *fill*         0x08013302        0x2 
 .text.HAL_TIM_PWM_ConfigChannel
                0x08013304      0x228 ./Drivers/STM32H7xx_HAL_Driver/Src/stm32h7xx_hal_tim.o
                0x08013304                HAL_TIM_PWM_ConfigChannel
 .text.HAL_TIM_ConfigClockSource
                0x0801352c      0x1f0 ./Drivers/STM32H7xx_HAL_Driver/Src/stm32h7xx_hal_tim.o
                0x0801352c                HAL_TIM_ConfigClockSource
 .text.HAL_TIM_OC_DelayElapsedCallback
                0x0801371c       0x14 ./Drivers/STM32H7xx_HAL_Driver/Src/stm32h7xx_hal_tim.o
                0x0801371c                HAL_TIM_OC_DelayElapsedCallback
 .text.HAL_TIM_IC_CaptureCallback
                0x08013730       0x14 ./Drivers/STM32H7xx_HAL_Driver/Src/stm32h7xx_hal_tim.o
                0x08013730                HAL_TIM_IC_CaptureCallback
 .text.HAL_TIM_PWM_PulseFinishedCallback
                0x08013744       0x14 ./Drivers/STM32H7xx_HAL_Driver/Src/stm32h7xx_hal_tim.o
                0x08013744                HAL_TIM_PWM_PulseFinishedCallback
 .text.HAL_TIM_TriggerCallback
                0x08013758       0x14 ./Drivers/STM32H7xx_HAL_Driver/Src/stm32h7xx_hal_tim.o
                0x08013758                HAL_TIM_TriggerCallback
 .text.TIM_Base_SetConfig
                0x0801376c      0x158 ./Drivers/STM32H7xx_HAL_Driver/Src/stm32h7xx_hal_tim.o
                0x0801376c                TIM_Base_SetConfig
 .text.TIM_OC1_SetConfig
                0x080138c4      0x120 ./Drivers/STM32H7xx_HAL_Driver/Src/stm32h7xx_hal_tim.o
 .text.TIM_OC2_SetConfig
                0x080139e4      0x114 ./Drivers/STM32H7xx_HAL_Driver/Src/stm32h7xx_hal_tim.o
                0x080139e4                TIM_OC2_SetConfig
 .text.TIM_OC3_SetConfig
                0x08013af8      0x110 ./Drivers/STM32H7xx_HAL_Driver/Src/stm32h7xx_hal_tim.o
 .text.TIM_OC4_SetConfig
                0x08013c08       0xd4 ./Drivers/STM32H7xx_HAL_Driver/Src/stm32h7xx_hal_tim.o
 .text.TIM_OC5_SetConfig
                0x08013cdc       0xc8 ./Drivers/STM32H7xx_HAL_Driver/Src/stm32h7xx_hal_tim.o
 .text.TIM_OC6_SetConfig
                0x08013da4       0xcc ./Drivers/STM32H7xx_HAL_Driver/Src/stm32h7xx_hal_tim.o
 .text.TIM_TI1_ConfigInputStage
                0x08013e70       0x5e ./Drivers/STM32H7xx_HAL_Driver/Src/stm32h7xx_hal_tim.o
 .text.TIM_TI2_ConfigInputStage
                0x08013ece       0x60 ./Drivers/STM32H7xx_HAL_Driver/Src/stm32h7xx_hal_tim.o
 *fill*         0x08013f2e        0x2 
 .text.TIM_ITRx_SetConfig
                0x08013f30       0x3c ./Drivers/STM32H7xx_HAL_Driver/Src/stm32h7xx_hal_tim.o
 .text.TIM_ETR_SetConfig
                0x08013f6c       0x40 ./Drivers/STM32H7xx_HAL_Driver/Src/stm32h7xx_hal_tim.o
                0x08013f6c                TIM_ETR_SetConfig
 .text.TIM_CCxChannelCmd
                0x08013fac       0x4a ./Drivers/STM32H7xx_HAL_Driver/Src/stm32h7xx_hal_tim.o
                0x08013fac                TIM_CCxChannelCmd
 *fill*         0x08013ff6        0x2 
 .text.HAL_TIMEx_MasterConfigSynchronization
                0x08013ff8      0x138 ./Drivers/STM32H7xx_HAL_Driver/Src/stm32h7xx_hal_tim_ex.o
                0x08013ff8                HAL_TIMEx_MasterConfigSynchronization
 .text.HAL_TIMEx_ConfigBreakDeadTime
                0x08014130      0x118 ./Drivers/STM32H7xx_HAL_Driver/Src/stm32h7xx_hal_tim_ex.o
                0x08014130                HAL_TIMEx_ConfigBreakDeadTime
 .text.HAL_TIMEx_CommutCallback
                0x08014248       0x14 ./Drivers/STM32H7xx_HAL_Driver/Src/stm32h7xx_hal_tim_ex.o
                0x08014248                HAL_TIMEx_CommutCallback
 .text.HAL_TIMEx_BreakCallback
                0x0801425c       0x14 ./Drivers/STM32H7xx_HAL_Driver/Src/stm32h7xx_hal_tim_ex.o
                0x0801425c                HAL_TIMEx_BreakCallback
 .text.HAL_TIMEx_Break2Callback
                0x08014270       0x14 ./Drivers/STM32H7xx_HAL_Driver/Src/stm32h7xx_hal_tim_ex.o
                0x08014270                HAL_TIMEx_Break2Callback
 .text.HAL_UART_Init
                0x08014284       0xa0 ./Drivers/STM32H7xx_HAL_Driver/Src/stm32h7xx_hal_uart.o
                0x08014284                HAL_UART_Init
 .text.HAL_UART_Transmit
                0x08014324      0x11c ./Drivers/STM32H7xx_HAL_Driver/Src/stm32h7xx_hal_uart.o
                0x08014324                HAL_UART_Transmit
 .text.UART_SetConfig
                0x08014440      0xcd8 ./Drivers/STM32H7xx_HAL_Driver/Src/stm32h7xx_hal_uart.o
                0x08014440                UART_SetConfig
 .text.UART_AdvFeatureConfig
                0x08015118      0x144 ./Drivers/STM32H7xx_HAL_Driver/Src/stm32h7xx_hal_uart.o
                0x08015118                UART_AdvFeatureConfig
 .text.UART_CheckIdleState
                0x0801525c      0x154 ./Drivers/STM32H7xx_HAL_Driver/Src/stm32h7xx_hal_uart.o
                0x0801525c                UART_CheckIdleState
 .text.UART_WaitOnFlagUntilTimeout
                0x080153b0       0xda ./Drivers/STM32H7xx_HAL_Driver/Src/stm32h7xx_hal_uart.o
                0x080153b0                UART_WaitOnFlagUntilTimeout
 *fill*         0x0801548a        0x2 
 .text.UART_EndRxTransfer
                0x0801548c       0xcc ./Drivers/STM32H7xx_HAL_Driver/Src/stm32h7xx_hal_uart.o
 .text.HAL_UARTEx_DisableFifoMode
                0x08015558       0x72 ./Drivers/STM32H7xx_HAL_Driver/Src/stm32h7xx_hal_uart_ex.o
                0x08015558                HAL_UARTEx_DisableFifoMode
 .text.HAL_UARTEx_SetTxFifoThreshold
                0x080155ca       0x7c ./Drivers/STM32H7xx_HAL_Driver/Src/stm32h7xx_hal_uart_ex.o
                0x080155ca                HAL_UARTEx_SetTxFifoThreshold
 .text.HAL_UARTEx_SetRxFifoThreshold
                0x08015646       0x7c ./Drivers/STM32H7xx_HAL_Driver/Src/stm32h7xx_hal_uart_ex.o
                0x08015646                HAL_UARTEx_SetRxFifoThreshold
 *fill*         0x080156c2        0x2 
 .text.UARTEx_SetNbDataToProcess
                0x080156c4       0x9c ./Drivers/STM32H7xx_HAL_Driver/Src/stm32h7xx_hal_uart_ex.o
 .text.USB_CoreInit
                0x08015760       0xe4 ./Drivers/STM32H7xx_HAL_Driver/Src/stm32h7xx_ll_usb.o
                0x08015760                USB_CoreInit
 .text.USB_DisableGlobalInt
                0x08015844       0x22 ./Drivers/STM32H7xx_HAL_Driver/Src/stm32h7xx_ll_usb.o
                0x08015844                USB_DisableGlobalInt
 .text.USB_SetCurrentMode
                0x08015866       0x98 ./Drivers/STM32H7xx_HAL_Driver/Src/stm32h7xx_ll_usb.o
                0x08015866                USB_SetCurrentMode
 *fill*         0x080158fe        0x2 
 .text.USB_DevInit
                0x08015900      0x2bc ./Drivers/STM32H7xx_HAL_Driver/Src/stm32h7xx_ll_usb.o
                0x08015900                USB_DevInit
 .text.USB_FlushTxFifo
                0x08015bbc       0x64 ./Drivers/STM32H7xx_HAL_Driver/Src/stm32h7xx_ll_usb.o
                0x08015bbc                USB_FlushTxFifo
 .text.USB_FlushRxFifo
                0x08015c20       0x5c ./Drivers/STM32H7xx_HAL_Driver/Src/stm32h7xx_ll_usb.o
                0x08015c20                USB_FlushRxFifo
 .text.USB_SetDevSpeed
                0x08015c7c       0x32 ./Drivers/STM32H7xx_HAL_Driver/Src/stm32h7xx_ll_usb.o
                0x08015c7c                USB_SetDevSpeed
 .text.USB_DevDisconnect
                0x08015cae       0x42 ./Drivers/STM32H7xx_HAL_Driver/Src/stm32h7xx_ll_usb.o
                0x08015cae                USB_DevDisconnect
 .text.USB_GetMode
                0x08015cf0       0x1c ./Drivers/STM32H7xx_HAL_Driver/Src/stm32h7xx_ll_usb.o
                0x08015cf0                USB_GetMode
 .text.USB_CoreReset
                0x08015d0c       0x62 ./Drivers/STM32H7xx_HAL_Driver/Src/stm32h7xx_ll_usb.o
 *fill*         0x08015d6e        0x2 
 .text.__assert_func
                0x08015d70       0x3c C:/ST/STM32CubeIDE_2.0.0/STM32CubeIDE/plugins/com.st.stm32cube.ide.mcu.externaltools.gnu-tools-for-stm32.13.3.rel1.win32_1.0.100.202509120712/tools/bin/../lib/gcc/arm-none-eabi/13.3.1/../../../../arm-none-eabi/lib/thumb/v7e-m+dp/hard\libc_nano.a(libc_a-assert.o)
                0x08015d70                __assert_func
 .text.__cvt    0x08015dac       0xa8 C:/ST/STM32CubeIDE_2.0.0/STM32CubeIDE/plugins/com.st.stm32cube.ide.mcu.externaltools.gnu-tools-for-stm32.13.3.rel1.win32_1.0.100.202509120712/tools/bin/../lib/gcc/arm-none-eabi/13.3.1/../../../../arm-none-eabi/lib/thumb/v7e-m+dp/hard\libc_nano.a(libc_a-nano-vfprintf_float.o)
                0x08015dac                __cvt
 .text.__exponent
                0x08015e54       0x74 C:/ST/STM32CubeIDE_2.0.0/STM32CubeIDE/plugins/com.st.stm32cube.ide.mcu.externaltools.gnu-tools-for-stm32.13.3.rel1.win32_1.0.100.202509120712/tools/bin/../lib/gcc/arm-none-eabi/13.3.1/../../../../arm-none-eabi/lib/thumb/v7e-m+dp/hard\libc_nano.a(libc_a-nano-vfprintf_float.o)
                0x08015e54                __exponent
 .text._printf_float
                0x08015ec8      0x434 C:/ST/STM32CubeIDE_2.0.0/STM32CubeIDE/plugins/com.st.stm32cube.ide.mcu.externaltools.gnu-tools-for-stm32.13.3.rel1.win32_1.0.100.202509120712/tools/bin/../lib/gcc/arm-none-eabi/13.3.1/../../../../arm-none-eabi/lib/thumb/v7e-m+dp/hard\libc_nano.a(libc_a-nano-vfprintf_float.o)
                0x08015ec8                _printf_float
 .text._printf_common
                0x080162fc       0xda C:/ST/STM32CubeIDE_2.0.0/STM32CubeIDE/plugins/com.st.stm32cube.ide.mcu.externaltools.gnu-tools-for-stm32.13.3.rel1.win32_1.0.100.202509120712/tools/bin/../lib/gcc/arm-none-eabi/13.3.1/../../../../arm-none-eabi/lib/thumb/v7e-m+dp/hard\libc_nano.a(libc_a-nano-vfprintf_i.o)
                0x080162fc                _printf_common
 *fill*         0x080163d6        0x2 
 .text._printf_i
                0x080163d8      0x23c C:/ST/STM32CubeIDE_2.0.0/STM32CubeIDE/plugins/com.st.stm32cube.ide.mcu.externaltools.gnu-tools-for-stm32.13.3.rel1.win32_1.0.100.202509120712/tools/bin/../lib/gcc/arm-none-eabi/13.3.1/../../../../arm-none-eabi/lib/thumb/v7e-m+dp/hard\libc_nano.a(libc_a-nano-vfprintf_i.o)
                0x080163d8                _printf_i
 .text._scanf_float
                0x08016614      0x40c C:/ST/STM32CubeIDE_2.0.0/STM32CubeIDE/plugins/com.st.stm32cube.ide.mcu.externaltools.gnu-tools-for-stm32.13.3.rel1.win32_1.0.100.202509120712/tools/bin/../lib/gcc/arm-none-eabi/13.3.1/../../../../arm-none-eabi/lib/thumb/v7e-m+dp/hard\libc_nano.a(libc_a-nano-vfscanf_float.o)
                0x08016614                _scanf_float
 .text.std      0x08016a20       0x6c C:/ST/STM32CubeIDE_2.0.0/STM32CubeIDE/plugins/com.st.stm32cube.ide.mcu.externaltools.gnu-tools-for-stm32.13.3.rel1.win32_1.0.100.202509120712/tools/bin/../lib/gcc/arm-none-eabi/13.3.1/../../../../arm-none-eabi/lib/thumb/v7e-m+dp/hard\libc_nano.a(libc_a-findfp.o)
 .text.stdio_exit_handler
                0x08016a8c       0x18 C:/ST/STM32CubeIDE_2.0.0/STM32CubeIDE/plugins/com.st.stm32cube.ide.mcu.externaltools.gnu-tools-for-stm32.13.3.rel1.win32_1.0.100.202509120712/tools/bin/../lib/gcc/arm-none-eabi/13.3.1/../../../../arm-none-eabi/lib/thumb/v7e-m+dp/hard\libc_nano.a(libc_a-findfp.o)
 .text.cleanup_stdio
                0x08016aa4       0x40 C:/ST/STM32CubeIDE_2.0.0/STM32CubeIDE/plugins/com.st.stm32cube.ide.mcu.externaltools.gnu-tools-for-stm32.13.3.rel1.win32_1.0.100.202509120712/tools/bin/../lib/gcc/arm-none-eabi/13.3.1/../../../../arm-none-eabi/lib/thumb/v7e-m+dp/hard\libc_nano.a(libc_a-findfp.o)
 .text.global_stdio_init.part.0
                0x08016ae4       0x3c C:/ST/STM32CubeIDE_2.0.0/STM32CubeIDE/plugins/com.st.stm32cube.ide.mcu.externaltools.gnu-tools-for-stm32.13.3.rel1.win32_1.0.100.202509120712/tools/bin/../lib/gcc/arm-none-eabi/13.3.1/../../../../arm-none-eabi/lib/thumb/v7e-m+dp/hard\libc_nano.a(libc_a-findfp.o)
 .text.__sfp_lock_acquire
                0x08016b20        0xc C:/ST/STM32CubeIDE_2.0.0/STM32CubeIDE/plugins/com.st.stm32cube.ide.mcu.externaltools.gnu-tools-for-stm32.13.3.rel1.win32_1.0.100.202509120712/tools/bin/../lib/gcc/arm-none-eabi/13.3.1/../../../../arm-none-eabi/lib/thumb/v7e-m+dp/hard\libc_nano.a(libc_a-findfp.o)
                0x08016b20                __sfp_lock_acquire
 .text.__sfp_lock_release
                0x08016b2c        0xc C:/ST/STM32CubeIDE_2.0.0/STM32CubeIDE/plugins/com.st.stm32cube.ide.mcu.externaltools.gnu-tools-for-stm32.13.3.rel1.win32_1.0.100.202509120712/tools/bin/../lib/gcc/arm-none-eabi/13.3.1/../../../../arm-none-eabi/lib/thumb/v7e-m+dp/hard\libc_nano.a(libc_a-findfp.o)
                0x08016b2c                __sfp_lock_release
 .text.__sinit  0x08016b38       0x30 C:/ST/STM32CubeIDE_2.0.0/STM32CubeIDE/plugins/com.st.stm32cube.ide.mcu.externaltools.gnu-tools-for-stm32.13.3.rel1.win32_1.0.100.202509120712/tools/bin/../lib/gcc/arm-none-eabi/13.3.1/../../../../arm-none-eabi/lib/thumb/v7e-m+dp/hard\libc_nano.a(libc_a-findfp.o)
                0x08016b38                __sinit
 .text.fprintf  0x08016b68       0x24 C:/ST/STM32CubeIDE_2.0.0/STM32CubeIDE/plugins/com.st.stm32cube.ide.mcu.externaltools.gnu-tools-for-stm32.13.3.rel1.win32_1.0.100.202509120712/tools/bin/../lib/gcc/arm-none-eabi/13.3.1/../../../../arm-none-eabi/lib/thumb/v7e-m+dp/hard\libc_nano.a(libc_a-fprintf.o)
                0x08016b68                fiprintf
                0x08016b68                fprintf
 .text._fwalk_sglue
                0x08016b8c       0x3c C:/ST/STM32CubeIDE_2.0.0/STM32CubeIDE/plugins/com.st.stm32cube.ide.mcu.externaltools.gnu-tools-for-stm32.13.3.rel1.win32_1.0.100.202509120712/tools/bin/../lib/gcc/arm-none-eabi/13.3.1/../../../../arm-none-eabi/lib/thumb/v7e-m+dp/hard\libc_nano.a(libc_a-fwalk.o)
                0x08016b8c                _fwalk_sglue
 .text.printf   0x08016bc8       0x24 C:/ST/STM32CubeIDE_2.0.0/STM32CubeIDE/plugins/com.st.stm32cube.ide.mcu.externaltools.gnu-tools-for-stm32.13.3.rel1.win32_1.0.100.202509120712/tools/bin/../lib/gcc/arm-none-eabi/13.3.1/../../../../arm-none-eabi/lib/thumb/v7e-m+dp/hard\libc_nano.a(libc_a-printf.o)
                0x08016bc8                iprintf
                0x08016bc8                printf
 .text._puts_r  0x08016bec       0xaa C:/ST/STM32CubeIDE_2.0.0/STM32CubeIDE/plugins/com.st.stm32cube.ide.mcu.externaltools.gnu-tools-for-stm32.13.3.rel1.win32_1.0.100.202509120712/tools/bin/../lib/gcc/arm-none-eabi/13.3.1/../../../../arm-none-eabi/lib/thumb/v7e-m+dp/hard\libc_nano.a(libc_a-puts.o)
                0x08016bec                _puts_r
 *fill*         0x08016c96        0x2 
 .text.puts     0x08016c98       0x10 C:/ST/STM32CubeIDE_2.0.0/STM32CubeIDE/plugins/com.st.stm32cube.ide.mcu.externaltools.gnu-tools-for-stm32.13.3.rel1.win32_1.0.100.202509120712/tools/bin/../lib/gcc/arm-none-eabi/13.3.1/../../../../arm-none-eabi/lib/thumb/v7e-m+dp/hard\libc_nano.a(libc_a-puts.o)
                0x08016c98                puts
 .text.sprintf  0x08016ca8       0x44 C:/ST/STM32CubeIDE_2.0.0/STM32CubeIDE/plugins/com.st.stm32cube.ide.mcu.externaltools.gnu-tools-for-stm32.13.3.rel1.win32_1.0.100.202509120712/tools/bin/../lib/gcc/arm-none-eabi/13.3.1/../../../../arm-none-eabi/lib/thumb/v7e-m+dp/hard\libc_nano.a(libc_a-sprintf.o)
                0x08016ca8                siprintf
                0x08016ca8                sprintf
 .text.__sread  0x08016cec       0x22 C:/ST/STM32CubeIDE_2.0.0/STM32CubeIDE/plugins/com.st.stm32cube.ide.mcu.externaltools.gnu-tools-for-stm32.13.3.rel1.win32_1.0.100.202509120712/tools/bin/../lib/gcc/arm-none-eabi/13.3.1/../../../../arm-none-eabi/lib/thumb/v7e-m+dp/hard\libc_nano.a(libc_a-stdio.o)
                0x08016cec                __sread
 .text.__swrite
                0x08016d0e       0x38 C:/ST/STM32CubeIDE_2.0.0/STM32CubeIDE/plugins/com.st.stm32cube.ide.mcu.externaltools.gnu-tools-for-stm32.13.3.rel1.win32_1.0.100.202509120712/tools/bin/../lib/gcc/arm-none-eabi/13.3.1/../../../../arm-none-eabi/lib/thumb/v7e-m+dp/hard\libc_nano.a(libc_a-stdio.o)
                0x08016d0e                __swrite
 .text.__sseek  0x08016d46       0x24 C:/ST/STM32CubeIDE_2.0.0/STM32CubeIDE/plugins/com.st.stm32cube.ide.mcu.externaltools.gnu-tools-for-stm32.13.3.rel1.win32_1.0.100.202509120712/tools/bin/../lib/gcc/arm-none-eabi/13.3.1/../../../../arm-none-eabi/lib/thumb/v7e-m+dp/hard\libc_nano.a(libc_a-stdio.o)
                0x08016d46                __sseek
 .text.__sclose
                0x08016d6a        0x8 C:/ST/STM32CubeIDE_2.0.0/STM32CubeIDE/plugins/com.st.stm32cube.ide.mcu.externaltools.gnu-tools-for-stm32.13.3.rel1.win32_1.0.100.202509120712/tools/bin/../lib/gcc/arm-none-eabi/13.3.1/../../../../arm-none-eabi/lib/thumb/v7e-m+dp/hard\libc_nano.a(libc_a-stdio.o)
                0x08016d6a                __sclose
 .text.__swbuf_r
                0x08016d72       0x7c C:/ST/STM32CubeIDE_2.0.0/STM32CubeIDE/plugins/com.st.stm32cube.ide.mcu.externaltools.gnu-tools-for-stm32.13.3.rel1.win32_1.0.100.202509120712/tools/bin/../lib/gcc/arm-none-eabi/13.3.1/../../../../arm-none-eabi/lib/thumb/v7e-m+dp/hard\libc_nano.a(libc_a-wbuf.o)
                0x08016d72                __swbuf_r
 *fill*         0x08016dee        0x2 
 .text.__swsetup_r
                0x08016df0       0xac C:/ST/STM32CubeIDE_2.0.0/STM32CubeIDE/plugins/com.st.stm32cube.ide.mcu.externaltools.gnu-tools-for-stm32.13.3.rel1.win32_1.0.100.202509120712/tools/bin/../lib/gcc/arm-none-eabi/13.3.1/../../../../arm-none-eabi/lib/thumb/v7e-m+dp/hard\libc_nano.a(libc_a-wsetup.o)
                0x08016df0                __swsetup_r
 .text.memset   0x08016e9c       0x10 C:/ST/STM32CubeIDE_2.0.0/STM32CubeIDE/plugins/com.st.stm32cube.ide.mcu.externaltools.gnu-tools-for-stm32.13.3.rel1.win32_1.0.100.202509120712/tools/bin/../lib/gcc/arm-none-eabi/13.3.1/../../../../arm-none-eabi/lib/thumb/v7e-m+dp/hard\libc_nano.a(libc_a-memset.o)
                0x08016e9c                memset
 .text._localeconv_r
                0x08016eac        0x8 C:/ST/STM32CubeIDE_2.0.0/STM32CubeIDE/plugins/com.st.stm32cube.ide.mcu.externaltools.gnu-tools-for-stm32.13.3.rel1.win32_1.0.100.202509120712/tools/bin/../lib/gcc/arm-none-eabi/13.3.1/../../../../arm-none-eabi/lib/thumb/v7e-m+dp/hard\libc_nano.a(libc_a-localeconv.o)
                0x08016eac                _localeconv_r
 .text._close_r
                0x08016eb4       0x20 C:/ST/STM32CubeIDE_2.0.0/STM32CubeIDE/plugins/com.st.stm32cube.ide.mcu.externaltools.gnu-tools-for-stm32.13.3.rel1.win32_1.0.100.202509120712/tools/bin/../lib/gcc/arm-none-eabi/13.3.1/../../../../arm-none-eabi/lib/thumb/v7e-m+dp/hard\libc_nano.a(libc_a-closer.o)
                0x08016eb4                _close_r
 .text._lseek_r
                0x08016ed4       0x24 C:/ST/STM32CubeIDE_2.0.0/STM32CubeIDE/plugins/com.st.stm32cube.ide.mcu.externaltools.gnu-tools-for-stm32.13.3.rel1.win32_1.0.100.202509120712/tools/bin/../lib/gcc/arm-none-eabi/13.3.1/../../../../arm-none-eabi/lib/thumb/v7e-m+dp/hard\libc_nano.a(libc_a-lseekr.o)
                0x08016ed4                _lseek_r
 .text._read_r  0x08016ef8       0x24 C:/ST/STM32CubeIDE_2.0.0/STM32CubeIDE/plugins/com.st.stm32cube.ide.mcu.externaltools.gnu-tools-for-stm32.13.3.rel1.win32_1.0.100.202509120712/tools/bin/../lib/gcc/arm-none-eabi/13.3.1/../../../../arm-none-eabi/lib/thumb/v7e-m+dp/hard\libc_nano.a(libc_a-readr.o)
                0x08016ef8                _read_r
 .text._write_r
                0x08016f1c       0x24 C:/ST/STM32CubeIDE_2.0.0/STM32CubeIDE/plugins/com.st.stm32cube.ide.mcu.externaltools.gnu-tools-for-stm32.13.3.rel1.win32_1.0.100.202509120712/tools/bin/../lib/gcc/arm-none-eabi/13.3.1/../../../../arm-none-eabi/lib/thumb/v7e-m+dp/hard\libc_nano.a(libc_a-writer.o)
                0x08016f1c                _write_r
 .text.__errno  0x08016f40        0xc C:/ST/STM32CubeIDE_2.0.0/STM32CubeIDE/plugins/com.st.stm32cube.ide.mcu.externaltools.gnu-tools-for-stm32.13.3.rel1.win32_1.0.100.202509120712/tools/bin/../lib/gcc/arm-none-eabi/13.3.1/../../../../arm-none-eabi/lib/thumb/v7e-m+dp/hard\libc_nano.a(libc_a-errno.o)
                0x08016f40                __errno
 .text.__libc_init_array
                0x08016f4c       0x48 C:/ST/STM32CubeIDE_2.0.0/STM32CubeIDE/plugins/com.st.stm32cube.ide.mcu.externaltools.gnu-tools-for-stm32.13.3.rel1.win32_1.0.100.202509120712/tools/bin/../lib/gcc/arm-none-eabi/13.3.1/../../../../arm-none-eabi/lib/thumb/v7e-m+dp/hard\libc_nano.a(libc_a-init.o)
                0x08016f4c                __libc_init_array
 .text.__retarget_lock_init_recursive
                0x08016f94        0x2 C:/ST/STM32CubeIDE_2.0.0/STM32CubeIDE/plugins/com.st.stm32cube.ide.mcu.externaltools.gnu-tools-for-stm32.13.3.rel1.win32_1.0.100.202509120712/tools/bin/../lib/gcc/arm-none-eabi/13.3.1/../../../../arm-none-eabi/lib/thumb/v7e-m+dp/hard\libc_nano.a(libc_a-lock.o)
                0x08016f94                __retarget_lock_init_recursive
 .text.__retarget_lock_acquire_recursive
                0x08016f96        0x2 C:/ST/STM32CubeIDE_2.0.0/STM32CubeIDE/plugins/com.st.stm32cube.ide.mcu.externaltools.gnu-tools-for-stm32.13.3.rel1.win32_1.0.100.202509120712/tools/bin/../lib/gcc/arm-none-eabi/13.3.1/../../../../arm-none-eabi/lib/thumb/v7e-m+dp/hard\libc_nano.a(libc_a-lock.o)
                0x08016f96                __retarget_lock_acquire_recursive
 .text.__retarget_lock_release_recursive
                0x08016f98        0x2 C:/ST/STM32CubeIDE_2.0.0/STM32CubeIDE/plugins/com.st.stm32cube.ide.mcu.externaltools.gnu-tools-for-stm32.13.3.rel1.win32_1.0.100.202509120712/tools/bin/../lib/gcc/arm-none-eabi/13.3.1/../../../../arm-none-eabi/lib/thumb/v7e-m+dp/hard\libc_nano.a(libc_a-lock.o)
                0x08016f98                __retarget_lock_release_recursive
 *fill*         0x08016f9a        0x2 
 .text.nanf     0x08016f9c        0xc C:/ST/STM32CubeIDE_2.0.0/STM32CubeIDE/plugins/com.st.stm32cube.ide.mcu.externaltools.gnu-tools-for-stm32.13.3.rel1.win32_1.0.100.202509120712/tools/bin/../lib/gcc/arm-none-eabi/13.3.1/../../../../arm-none-eabi/lib/thumb/v7e-m+dp/hard\libc_nano.a(libm_a-sf_nan.o)
                0x08016f9c                nanf
 .text.abort    0x08016fa8        0xe C:/ST/STM32CubeIDE_2.0.0/STM32CubeIDE/plugins/com.st.stm32cube.ide.mcu.externaltools.gnu-tools-for-stm32.13.3.rel1.win32_1.0.100.202509120712/tools/bin/../lib/gcc/arm-none-eabi/13.3.1/../../../../arm-none-eabi/lib/thumb/v7e-m+dp/hard\libc_nano.a(libc_a-abort.o)
                0x08016fa8                abort
 .text.quorem   0x08016fb6      0x110 C:/ST/STM32CubeIDE_2.0.0/STM32CubeIDE/plugins/com.st.stm32cube.ide.mcu.externaltools.gnu-tools-for-stm32.13.3.rel1.win32_1.0.100.202509120712/tools/bin/../lib/gcc/arm-none-eabi/13.3.1/../../../../arm-none-eabi/lib/thumb/v7e-m+dp/hard\libc_nano.a(libc_a-dtoa.o)
 *fill*         0x080170c6        0x2 
 .text._dtoa_r  0x080170c8      0xabc C:/ST/STM32CubeIDE_2.0.0/STM32CubeIDE/plugins/com.st.stm32cube.ide.mcu.externaltools.gnu-tools-for-stm32.13.3.rel1.win32_1.0.100.202509120712/tools/bin/../lib/gcc/arm-none-eabi/13.3.1/../../../../arm-none-eabi/lib/thumb/v7e-m+dp/hard\libc_nano.a(libc_a-dtoa.o)
                0x080170c8                _dtoa_r
 .text._free_r  0x08017b84       0x94 C:/ST/STM32CubeIDE_2.0.0/STM32CubeIDE/plugins/com.st.stm32cube.ide.mcu.externaltools.gnu-tools-for-stm32.13.3.rel1.win32_1.0.100.202509120712/tools/bin/../lib/gcc/arm-none-eabi/13.3.1/../../../../arm-none-eabi/lib/thumb/v7e-m+dp/hard\libc_nano.a(libc_a-freer.o)
                0x08017b84                _free_r
 .text.malloc   0x08017c18       0x10 C:/ST/STM32CubeIDE_2.0.0/STM32CubeIDE/plugins/com.st.stm32cube.ide.mcu.externaltools.gnu-tools-for-stm32.13.3.rel1.win32_1.0.100.202509120712/tools/bin/../lib/gcc/arm-none-eabi/13.3.1/../../../../arm-none-eabi/lib/thumb/v7e-m+dp/hard\libc_nano.a(libc_a-malloc.o)
                0x08017c18                malloc
 .text.sbrk_aligned
                0x08017c28       0x44 C:/ST/STM32CubeIDE_2.0.0/STM32CubeIDE/plugins/com.st.stm32cube.ide.mcu.externaltools.gnu-tools-for-stm32.13.3.rel1.win32_1.0.100.202509120712/tools/bin/../lib/gcc/arm-none-eabi/13.3.1/../../../../arm-none-eabi/lib/thumb/v7e-m+dp/hard\libc_nano.a(libc_a-mallocr.o)
 .text._malloc_r
                0x08017c6c      0x100 C:/ST/STM32CubeIDE_2.0.0/STM32CubeIDE/plugins/com.st.stm32cube.ide.mcu.externaltools.gnu-tools-for-stm32.13.3.rel1.win32_1.0.100.202509120712/tools/bin/../lib/gcc/arm-none-eabi/13.3.1/../../../../arm-none-eabi/lib/thumb/v7e-m+dp/hard\libc_nano.a(libc_a-mallocr.o)
                0x08017c6c                _malloc_r
 .text.__malloc_lock
                0x08017d6c        0xc C:/ST/STM32CubeIDE_2.0.0/STM32CubeIDE/plugins/com.st.stm32cube.ide.mcu.externaltools.gnu-tools-for-stm32.13.3.rel1.win32_1.0.100.202509120712/tools/bin/../lib/gcc/arm-none-eabi/13.3.1/../../../../arm-none-eabi/lib/thumb/v7e-m+dp/hard\libc_nano.a(libc_a-mlock.o)
                0x08017d6c                __malloc_lock
 .text.__malloc_unlock
                0x08017d78        0xc C:/ST/STM32CubeIDE_2.0.0/STM32CubeIDE/plugins/com.st.stm32cube.ide.mcu.externaltools.gnu-tools-for-stm32.13.3.rel1.win32_1.0.100.202509120712/tools/bin/../lib/gcc/arm-none-eabi/13.3.1/../../../../arm-none-eabi/lib/thumb/v7e-m+dp/hard\libc_nano.a(libc_a-mlock.o)
                0x08017d78                __malloc_unlock
 .text._Balloc  0x08017d84       0x80 C:/ST/STM32CubeIDE_2.0.0/STM32CubeIDE/plugins/com.st.stm32cube.ide.mcu.externaltools.gnu-tools-for-stm32.13.3.rel1.win32_1.0.100.202509120712/tools/bin/../lib/gcc/arm-none-eabi/13.3.1/../../../../arm-none-eabi/lib/thumb/v7e-m+dp/hard\libc_nano.a(libc_a-mprec.o)
                0x08017d84                _Balloc
 .text._Bfree   0x08017e04       0x44 C:/ST/STM32CubeIDE_2.0.0/STM32CubeIDE/plugins/com.st.stm32cube.ide.mcu.externaltools.gnu-tools-for-stm32.13.3.rel1.win32_1.0.100.202509120712/tools/bin/../lib/gcc/arm-none-eabi/13.3.1/../../../../arm-none-eabi/lib/thumb/v7e-m+dp/hard\libc_nano.a(libc_a-mprec.o)
                0x08017e04                _Bfree
 .text.__multadd
                0x08017e48       0x8c C:/ST/STM32CubeIDE_2.0.0/STM32CubeIDE/plugins/com.st.stm32cube.ide.mcu.externaltools.gnu-tools-for-stm32.13.3.rel1.win32_1.0.100.202509120712/tools/bin/../lib/gcc/arm-none-eabi/13.3.1/../../../../arm-none-eabi/lib/thumb/v7e-m+dp/hard\libc_nano.a(libc_a-mprec.o)
                0x08017e48                __multadd
 .text.__s2b    0x08017ed4       0x94 C:/ST/STM32CubeIDE_2.0.0/STM32CubeIDE/plugins/com.st.stm32cube.ide.mcu.externaltools.gnu-tools-for-stm32.13.3.rel1.win32_1.0.100.202509120712/tools/bin/../lib/gcc/arm-none-eabi/13.3.1/../../../../arm-none-eabi/lib/thumb/v7e-m+dp/hard\libc_nano.a(libc_a-mprec.o)
                0x08017ed4                __s2b
 .text.__hi0bits
                0x08017f68       0x3e C:/ST/STM32CubeIDE_2.0.0/STM32CubeIDE/plugins/com.st.stm32cube.ide.mcu.externaltools.gnu-tools-for-stm32.13.3.rel1.win32_1.0.100.202509120712/tools/bin/../lib/gcc/arm-none-eabi/13.3.1/../../../../arm-none-eabi/lib/thumb/v7e-m+dp/hard\libc_nano.a(libc_a-mprec.o)
                0x08017f68                __hi0bits
 .text.__lo0bits
                0x08017fa6       0x5a C:/ST/STM32CubeIDE_2.0.0/STM32CubeIDE/plugins/com.st.stm32cube.ide.mcu.externaltools.gnu-tools-for-stm32.13.3.rel1.win32_1.0.100.202509120712/tools/bin/../lib/gcc/arm-none-eabi/13.3.1/../../../../arm-none-eabi/lib/thumb/v7e-m+dp/hard\libc_nano.a(libc_a-mprec.o)
                0x08017fa6                __lo0bits
 .text.__i2b    0x08018000       0x2c C:/ST/STM32CubeIDE_2.0.0/STM32CubeIDE/plugins/com.st.stm32cube.ide.mcu.externaltools.gnu-tools-for-stm32.13.3.rel1.win32_1.0.100.202509120712/tools/bin/../lib/gcc/arm-none-eabi/13.3.1/../../../../arm-none-eabi/lib/thumb/v7e-m+dp/hard\libc_nano.a(libc_a-mprec.o)
                0x08018000                __i2b
 .text.__multiply
                0x0801802c      0x144 C:/ST/STM32CubeIDE_2.0.0/STM32CubeIDE/plugins/com.st.stm32cube.ide.mcu.externaltools.gnu-tools-for-stm32.13.3.rel1.win32_1.0.100.202509120712/tools/bin/../lib/gcc/arm-none-eabi/13.3.1/../../../../arm-none-eabi/lib/thumb/v7e-m+dp/hard\libc_nano.a(libc_a-mprec.o)
                0x0801802c                __multiply
 .text.__pow5mult
                0x08018170       0xb4 C:/ST/STM32CubeIDE_2.0.0/STM32CubeIDE/plugins/com.st.stm32cube.ide.mcu.externaltools.gnu-tools-for-stm32.13.3.rel1.win32_1.0.100.202509120712/tools/bin/../lib/gcc/arm-none-eabi/13.3.1/../../../../arm-none-eabi/lib/thumb/v7e-m+dp/hard\libc_nano.a(libc_a-mprec.o)
                0x08018170                __pow5mult
 .text.__lshift
                0x08018224       0xd8 C:/ST/STM32CubeIDE_2.0.0/STM32CubeIDE/plugins/com.st.stm32cube.ide.mcu.externaltools.gnu-tools-for-stm32.13.3.rel1.win32_1.0.100.202509120712/tools/bin/../lib/gcc/arm-none-eabi/13.3.1/../../../../arm-none-eabi/lib/thumb/v7e-m+dp/hard\libc_nano.a(libc_a-mprec.o)
                0x08018224                __lshift
 .text.__mcmp   0x080182fc       0x36 C:/ST/STM32CubeIDE_2.0.0/STM32CubeIDE/plugins/com.st.stm32cube.ide.mcu.externaltools.gnu-tools-for-stm32.13.3.rel1.win32_1.0.100.202509120712/tools/bin/../lib/gcc/arm-none-eabi/13.3.1/../../../../arm-none-eabi/lib/thumb/v7e-m+dp/hard\libc_nano.a(libc_a-mprec.o)
                0x080182fc                __mcmp
 *fill*         0x08018332        0x2 
 .text.__mdiff  0x08018334      0x128 C:/ST/STM32CubeIDE_2.0.0/STM32CubeIDE/plugins/com.st.stm32cube.ide.mcu.externaltools.gnu-tools-for-stm32.13.3.rel1.win32_1.0.100.202509120712/tools/bin/../lib/gcc/arm-none-eabi/13.3.1/../../../../arm-none-eabi/lib/thumb/v7e-m+dp/hard\libc_nano.a(libc_a-mprec.o)
                0x08018334                __mdiff
 .text.__ulp    0x0801845c       0x4c C:/ST/STM32CubeIDE_2.0.0/STM32CubeIDE/plugins/com.st.stm32cube.ide.mcu.externaltools.gnu-tools-for-stm32.13.3.rel1.win32_1.0.100.202509120712/tools/bin/../lib/gcc/arm-none-eabi/13.3.1/../../../../arm-none-eabi/lib/thumb/v7e-m+dp/hard\libc_nano.a(libc_a-mprec.o)
                0x0801845c                __ulp
 .text.__b2d    0x080184a8       0x94 C:/ST/STM32CubeIDE_2.0.0/STM32CubeIDE/plugins/com.st.stm32cube.ide.mcu.externaltools.gnu-tools-for-stm32.13.3.rel1.win32_1.0.100.202509120712/tools/bin/../lib/gcc/arm-none-eabi/13.3.1/../../../../arm-none-eabi/lib/thumb/v7e-m+dp/hard\libc_nano.a(libc_a-mprec.o)
                0x080184a8                __b2d
 .text.__d2b    0x0801853c       0xb0 C:/ST/STM32CubeIDE_2.0.0/STM32CubeIDE/plugins/com.st.stm32cube.ide.mcu.externaltools.gnu-tools-for-stm32.13.3.rel1.win32_1.0.100.202509120712/tools/bin/../lib/gcc/arm-none-eabi/13.3.1/../../../../arm-none-eabi/lib/thumb/v7e-m+dp/hard\libc_nano.a(libc_a-mprec.o)
                0x0801853c                __d2b
 .text.__ratio  0x080185ec       0x5e C:/ST/STM32CubeIDE_2.0.0/STM32CubeIDE/plugins/com.st.stm32cube.ide.mcu.externaltools.gnu-tools-for-stm32.13.3.rel1.win32_1.0.100.202509120712/tools/bin/../lib/gcc/arm-none-eabi/13.3.1/../../../../arm-none-eabi/lib/thumb/v7e-m+dp/hard\libc_nano.a(libc_a-mprec.o)
                0x080185ec                __ratio
 .text.__copybits
                0x0801864a       0x46 C:/ST/STM32CubeIDE_2.0.0/STM32CubeIDE/plugins/com.st.stm32cube.ide.mcu.externaltools.gnu-tools-for-stm32.13.3.rel1.win32_1.0.100.202509120712/tools/bin/../lib/gcc/arm-none-eabi/13.3.1/../../../../arm-none-eabi/lib/thumb/v7e-m+dp/hard\libc_nano.a(libc_a-mprec.o)
                0x0801864a                __copybits
 .text.__any_on
                0x08018690       0x42 C:/ST/STM32CubeIDE_2.0.0/STM32CubeIDE/plugins/com.st.stm32cube.ide.mcu.externaltools.gnu-tools-for-stm32.13.3.rel1.win32_1.0.100.202509120712/tools/bin/../lib/gcc/arm-none-eabi/13.3.1/../../../../arm-none-eabi/lib/thumb/v7e-m+dp/hard\libc_nano.a(libc_a-mprec.o)
                0x08018690                __any_on
 .text.sulp     0x080186d2       0x34 C:/ST/STM32CubeIDE_2.0.0/STM32CubeIDE/plugins/com.st.stm32cube.ide.mcu.externaltools.gnu-tools-for-stm32.13.3.rel1.win32_1.0.100.202509120712/tools/bin/../lib/gcc/arm-none-eabi/13.3.1/../../../../arm-none-eabi/lib/thumb/v7e-m+dp/hard\libc_nano.a(libc_a-strtod.o)
 *fill*         0x08018706        0x2 
 .text._strtod_l
                0x08018708      0xb34 C:/ST/STM32CubeIDE_2.0.0/STM32CubeIDE/plugins/com.st.stm32cube.ide.mcu.externaltools.gnu-tools-for-stm32.13.3.rel1.win32_1.0.100.202509120712/tools/bin/../lib/gcc/arm-none-eabi/13.3.1/../../../../arm-none-eabi/lib/thumb/v7e-m+dp/hard\libc_nano.a(libc_a-strtod.o)
                0x08018708                _strtod_l
 .text._strtod_r
                0x0801923c        0xc C:/ST/STM32CubeIDE_2.0.0/STM32CubeIDE/plugins/com.st.stm32cube.ide.mcu.externaltools.gnu-tools-for-stm32.13.3.rel1.win32_1.0.100.202509120712/tools/bin/../lib/gcc/arm-none-eabi/13.3.1/../../../../arm-none-eabi/lib/thumb/v7e-m+dp/hard\libc_nano.a(libc_a-strtod.o)
                0x0801923c                _strtod_r
 .text._strtol_l.isra.0