Archive member included to satisfy reference by file (symbol)

C:/ST/STM32CubeIDE_2.0.0/STM32CubeIDE/plugins/com.st.stm32cube.ide.mcu.externaltools.gnu-tools-for-stm32.13.3.rel1.win32_1.0.100.202509120712/tools/bin/../lib/gcc/arm-none-eabi/13.3.1/../../../../arm-none-eabi/lib/thumb/v7e-m+dp/hard\libc_nano.a(libc_a-assert.o)
                              ./Core/Src/lps22df_reg.o (__assert_func)
C:/ST/STM32CubeIDE_2.0.0/STM32CubeIDE/plugins/com.st.stm32cube.ide.mcu.externaltools.gnu-tools-for-stm32.13.3.rel1.win32_1.0.100.202509120712/tools/bin/../lib/gcc/arm-none-eabi/13.3.1/../../../../arm-none-eabi/lib/thumb/v7e-m+dp/hard\libc_nano.a(libc_a-exit.o)
                              C:/ST/STM32CubeIDE_2.0.0/STM32CubeIDE/plugins/com.st.stm32cube.ide.mcu.externaltools.gnu-tools-for-stm32.13.3.rel1.win32_1.0.100.202509120712/tools/bin/../lib/gcc/arm-none-eabi/13.3.1/../../../../arm-none-eabi/lib/thumb/v7e-m+dp/hard/crt0.o (exit)
C:/ST/STM32CubeIDE_2.0.0/STM32CubeIDE/plugins/com.st.stm32cube.ide.mcu.externaltools.gnu-tools-for-stm32.13.3.rel1.win32_1.0.100.202509120712/tools/bin/../lib/gcc/arm-none-eabi/13.3.1/../../../../arm-none-eabi/lib/thumb/v7e-m+dp/hard\libc_nano.a(libc_a-nano-vfprintf_float.o)
                              (_printf_float)
C:/ST/STM32CubeIDE_2.0.0/STM32CubeIDE/plugins/com.st.stm32cube.ide.mcu.externaltools.gnu-tools-for-stm32.13.3.rel1.win32_1.0.100.202509120712/tools/bin/../lib/gcc/arm-none-eabi/13.3.1/../../../../arm-none-eabi/lib/thumb/v7e-m+dp/hard\libc_nano.a(libc_a-nano-vfprintf_i.o)
                              C:/ST/STM32CubeIDE_2.0.0/STM32CubeIDE/plugins/com.st.stm32cube.ide.mcu.externaltools.gnu-tools-for-stm32.13.3.rel1.win32_1.0.100.202509120712/tools/bin/../lib/gcc/arm-none-eabi/13.3.1/../../../../arm-none-eabi/lib/thumb/v7e-m+dp/hard\libc_nano.a(libc_a-nano-vfprintf_float.o) (_printf_common)
C:/ST/STM32CubeIDE_2.0.0/STM32CubeIDE/plugins/com.st.stm32cube.ide.mcu.externaltools.gnu-tools-for-stm32.13.3.rel1.win32_1.0.100.202509120712/tools/bin/../lib/gcc/arm-none-eabi/13.3.1/../../../../arm-none-eabi/lib/thumb/v7e-m+dp/hard\libc_nano.a(libc_a-nano-vfscanf_float.o)
                              (_scanf_float)
C:/ST/STM32CubeIDE_2.0.0/STM32CubeIDE/plugins/com.st.stm32cube.ide.mcu.externaltools.gnu-tools-for-stm32.13.3.rel1.win32_1.0.100.202509120712/tools/bin/../lib/gcc/arm-none-eabi/13.3.1/../../../../arm-none-eabi/lib/thumb/v7e-m+dp/hard\libc_nano.a(libc_a-findfp.o)
                              C:/ST/STM32CubeIDE_2.0.0/STM32CubeIDE/plugins/com.st.stm32cube.ide.mcu.externaltools.gnu-tools-for-stm32.13.3.rel1.win32_1.0.100.202509120712/tools/bin/../lib/gcc/arm-none-eabi/13.3.1/../../../../arm-none-eabi/lib/thumb/v7e-m+dp/hard\libc_nano.a(libc_a-exit.o) (__stdio_exit_handler)
C:/ST/STM32CubeIDE_2.0.0/STM32CubeIDE/plugins/com.st.stm32cube.ide.mcu.externaltools.gnu-tools-for-stm32.13.3.rel1.win32_1.0.100.202509120712/tools/bin/../lib/gcc/arm-none-eabi/13.3.1/../../../../arm-none-eabi/lib/thumb/v7e-m+dp/hard\libc_nano.a(libc_a-fprintf.o)
                              C:/ST/STM32CubeIDE_2.0.0/STM32CubeIDE/plugins/com.st.stm32cube.ide.mcu.externaltools.gnu-tools-for-stm32.13.3.rel1.win32_1.0.100.202509120712/tools/bin/../lib/gcc/arm-none-eabi/13.3.1/../../../../arm-none-eabi/lib/thumb/v7e-m+dp/hard\libc_nano.a(libc_a-assert.o) (fiprintf)
C:/ST/STM32CubeIDE_2.0.0/STM32CubeIDE/plugins/com.st.stm32cube.ide.mcu.externaltools.gnu-tools-for-stm32.13.3.rel1.win32_1.0.100.202509120712/tools/bin/../lib/gcc/arm-none-eabi/13.3.1/../../../../arm-none-eabi/lib/thumb/v7e-m+dp/hard\libc_nano.a(libc_a-fwalk.o)
                              C:/ST/STM32CubeIDE_2.0.0/STM32CubeIDE/plugins/com.st.stm32cube.ide.mcu.externaltools.gnu-tools-for-stm32.13.3.rel1.win32_1.0.100.202509120712/tools/bin/../lib/gcc/arm-none-eabi/13.3.1/../../../../arm-none-eabi/lib/thumb/v7e-m+dp/hard\libc_nano.a(libc_a-findfp.o) (_fwalk_sglue)
C:/ST/STM32CubeIDE_2.0.0/STM32CubeIDE/plugins/com.st.stm32cube.ide.mcu.externaltools.gnu-tools-for-stm32.13.3.rel1.win32_1.0.100.202509120712/tools/bin/../lib/gcc/arm-none-eabi/13.3.1/../../../../arm-none-eabi/lib/thumb/v7e-m+dp/hard\libc_nano.a(libc_a-printf.o)
                              ./Core/Src/main.o (printf)
C:/ST/STM32CubeIDE_2.0.0/STM32CubeIDE/plugins/com.st.stm32cube.ide.mcu.externaltools.gnu-tools-for-stm32.13.3.rel1.win32_1.0.100.202509120712/tools/bin/../lib/gcc/arm-none-eabi/13.3.1/../../../../arm-none-eabi/lib/thumb/v7e-m+dp/hard\libc_nano.a(libc_a-puts.o)
                              ./Core/Src/main.o (puts)
C:/ST/STM32CubeIDE_2.0.0/STM32CubeIDE/plugins/com.st.stm32cube.ide.mcu.externaltools.gnu-tools-for-stm32.13.3.rel1.win32_1.0.100.202509120712/tools/bin/../lib/gcc/arm-none-eabi/13.3.1/../../../../arm-none-eabi/lib/thumb/v7e-m+dp/hard\libc_nano.a(libc_a-sprintf.o)
[...]
Memory Configuration

Name             Origin             Length             Attributes
ITCMRAM          0x00000000         0x00010000         xrw
DTCMRAM          0x20000000         0x00020000         xrw
FLASH            0x08000000         0x00020000         xr
RAM_D1           0x24000000         0x00050000         xrw
RAM_D2           0x30000000         0x00008000         xrw
RAM_D3           0x38000000         0x00004000         xrw
*default*        0x00000000         0xffffffff

Linker script and memory map

LOAD C:/ST/STM32CubeIDE_2.0.0/STM32CubeIDE/plugins/com.st.stm32cube.ide.mcu.externaltools.gnu-tools-for-stm32.13.3.rel1.win32_1.0.100.202509120712/tools/bin/../lib/gcc/arm-none-eabi/13.3.1/thumb/v7e-m+dp/hard/crti.o
LOAD C:/ST/STM32CubeIDE_2.0.0/STM32CubeIDE/plugins/com.st.stm32cube.ide.mcu.externaltools.gnu-tools-for-stm32.13.3.rel1.win32_1.0.100.202509120712/tools/bin/../lib/gcc/arm-none-eabi/13.3.1/thumb/v7e-m+dp/hard/crtbegin.o
LOAD C:/ST/STM32CubeIDE_2.0.0/STM32CubeIDE/plugins/com.st.stm32cube.ide.mcu.externaltools.gnu-tools-for-stm32.13.3.rel1.win32_1.0.100.202509120712/tools/bin/../lib/gcc/arm-none-eabi/13.3.1/../../../../arm-none-eabi/lib/thumb/v7e-m+dp/hard/crt0.o
LOAD ./Core/Src/MadgwickAHRS.o
LOAD ./Core/Src/control.o
LOAD ./Core/Src/flash.o
LOAD ./Core/Src/iis2mdc_reg.o
LOAD ./Core/Src/lps22df_reg.o
LOAD ./Core/Src/lsm6dsv80x_reg.o
LOAD ./Core/Src/main.o
LOAD ./Core/Src/sensors.o
LOAD ./Core/Src/state_estimation.o
LOAD ./Core/Src/stm32h7xx_hal_msp.o
LOAD ./Core/Src/stm32h7xx_it.o
LOAD ./Core/Src/syscalls.o
LOAD ./Core/Src/sysmem.o
LOAD ./Core/Src/system_stm32h7xx.o
LOAD ./Core/Startup/startup_stm32h730vbtx.o
LOAD ./Drivers/STM32H7xx_HAL_Driver/Src/stm32h7xx_hal.o
LOAD ./Drivers/STM32H7xx_HAL_Driver/Src/stm32h7xx_hal_adc.o
LOAD ./Drivers/STM32H7xx_HAL_Driver/Src/stm32h7xx_hal_adc_ex.o
LOAD ./Drivers/STM32H7xx_HAL_Driver/Src/stm32h7xx_hal_cortex.o
LOAD ./Drivers/STM32H7xx_HAL_Driver/Src/stm32h7xx_hal_dma.o
LOAD ./Drivers/STM32H7xx_HAL_Driver/Src/stm32h7xx_hal_dma_ex.o
LOAD ./Drivers/STM32H7xx_HAL_Driver/Src/stm32h7xx_hal_exti.o
LOAD ./Drivers/STM32H7xx_HAL_Driver/Src/stm32h7xx_hal_flash.o
LOAD ./Drivers/STM32H7xx_HAL_Driver/Src/stm32h7xx_hal_flash_ex.o
LOAD ./Drivers/STM32H7xx_HAL_Driver/Src/stm32h7xx_hal_gpio.o
LOAD ./Drivers/STM32H7xx_HAL_Driver/Src/stm32h7xx_hal_hsem.o
LOAD ./Drivers/STM32H7xx_HAL_Driver/Src/stm32h7xx_hal_i2c.o
LOAD ./Drivers/STM32H7xx_HAL_Driver/Src/stm32h7xx_hal_i2c_ex.o
LOAD ./Drivers/STM32H7xx_HAL_Driver/Src/stm32h7xx_hal_mdma.o
LOAD ./Drivers/STM32H7xx_HAL_Driver/Src/stm32h7xx_hal_ospi.o
LOAD ./Drivers/STM32H7xx_HAL_Driver/Src/stm32h7xx_hal_pcd.o
LOAD ./Drivers/STM32H7xx_HAL_Driver/Src/stm32h7xx_hal_pcd_ex.o
LOAD ./Drivers/STM32H7xx_HAL_Driver/Src/stm32h7xx_hal_pwr.o
LOAD ./Drivers/STM32H7xx_HAL_Driver/Src/stm32h7xx_hal_pwr_ex.o
LOAD ./Drivers/STM32H7xx_HAL_Driver/Src/stm32h7xx_hal_rcc.o
LOAD ./Drivers/STM32H7xx_HAL_Driver/Src/stm32h7xx_hal_rcc_ex.o
LOAD ./Drivers/STM32H7xx_HAL_Driver/Src/stm32h7xx_hal_spi.o
LOAD ./Drivers/STM32H7xx_HAL_Driver/Src/stm32h7xx_hal_spi_ex.o
LOAD ./Drivers/STM32H7xx_HAL_Driver/Src/stm32h7xx_hal_tim.o
LOAD ./Drivers/STM32H7xx_HAL_Driver/Src/stm32h7xx_hal_tim_ex.o
LOAD ./Drivers/STM32H7xx_HAL_Driver/Src/stm32h7xx_hal_uart.o
LOAD ./Drivers/STM32H7xx_HAL_Driver/Src/stm32h7xx_hal_uart_ex.o
LOAD ./Drivers/STM32H7xx_HAL_Driver/Src/stm32h7xx_ll_usb.o
LOAD ../Drivers/CMSIS/DSP/Lib/GCC\libarm_cortexM7lfdp_math.a
LOAD ../Drivers/CMSIS/DSP/Lib/GCC\libarm_cortexM7l_math.a
LOAD ../Drivers/CMSIS/DSP/Lib/GCC\libarm_cortexM7lfsp_math.a
START GROUP
LOAD C:/ST/STM32CubeIDE_2.0.0/STM32CubeIDE/plugins/com.st.stm32cube.ide.mcu.externaltools.gnu-tools-for-stm32.13.3.rel1.win32_1.0.100.202509120712/tools/bin/../lib/gcc/arm-none-eabi/13.3.1/../../../../arm-none-eabi/lib/thumb/v7e-m+dp/hard\libc_nano.a
LOAD C:/ST/STM32CubeIDE_2.0.0/STM32CubeIDE/plugins/com.st.stm32cube.ide.mcu.externaltools.gnu-tools-for-stm32.13.3.rel1.win32_1.0.100.202509120712/tools/bin/../lib/gcc/arm-none-eabi/13.3.1/../../../../arm-none-eabi/lib/thumb/v7e-m+dp/hard\libm.a
END GROUP
START GROUP
LOAD C:/ST/STM32CubeIDE_2.0.0/STM32CubeIDE/plugins/com.st.stm32cube.ide.mcu.externaltools.gnu-tools-for-stm32.13.3.rel1.win32_1.0.100.202509120712/tools/bin/../lib/gcc/arm-none-eabi/13.3.1/thumb/v7e-m+dp/hard\libgcc.a
LOAD C:/ST/STM32CubeIDE_2.0.0/STM32CubeIDE/plugins/com.st.stm32cube.ide.mcu.externaltools.gnu-tools-for-stm32.13.3.rel1.win32_1.0.100.202509120712/tools/bin/../lib/gcc/arm-none-eabi/13.3.1/../../../../arm-none-eabi/lib/thumb/v7e-m+dp/hard\libc_nano.a
END GROUP
START GROUP
LOAD C:/ST/STM32CubeIDE_2.0.0/STM32CubeIDE/plugins/com.st.stm32cube.ide.mcu.externaltools.gnu-tools-for-stm32.13.3.rel1.win32_1.0.100.202509120712/tools/bin/../lib/gcc/arm-none-eabi/13.3.1/thumb/v7e-m+dp/hard\libgcc.a
LOAD C:/ST/STM32CubeIDE_2.0.0/STM32CubeIDE/plugins/com.st.stm32cube.ide.mcu.externaltools.gnu-tools-for-stm32.13.3.rel1.win32_1.0.100.202509120712/tools/bin/../lib/gcc/arm-none-eabi/13.3.1/../../../../arm-none-eabi/lib/thumb/v7e-m+dp/hard\libc_nano.a
LOAD C:/ST/STM32CubeIDE_2.0.0/STM32CubeIDE/plugins/com.st.stm32cube.ide.mcu.externaltools.gnu-tools-for-stm32.13.3.rel1.win32_1.0.100.202509120712/tools/bin/../lib/gcc/arm-none-eabi/13.3.1/../../../../arm-none-eabi/lib/thumb/v7e-m+dp/hard\libnosys.a
END GROUP
START GROUP
LOAD C:/ST/STM32CubeIDE_2.0.0/STM32CubeIDE/plugins/com.st.stm32cube.ide.mcu.externaltools.gnu-tools-for-stm32.13.3.rel1.win32_1.0.100.202509120712/tools/bin/../lib/gcc/arm-none-eabi/13.3.1/thumb/v7e-m+dp/hard\libgcc.a
LOAD C:/ST/STM32CubeIDE_2.0.0/STM32CubeIDE/plugins/com.st.stm32cube.ide.mcu.externaltools.gnu-tools-for-stm32.13.3.rel1.win32_1.0.100.202509120712/tools/bin/../lib/gcc/arm-none-eabi/13.3.1/../../../../arm-none-eabi/lib/thumb/v7e-m+dp/hard\libc_nano.a
LOAD C:/ST/STM32CubeIDE_2.0.0/STM32CubeIDE/plugins/com.st.stm32cube.ide.mcu.externaltools.gnu-tools-for-stm32.13.3.rel1.win32_1.0.100.202509120712/tools/bin/../lib/gcc/arm-none-eabi/13.3.1/../../../../arm-none-eabi/lib/thumb/v7e-m+dp/hard\libnosys.a
END GROUP
LOAD C:/ST/STM32CubeIDE_2.0.0/STM32CubeIDE/plugins/com.st.stm32cube.ide.mcu.externaltools.gnu-tools-for-stm32.13.3.rel1.win32_1.0.100.202509120712/tools/bin/../lib/gcc/arm-none-eabi/13.3.1/thumb/v7e-m+dp/hard/crtend.o
LOAD C:/ST/STM32CubeIDE_2.0.0/STM32CubeIDE/plugins/com.st.stm32cube.ide.mcu.externaltools.gnu-tools-for-stm32.13.3.rel1.win32_1.0.100.202509120712/tools/bin/../lib/gcc/arm-none-eabi/13.3.1/thumb/v7e-m+dp/hard/crtn.o
                0x24050000                        _estack = (ORIGIN (RAM_D1) + LENGTH (RAM_D1))
                0x00000200                        _Min_Heap_Size = 0x200
                0x00000400                        _Min_Stack_Size = 0x400

.isr_vector     0x08000000      0x2cc
                0x08000000                        . = ALIGN (0x4)
 *(.isr_vector)
 .isr_vector    0x08000000      0x2cc ./Core/Startup/startup_stm32h730vbtx.o
                0x08000000                g_pfnVectors
                0x080002cc                        . = ALIGN (0x4)

.text           0x080002d0    0x1cc08
                0x080002d0                        . = ALIGN (0x4)
 *(.text)
 .text          0x080002d0       0x40 C:/ST/STM32CubeIDE_2.0.0/STM32CubeIDE/plugins/com.st.stm32cube.ide.mcu.externaltools.gnu-tools-for-stm32.13.3.rel1.win32_1.0.100.202509120712/tools/bin/../lib/gcc/arm-none-eabi/13.3.1/thumb/v7e-m+dp/hard/crtbegin.o
 .text          0x08000310       0xa0 C:/ST/STM32CubeIDE_2.0.0/STM32CubeIDE/plugins/com.st.stm32cube.ide.mcu.externaltools.gnu-tools-for-stm32.13.3.rel1.win32_1.0.100.202509120712/tools/bin/../lib/gcc/arm-none-eabi/13.3.1/../../../../arm-none-eabi/lib/thumb/v7e-m+dp/hard\libc_nano.a(libc_a-memchr.o)
                0x08000310                memchr
 .text          0x080003b0       0x10 C:/ST/STM32CubeIDE_2.0.0/STM32CubeIDE/plugins/com.st.stm32cube.ide.mcu.externaltools.gnu-tools-for-stm32.13.3.rel1.win32_1.0.100.202509120712/tools/bin/../lib/gcc/arm-none-eabi/13.3.1/../../../../arm-none-eabi/lib/thumb/v7e-m+dp/hard\libc_nano.a(libc_a-strlen.o)
                0x080003b0                strlen
 .text          0x080003c0      0x378 C:/ST/STM32CubeIDE_2.0.0/STM32CubeIDE/plugins/com.st.stm32cube.ide.mcu.externaltools.gnu-tools-for-stm32.13.3.rel1.win32_1.0.100.202509120712/tools/bin/../lib/gcc/arm-none-eabi/13.3.1/thumb/v7e-m+dp/hard\libgcc.a(_arm_addsubdf3.o)
                0x080003c0                __aeabi_drsub
                0x080003c8                __aeabi_dsub
                0x080003c8                __subdf3
                0x080003cc                __aeabi_dadd
                0x080003cc                __adddf3
                0x08000644                __floatunsidf
                0x08000644                __aeabi_ui2d
                0x08000664                __floatsidf
                0x08000664                __aeabi_i2d
                0x08000688                __aeabi_f2d
                0x08000688                __extendsfdf2
                0x080006cc                __floatundidf
                0x080006cc                __aeabi_ul2d
                0x080006dc                __floatdidf
                0x080006dc                __aeabi_l2d
 .text          0x08000738       0x30 C:/ST/STM32CubeIDE_2.0.0/STM32CubeIDE/plugins/com.st.stm32cube.ide.mcu.externaltools.gnu-tools-for-stm32.13.3.rel1.win32_1.0.100.202509120712/tools/bin/../lib/gcc/arm-none-eabi/13.3.1/thumb/v7e-m+dp/hard\libgcc.a(_aeabi_uldivmod.o)
                0x08000738                __aeabi_uldivmod
 .text          0x08000768       0x30 C:/ST/STM32CubeIDE_2.0.0/STM32CubeIDE/plugins/com.st.stm32cube.ide.mcu.externaltools.gnu-tools-for-stm32.13.3.rel1.win32_1.0.100.202509120712/tools/bin/../lib/gcc/arm-none-eabi/13.3.1/thumb/v7e-m+dp/hard\libgcc.a(_fixdfdi.o)
                0x08000768                __fixdfdi
                0x08000768                __aeabi_d2lz
 .text          0x08000798       0x40 C:/ST/STM32CubeIDE_2.0.0/STM32CubeIDE/plugins/com.st.stm32cube.ide.mcu.externaltools.gnu-tools-for-stm32.13.3.rel1.win32_1.0.100.202509120712/tools/bin/../lib/gcc/arm-none-eabi/13.3.1/thumb/v7e-m+dp/hard\libgcc.a(_fixunsdfdi.o)
                0x08000798                __fixunsdfdi
                0x08000798                __aeabi_d2ulz
 .text          0x080007d8      0x2f8 C:/ST/STM32CubeIDE_2.0.0/STM32CubeIDE/plugins/com.st.stm32cube.ide.mcu.externaltools.gnu-tools-for-stm32.13.3.rel1.win32_1.0.100.202509120712/tools/bin/../lib/gcc/arm-none-eabi/13.3.1/thumb/v7e-m+dp/hard\libgcc.a(_udivmoddi4.o)
                0x080007d8                __udivmoddi4
 .text          0x08000ad0        0x4 C:/ST/STM32CubeIDE_2.0.0/STM32CubeIDE/plugins/com.st.stm32cube.ide.mcu.externaltools.gnu-tools-for-stm32.13.3.rel1.win32_1.0.100.202509120712/tools/bin/../lib/gcc/arm-none-eabi/13.3.1/thumb/v7e-m+dp/hard\libgcc.a(_dvmd_tls.o)
                0x08000ad0                __aeabi_idiv0
                0x08000ad0                __aeabi_ldiv0
 *(.text*)
 .text.MadgwickQuaternionGet
                0x08000ad4       0x4c ./Core/Src/MadgwickAHRS.o
                0x08000ad4                MadgwickQuaternionGet
 .text.MadgwickAHRSupdate
                0x08000b20      0xe24 ./Core/Src/MadgwickAHRS.o
                0x08000b20                MadgwickAHRSupdate
 .text.MadgwickAHRSupdateIMU
                0x08001944      0x648 ./Core/Src/MadgwickAHRS.o
                0x08001944                MadgwickAHRSupdateIMU
 .text.invSqrt  0x08001f8c       0x78 ./Core/Src/MadgwickAHRS.o
                0x08001f8c                invSqrt
 .text.predict_apogee
                0x08002004       0xcc ./Core/Src/control.o
                0x08002004                predict_apogee
 .text.airbrakes_lockout
                0x080020d0       0xb8 ./Core/Src/control.o
                0x080020d0                airbrakes_lockout
 .text.pi_controller
                0x08002188      0x128 ./Core/Src/control.o
                0x08002188                pi_controller
 .text.control_update
                0x080022b0       0xc4 ./Core/Src/control.o
                0x080022b0                control_update
 .text.flash_read_jedec_id
                0x08002374       0xa4 ./Core/Src/flash.o
                0x08002374                flash_read_jedec_id
 .text.flash_read_status
                0x08002418       0x76 ./Core/Src/flash.o
                0x08002418                flash_read_status
 .text.flash_wait_for_ready
                0x0800248e       0x24 ./Core/Src/flash.o
                0x0800248e                flash_wait_for_ready
 .text.flash_write_enable
                0x080024b2       0x5c ./Core/Src/flash.o
                0x080024b2                flash_write_enable
 .text.flash_erase_sector
                0x0800250e       0x76 ./Core/Src/flash.o
                0x0800250e                flash_erase_sector
 .text.flash_erase_chip
                0x08002584       0x68 ./Core/Src/flash.o
                0x08002584                flash_erase_chip
 .text.flash_write_page
                0x080025ec       0x9e ./Core/Src/flash.o
                0x080025ec                flash_write_page
 .text.flash_read_data
                0x0800268a       0x84 ./Core/Src/flash.o
                0x0800268a                flash_read_data
 .text.iis2mdc_read_reg
                0x0800270e       0x3c ./Core/Src/iis2mdc_reg.o
                0x0800270e                iis2mdc_read_reg
 .text.iis2mdc_write_reg
                0x0800274a       0x3c ./Core/Src/iis2mdc_reg.o
                0x0800274a                iis2mdc_write_reg
 .text.iis2mdc_from_lsb_to_mgauss
                0x08002786       0x2c ./Core/Src/iis2mdc_reg.o
                0x08002786                iis2mdc_from_lsb_to_mgauss
 .text.iis2mdc_operating_mode_set
                0x080027b2       0x4c ./Core/Src/iis2mdc_reg.o
                0x080027b2                iis2mdc_operating_mode_set
 .text.iis2mdc_data_rate_set
                0x080027fe       0x4c ./Core/Src/iis2mdc_reg.o
                0x080027fe                iis2mdc_data_rate_set
 .text.iis2mdc_offset_temp_comp_set
                0x0800284a       0x4c ./Core/Src/iis2mdc_reg.o
                0x0800284a                iis2mdc_offset_temp_comp_set
 .text.iis2mdc_set_rst_mode_set
                0x08002896       0x4c ./Core/Src/iis2mdc_reg.o
                0x08002896                iis2mdc_set_rst_mode_set
 .text.iis2mdc_block_data_update_set
                0x080028e2       0x4c ./Core/Src/iis2mdc_reg.o
                0x080028e2                iis2mdc_block_data_update_set
 .text.iis2mdc_device_id_get
                0x0800292e       0x22 ./Core/Src/iis2mdc_reg.o
                0x0800292e                iis2mdc_device_id_get
 .text.iis2mdc_reset_set
                0x08002950       0x4c ./Core/Src/iis2mdc_reg.o
                0x08002950                iis2mdc_reset_set
 .text.iis2mdc_reset_get
                0x0800299c       0x3c ./Core/Src/iis2mdc_reg.o
                0x0800299c                iis2mdc_reset_get
 .text.iis2mdc_drdy_on_pin_set
                0x080029d8       0x4c ./Core/Src/iis2mdc_reg.o
                0x080029d8                iis2mdc_drdy_on_pin_set
 .text.lps22df_read_reg
                0x08002a24       0x3c ./Core/Src/lps22df_reg.o
                0x08002a24                lps22df_read_reg
 .text.lps22df_write_reg
                0x08002a60       0x3c ./Core/Src/lps22df_reg.o
                0x08002a60                lps22df_write_reg
 .text.bytecpy  0x08002a9c       0x2a ./Core/Src/lps22df_reg.o
 *fill*         0x08002ac6        0x2 
 .text.lps22df_from_lsb_to_hPa
                0x08002ac8       0x30 ./Core/Src/lps22df_reg.o
                0x08002ac8                lps22df_from_lsb_to_hPa
 .text.lps22df_id_get
                0x08002af8       0x2a ./Core/Src/lps22df_reg.o
                0x08002af8                lps22df_id_get
 .text.lps22df_bus_mode_set
                0x08002b22       0xc4 ./Core/Src/lps22df_reg.o
                0x08002b22                lps22df_bus_mode_set
 .text.lps22df_init_set
                0x08002be6      0x1c4 ./Core/Src/lps22df_reg.o
                0x08002be6                lps22df_init_set
 .text.lps22df_status_get
                0x08002daa      0x114 ./Core/Src/lps22df_reg.o
                0x08002daa                lps22df_status_get
 .text.lps22df_mode_set
                0x08002ebe       0xbc ./Core/Src/lps22df_reg.o
                0x08002ebe                lps22df_mode_set
 .text.lps22df_pin_int_route_set
                0x08002f7a       0x82 ./Core/Src/lps22df_reg.o
                0x08002f7a                lps22df_pin_int_route_set
 .text.lps22df_pin_int_route_get
                0x08002ffc       0x76 ./Core/Src/lps22df_reg.o
                0x08002ffc                lps22df_pin_int_route_get
 .text.lsm6dsv80x_read_reg
                0x08003072       0x40 ./Core/Src/lsm6dsv80x_reg.o
                0x08003072                lsm6dsv80x_read_reg
 .text.lsm6dsv80x_write_reg
                0x080030b2       0x40 ./Core/Src/lsm6dsv80x_reg.o
                0x080030b2                lsm6dsv80x_write_reg
 .text.bytecpy  0x080030f2       0x2a ./Core/Src/lsm6dsv80x_reg.o
 .text.lsm6dsv80x_from_fs16_to_mg
                0x0800311c       0x30 ./Core/Src/lsm6dsv80x_reg.o
                0x0800311c                lsm6dsv80x_from_fs16_to_mg
 .text.lsm6dsv80x_from_fs4000_to_mdps
                0x0800314c       0x30 ./Core/Src/lsm6dsv80x_reg.o
                0x0800314c                lsm6dsv80x_from_fs4000_to_mdps
 .text.lsm6dsv80x_sw_por
                0x0800317c       0x54 ./Core/Src/lsm6dsv80x_reg.o
                0x0800317c                lsm6dsv80x_sw_por
 .text.lsm6dsv80x_device_id_get
                0x080031d0       0x26 ./Core/Src/lsm6dsv80x_reg.o
                0x080031d0                lsm6dsv80x_device_id_get
 .text.lsm6dsv80x_xl_setup
                0x080031f6      0x23a ./Core/Src/lsm6dsv80x_reg.o
                0x080031f6                lsm6dsv80x_xl_setup
 .text.lsm6dsv80x_gy_setup
                0x08003430      0x1d2 ./Core/Src/lsm6dsv80x_reg.o
                0x08003430                lsm6dsv80x_gy_setup
 .text.lsm6dsv80x_haodr_set
                0x08003602      0x26a ./Core/Src/lsm6dsv80x_reg.o
                0x08003602                lsm6dsv80x_haodr_set
 .text.lsm6dsv80x_hg_xl_data_rate_set
                0x0800386c      0x110 ./Core/Src/lsm6dsv80x_reg.o
                0x0800386c                lsm6dsv80x_hg_xl_data_rate_set
 .text.lsm6dsv80x_block_data_update_set
                0x0800397c       0x54 ./Core/Src/lsm6dsv80x_reg.o
                0x0800397c                lsm6dsv80x_block_data_update_set
 .text.lsm6dsv80x_gy_full_scale_set
                0x080039d0       0xd0 ./Core/Src/lsm6dsv80x_reg.o
                0x080039d0                lsm6dsv80x_gy_full_scale_set
 .text.lsm6dsv80x_xl_full_scale_set
                0x08003aa0       0x54 ./Core/Src/lsm6dsv80x_reg.o
                0x08003aa0                lsm6dsv80x_xl_full_scale_set
 .text.lsm6dsv80x_hg_xl_full_scale_set
                0x08003af4       0x54 ./Core/Src/lsm6dsv80x_reg.o
                0x08003af4                lsm6dsv80x_hg_xl_full_scale_set
 .text.lsm6dsv80x_pin_int1_route_set
                0x08003b48      0x168 ./Core/Src/lsm6dsv80x_reg.o
                0x08003b48                lsm6dsv80x_pin_int1_route_set
 .text.lsm6dsv80x_pin_int1_route_get
                0x08003cb0      0x13e ./Core/Src/lsm6dsv80x_reg.o
                0x08003cb0                lsm6dsv80x_pin_int1_route_get
 .text.lsm6dsv80x_filt_settling_mask_set
                0x08003dee       0xd4 ./Core/Src/lsm6dsv80x_reg.o
                0x08003dee                lsm6dsv80x_filt_settling_mask_set
 .text.lsm6dsv80x_filt_gy_lp1_bandwidth_set
                0x08003ec2       0x54 ./Core/Src/lsm6dsv80x_reg.o
                0x08003ec2                lsm6dsv80x_filt_gy_lp1_bandwidth_set
 .text.lsm6dsv80x_filt_gy_lp1_set
                0x08003f16       0x54 ./Core/Src/lsm6dsv80x_reg.o
                0x08003f16                lsm6dsv80x_filt_gy_lp1_set
 .text.lsm6dsv80x_filt_xl_lp2_bandwidth_set
                0x08003f6a       0x54 ./Core/Src/lsm6dsv80x_reg.o
                0x08003f6a                lsm6dsv80x_filt_xl_lp2_bandwidth_set
 .text.lsm6dsv80x_filt_xl_lp2_set
                0x08003fbe       0x54 ./Core/Src/lsm6dsv80x_reg.o
                0x08003fbe                lsm6dsv80x_filt_xl_lp2_set
 *fill*         0x08004012        0x2 
 .text.black_eye_set
                0x08004014       0x44 ./Core/Src/main.o
                0x08004014                black_eye_set
 .text.rgb_led_set
                0x08004058      0x1ac ./Core/Src/main.o
                0x08004058                rgb_led_set
 .text.rgb_led_init
                0x08004204       0x48 ./Core/Src/main.o
                0x08004204                rgb_led_init
 .text.buzzer_set
                0x0800424c       0x38 ./Core/Src/main.o
                0x0800424c                buzzer_set
 .text.buzzer_init
                0x08004284       0x24 ./Core/Src/main.o
                0x08004284                buzzer_init
 .text.buzzer_play_tone
                0x080042a8       0x60 ./Core/Src/main.o
                0x080042a8                buzzer_play_tone
 .text.buzzer_play_sequence
                0x08004308       0x44 ./Core/Src/main.o
                0x08004308                buzzer_play_sequence
 .text.buzzer_update
                0x0800434c       0x82 ./Core/Src/main.o
                0x0800434c                buzzer_update
 *fill*         0x080043ce        0x2 
 .text.servo_set_duty
                0x080043d0       0x64 ./Core/Src/main.o
                0x080043d0                servo_set_duty
 .text.servo_set_deployment
                0x08004434       0x50 ./Core/Src/main.o
                0x08004434                servo_set_deployment
 .text.servo_enable
                0x08004484       0x7a ./Core/Src/main.o
                0x08004484                servo_enable
 .text.servo_init
                0x080044fe       0x3e ./Core/Src/main.o
                0x080044fe                servo_init
 .text.servo_get_angle
                0x0800453c       0x7c ./Core/Src/main.o
                0x0800453c                servo_get_angle
 .text.get_mode_switch
                0x080045b8       0x64 ./Core/Src/main.o
                0x080045b8                get_mode_switch
 .text.batt_sense_get
                0x0800461c       0xa4 ./Core/Src/main.o
                0x0800461c                batt_sense_get
 .text.batt_sense_init
                0x080046c0       0x20 ./Core/Src/main.o
                0x080046c0                batt_sense_init
 .text.cobs_encode
                0x080046e0       0xa6 ./Core/Src/main.o
 .text.telemetry_state
                0x08004786       0x50 ./Core/Src/main.o
                0x08004786                telemetry_state
 .text.cobs_decode
                0x080047d6       0xa2 ./Core/Src/main.o
 .text.main     0x08004878      0x1f4 ./Core/Src/main.o
                0x08004878                main
 .text.SystemClock_Config
                0x08004a6c       0xdc ./Core/Src/main.o
                0x08004a6c                SystemClock_Config
 .text.PeriphCommonClock_Config
                0x08004b48       0x6c ./Core/Src/main.o
                0x08004b48                PeriphCommonClock_Config
 .text.MX_ADC1_Init
                0x08004bb4      0x114 ./Core/Src/main.o
 .text.MX_ADC3_Init
                0x08004cc8       0xdc ./Core/Src/main.o
 .text.MX_OCTOSPI1_Init
                0x08004da4       0xbc ./Core/Src/main.o
 .text.MX_SPI1_Init
                0x08004e60       0xb4 ./Core/Src/main.o
 .text.MX_SPI2_Init
                0x08004f14       0xb4 ./Core/Src/main.o
 .text.MX_SPI4_Init
                0x08004fc8       0xb4 ./Core/Src/main.o
 .text.MX_TIM3_Init
                0x0800507c      0x11c ./Core/Src/main.o
 .text.MX_TIM4_Init
                0x08005198      0x11c ./Core/Src/main.o
 .text.MX_TIM6_Init
                0x080052b4       0x6c ./Core/Src/main.o
 .text.MX_TIM7_Init
                0x08005320       0x6c ./Core/Src/main.o
 .text.MX_TIM16_Init
                0x0800538c       0xf4 ./Core/Src/main.o
 .text.MX_TIM17_Init
                0x08005480       0xf4 ./Core/Src/main.o
 .text.MX_UART4_Init
                0x08005574       0x98 ./Core/Src/main.o
 .text.MX_USB_OTG_HS_PCD_Init
                0x0800560c       0x64 ./Core/Src/main.o
 .text.MX_BDMA_Init
                0x08005670       0x40 ./Core/Src/main.o
 .text.MX_DMA_Init
                0x080056b0       0xb0 ./Core/Src/main.o
 .text.MX_GPIO_Init
                0x08005760      0x28c ./Core/Src/main.o
 .text.__io_putchar
                0x080059ec       0x24 ./Core/Src/main.o
                0x080059ec                __io_putchar
 .text.HAL_GPIO_EXTI_Callback
                0x08005a10       0x40 ./Core/Src/main.o
                0x08005a10                HAL_GPIO_EXTI_Callback
 .text.HAL_SPI_TxRxCpltCallback
                0x08005a50       0x38 ./Core/Src/main.o
                0x08005a50                HAL_SPI_TxRxCpltCallback
 .text.HAL_SPI_RxCpltCallback
                0x08005a88       0x24 ./Core/Src/main.o
                0x08005a88                HAL_SPI_RxCpltCallback
 .text.HAL_TIM_PeriodElapsedCallback
                0x08005aac       0x44 ./Core/Src/main.o
                0x08005aac                HAL_TIM_PeriodElapsedCallback
 .text.HAL_UART_RxCpltCallback
                0x08005af0       0xa0 ./Core/Src/main.o
                0x08005af0                HAL_UART_RxCpltCallback
 .text.mode_transition_handler
                0x08005b90      0x104 ./Core/Src/main.o
                0x08005b90                mode_transition_handler
 .text.mode_current_handler
                0x08005c94      0x504 ./Core/Src/main.o
                0x08005c94                mode_current_handler
 .text.MPU_Config
                0x08006198       0x58 ./Core/Src/main.o
 .text.Error_Handler
                0x080061f0        0xc ./Core/Src/main.o
                0x080061f0                Error_Handler
 .text.spi_nss  0x080061fc       0x78 ./Core/Src/sensors.o
                0x080061fc                spi_nss
 .text.platform_write
                0x08006274       0x64 ./Core/Src/sensors.o
                0x08006274                platform_write
 .text.platform_read
                0x080062d8       0x6e ./Core/Src/sensors.o
                0x080062d8                platform_read
 .text.platform_delay
                0x08006346       0x16 ./Core/Src/sensors.o
                0x08006346                platform_delay
 .text.baro_int_drdy_handler
                0x0800635c       0x40 ./Core/Src/sensors.o
                0x0800635c                baro_int_drdy_handler
 .text.imu_int_drdy_handler
                0x0800639c       0x40 ./Core/Src/sensors.o
                0x0800639c                imu_int_drdy_handler
 .text.mag_int_drdy_handler
                0x080063dc       0x40 ./Core/Src/sensors.o
                0x080063dc                mag_int_drdy_handler
 .text.baro_spi_callback
                0x0800641c       0x68 ./Core/Src/sensors.o
                0x0800641c                baro_spi_callback
 .text.imu_spi_callback
                0x08006484      0x180 ./Core/Src/sensors.o
                0x08006484                imu_spi_callback
 .text.mag_spi_callback
                0x08006604       0xb8 ./Core/Src/sensors.o
                0x08006604                mag_spi_callback
 .text.sensors_init
                0x080066bc       0x1a ./Core/Src/sensors.o
                0x080066bc                sensors_init
 *fill*         0x080066d6        0x2 
 .text.baro_init
                0x080066d8       0xd4 ./Core/Src/sensors.o
                0x080066d8                baro_init
 .text.imu_init
                0x080067ac      0x10c ./Core/Src/sensors.o
                0x080067ac                imu_init
 .text.mag_init
                0x080068b8       0xb4 ./Core/Src/sensors.o
                0x080068b8                mag_init
 .text.state_estimation
                0x0800696c      0x1a4 ./Core/Src/state_estimation.o
                0x0800696c                state_estimation
 .text.get_imu_b
                0x08006b10       0x64 ./Core/Src/state_estimation.o
                0x08006b10                get_imu_b
 .text.get_mag_b
                0x08006b74       0x44 ./Core/Src/state_estimation.o
                0x08006b74                get_mag_b
 .text.quat_rot
                0x08006bb8      0x268 ./Core/Src/state_estimation.o
                0x08006bb8                quat_rot
 .text.launch_detect
                0x08006e20       0x70 ./Core/Src/state_estimation.o
                0x08006e20                launch_detect
 .text.launch_detect_override
                0x08006e90       0x2c ./Core/Src/state_estimation.o
                0x08006e90                launch_detect_override
 .text.kalman_predict
                0x08006ebc      0x1e4 ./Core/Src/state_estimation.o
                0x08006ebc                kalman_predict
 .text.kalman_update
                0x080070a0      0x1ac ./Core/Src/state_estimation.o
                0x080070a0                kalman_update
 .text.HAL_MspInit
                0x0800724c       0x34 ./Core/Src/stm32h7xx_hal_msp.o
                0x0800724c                HAL_MspInit
 .text.HAL_ADC_MspInit
                0x08007280      0x1ac ./Core/Src/stm32h7xx_hal_msp.o
                0x08007280                HAL_ADC_MspInit
 .text.HAL_OSPI_MspInit
                0x0800742c      0x134 ./Core/Src/stm32h7xx_hal_msp.o
                0x0800742c                HAL_OSPI_MspInit
 .text.HAL_SPI_MspInit
                0x08007560      0x470 ./Core/Src/stm32h7xx_hal_msp.o
                0x08007560                HAL_SPI_MspInit
 .text.HAL_TIM_Base_MspInit
                0x080079d0      0x148 ./Core/Src/stm32h7xx_hal_msp.o
                0x080079d0                HAL_TIM_Base_MspInit
 .text.HAL_TIM_MspPostInit
                0x08007b18      0x170 ./Core/Src/stm32h7xx_hal_msp.o
                0x08007b18                HAL_TIM_MspPostInit
 .text.HAL_UART_MspInit
                0x08007c88      0x144 ./Core/Src/stm32h7xx_hal_msp.o
                0x08007c88                HAL_UART_MspInit
 .text.HAL_PCD_MspInit
                0x08007dcc       0xf0 ./Core/Src/stm32h7xx_hal_msp.o
                0x08007dcc                HAL_PCD_MspInit
 .text.NMI_Handler
                0x08007ebc        0x8 ./Core/Src/stm32h7xx_it.o
                0x08007ebc                NMI_Handler
 .text.HardFault_Handler
                0x08007ec4        0x8 ./Core/Src/stm32h7xx_it.o
                0x08007ec4                HardFault_Handler
 .text.MemManage_Handler
                0x08007ecc        0x8 ./Core/Src/stm32h7xx_it.o
                0x08007ecc                MemManage_Handler
 .text.BusFault_Handler
                0x08007ed4        0x8 ./Core/Src/stm32h7xx_it.o
                0x08007ed4                BusFault_Handler
 .text.UsageFault_Handler
                0x08007edc        0x8 ./Core/Src/stm32h7xx_it.o
                0x08007edc                UsageFault_Handler
 .text.SVC_Handler
                0x08007ee4        0xe ./Core/Src/stm32h7xx_it.o
                0x08007ee4                SVC_Handler
 .text.DebugMon_Handler
                0x08007ef2        0xe ./Core/Src/stm32h7xx_it.o
                0x08007ef2                DebugMon_Handler
 .text.PendSV_Handler
                0x08007f00        0xe ./Core/Src/stm32h7xx_it.o
                0x08007f00                PendSV_Handler
 .text.SysTick_Handler
                0x08007f0e        0xc ./Core/Src/stm32h7xx_it.o
                0x08007f0e                SysTick_Handler
 .text.EXTI0_IRQHandler
                0x08007f1a        0xe ./Core/Src/stm32h7xx_it.o
                0x08007f1a                EXTI0_IRQHandler
 .text.EXTI1_IRQHandler
                0x08007f28        0xe ./Core/Src/stm32h7xx_it.o
                0x08007f28                EXTI1_IRQHandler
 .text.EXTI2_IRQHandler
                0x08007f36        0xe ./Core/Src/stm32h7xx_it.o
                0x08007f36                EXTI2_IRQHandler
 .text.EXTI3_IRQHandler
                0x08007f44        0xe ./Core/Src/stm32h7xx_it.o
                0x08007f44                EXTI3_IRQHandler
 .text.EXTI4_IRQHandler
                0x08007f52        0xe ./Core/Src/stm32h7xx_it.o
                0x08007f52                EXTI4_IRQHandler
 .text.DMA1_Stream0_IRQHandler
                0x08007f60       0x14 ./Core/Src/stm32h7xx_it.o
                0x08007f60                DMA1_Stream0_IRQHandler
 .text.DMA1_Stream1_IRQHandler
                0x08007f74       0x14 ./Core/Src/stm32h7xx_it.o
                0x08007f74                DMA1_Stream1_IRQHandler
 .text.DMA1_Stream2_IRQHandler
                0x08007f88       0x14 ./Core/Src/stm32h7xx_it.o
                0x08007f88                DMA1_Stream2_IRQHandler
 .text.DMA1_Stream3_IRQHandler
                0x08007f9c       0x14 ./Core/Src/stm32h7xx_it.o
                0x08007f9c                DMA1_Stream3_IRQHandler
 .text.DMA1_Stream4_IRQHandler
                0x08007fb0       0x14 ./Core/Src/stm32h7xx_it.o
                0x08007fb0                DMA1_Stream4_IRQHandler
 .text.DMA1_Stream5_IRQHandler
                0x08007fc4       0x14 ./Core/Src/stm32h7xx_it.o
                0x08007fc4                DMA1_Stream5_IRQHandler
 .text.DMA1_Stream6_IRQHandler
                0x08007fd8       0x14 ./Core/Src/stm32h7xx_it.o
                0x08007fd8                DMA1_Stream6_IRQHandler
 .text.EXTI9_5_IRQHandler
                0x08007fec       0x18 ./Core/Src/stm32h7xx_it.o
                0x08007fec                EXTI9_5_IRQHandler
 .text.SPI1_IRQHandler
                0x08008004       0x14 ./Core/Src/stm32h7xx_it.o
                0x08008004                SPI1_IRQHandler
 .text.SPI2_IRQHandler
                0x08008018       0x14 ./Core/Src/stm32h7xx_it.o
                0x08008018                SPI2_IRQHandler
 .text.EXTI15_10_IRQHandler
                0x0800802c       0x10 ./Core/Src/stm32h7xx_it.o
                0x0800802c                EXTI15_10_IRQHandler
 .text.DMA1_Stream7_IRQHandler
                0x0800803c       0x14 ./Core/Src/stm32h7xx_it.o
                0x0800803c                DMA1_Stream7_IRQHandler
 .text.UART4_IRQHandler
                0x08008050       0x14 ./Core/Src/stm32h7xx_it.o
                0x08008050                UART4_IRQHandler
 .text.TIM6_DAC_IRQHandler
                0x08008064       0x14 ./Core/Src/stm32h7xx_it.o
                0x08008064                TIM6_DAC_IRQHandler
 .text.TIM7_IRQHandler
                0x08008078       0x14 ./Core/Src/stm32h7xx_it.o
                0x08008078                TIM7_IRQHandler
 .text.SPI4_IRQHandler
                0x0800808c       0x14 ./Core/Src/stm32h7xx_it.o
                0x0800808c                SPI4_IRQHandler
 .text.BDMA_Channel0_IRQHandler
                0x080080a0       0x14 ./Core/Src/stm32h7xx_it.o
                0x080080a0                BDMA_Channel0_IRQHandler
 .text._getpid  0x080080b4       0x10 ./Core/Src/syscalls.o
                0x080080b4                _getpid
 .text._kill    0x080080c4       0x20 ./Core/Src/syscalls.o
                0x080080c4                _kill
 .text._exit    0x080080e4       0x16 ./Core/Src/syscalls.o
                0x080080e4                _exit
 .text._read    0x080080fa       0x3a ./Core/Src/syscalls.o
                0x080080fa                _read
 .text._write   0x08008134       0x38 ./Core/Src/syscalls.o
                0x08008134                _write
 .text._close   0x0800816c       0x18 ./Core/Src/syscalls.o
                0x0800816c                _close
 .text._fstat   0x08008184       0x20 ./Core/Src/syscalls.o
                0x08008184                _fstat
 .text._isatty  0x080081a4       0x16 ./Core/Src/syscalls.o
                0x080081a4                _isatty
 .text._lseek   0x080081ba       0x1a ./Core/Src/syscalls.o
                0x080081ba                _lseek
 .text._sbrk    0x080081d4       0x6c ./Core/Src/sysmem.o
                0x080081d4                _sbrk
 .text.SystemInit
                0x08008240      0x120 ./Core/Src/system_stm32h7xx.o
                0x08008240                SystemInit
 .text.ExitRun0Mode
                0x08008360       0x30 ./Core/Src/system_stm32h7xx.o
                0x08008360                ExitRun0Mode
 .text.Reset_Handler
                0x08008390       0x54 ./Core/Startup/startup_stm32h730vbtx.o
                0x08008390                Reset_Handler
 .text.Default_Handler
                0x080083e4        0x2 ./Core/Startup/startup_stm32h730vbtx.o
                0x080083e4                RTC_Alarm_IRQHandler
                0x080083e4                HASH_RNG_IRQHandler
                0x080083e4                TIM8_CC_IRQHandler
                0x080083e4                UART8_IRQHandler
                0x080083e4                FDCAN3_IT0_IRQHandler
                0x080083e4                TIM1_CC_IRQHandler
                0x080083e4                BDMA_Channel6_IRQHandler
                0x080083e4                DMA2_Stream5_IRQHandler
                0x080083e4                CORDIC_IRQHandler
                0x080083e4                BDMA_Channel1_IRQHandler
                0x080083e4                TAMP_STAMP_IRQHandler
                0x080083e4                LPTIM4_IRQHandler
                0x080083e4                TIM8_TRG_COM_TIM14_IRQHandler
                0x080083e4                LPTIM2_IRQHandler
                0x080083e4                DFSDM1_FLT1_IRQHandler
                0x080083e4                DMAMUX2_OVR_IRQHandler
                0x080083e4                TIM8_UP_TIM13_IRQHandler
                0x080083e4                I2C3_ER_IRQHandler
                0x080083e4                DFSDM1_FLT2_IRQHandler
                0x080083e4                I2C5_EV_IRQHandler
                0x080083e4                USART10_IRQHandler
                0x080083e4                MDMA_IRQHandler
                0x080083e4                LPTIM3_IRQHandler
                0x080083e4                HSEM1_IRQHandler
                0x080083e4                I2C2_EV_IRQHandler
                0x080083e4                FPU_IRQHandler
                0x080083e4                OTG_HS_WKUP_IRQHandler
                0x080083e4                FDCAN1_IT1_IRQHandler
                0x080083e4                LTDC_ER_IRQHandler
                0x080083e4                DMA2_Stream2_IRQHandler
                0x080083e4                OCTOSPI1_IRQHandler
                0x080083e4                DMA2_Stream3_IRQHandler
                0x080083e4                OCTOSPI2_IRQHandler
                0x080083e4                DFSDM1_FLT3_IRQHandler
                0x080083e4                TIM23_IRQHandler
                0x080083e4                USART6_IRQHandler
                0x080083e4                TIM17_IRQHandler
                0x080083e4                USART3_IRQHandler
                0x080083e4                BDMA_Channel7_IRQHandler
                0x080083e4                CRYP_IRQHandler
                0x080083e4                LPTIM5_IRQHandler
                0x080083e4                UART5_IRQHandler
                0x080083e4                ADC3_IRQHandler
                0x080083e4                DMA2_Stream0_IRQHandler
                0x080083e4                TIM4_IRQHandler
                0x080083e4                BDMA_Channel2_IRQHandler
                0x080083e4                I2C1_EV_IRQHandler
                0x080083e4                DMAMUX1_OVR_IRQHandler
                0x080083e4                TIM16_IRQHandler
                0x080083e4                BDMA_Channel5_IRQHandler
                0x080083e4                TIM3_IRQHandler
                0x080083e4                RCC_IRQHandler
                0x080083e4                UART9_IRQHandler
                0x080083e4                TIM8_BRK_TIM12_IRQHandler
                0x080083e4                TIM1_TRG_COM_IRQHandler
                0x080083e4                Default_Handler
                0x080083e4                ECC_IRQHandler
                0x080083e4                FMAC_IRQHandler
                0x080083e4                CEC_IRQHandler
                0x080083e4                ADC_IRQHandler
                0x080083e4                I2C5_ER_IRQHandler
                0x080083e4                OTFDEC1_IRQHandler
                0x080083e4                SPI5_IRQHandler
                0x080083e4                FDCAN3_IT1_IRQHandler
                0x080083e4                SDMMC1_IRQHandler
                0x080083e4                TIM5_IRQHandler
                0x080083e4                DMA2_Stream7_IRQHandler
                0x080083e4                TIM15_IRQHandler
                0x080083e4                PVD_AVD_IRQHandler
                0x080083e4                I2C3_EV_IRQHandler
                0x080083e4                RTC_WKUP_IRQHandler
                0x080083e4                LTDC_IRQHandler
                0x080083e4                ETH_WKUP_IRQHandler
                0x080083e4                SPDIF_RX_IRQHandler
                0x080083e4                OTG_HS_EP1_IN_IRQHandler
                0x080083e4                OTFDEC2_IRQHandler
                0x080083e4                TIM24_IRQHandler
                0x080083e4                CRS_IRQHandler
                0x080083e4                FDCAN2_IT1_IRQHandler
                0x080083e4                ETH_IRQHandler
                0x080083e4                TIM1_UP_IRQHandler
                0x080083e4                BDMA_Channel4_IRQHandler
                0x080083e4                OTG_HS_EP1_OUT_IRQHandler
                0x080083e4                WWDG_IRQHandler
                0x080083e4                SPI6_IRQHandler
                0x080083e4                MDIOS_IRQHandler
                0x080083e4                I2C4_EV_IRQHandler
                0x080083e4                FDCAN2_IT0_IRQHandler
                0x080083e4                LPUART1_IRQHandler
                0x080083e4                FDCAN1_IT0_IRQHandler
                0x080083e4                TIM2_IRQHandler
                0x080083e4                OTG_HS_IRQHandler
                0x080083e4                DMA2D_IRQHandler
                0x080083e4                TIM1_BRK_IRQHandler
                0x080083e4                SDMMC2_IRQHandler
                0x080083e4                BDMA_Channel3_IRQHandler
                0x080083e4                DTS_IRQHandler
                0x080083e4                UART7_IRQHandler
                0x080083e4                MDIOS_WKUP_IRQHandler
                0x080083e4                USART2_IRQHandler
                0x080083e4                DFSDM1_FLT0_IRQHandler
                0x080083e4                SAI4_IRQHandler
                0x080083e4                I2C2_ER_IRQHandler
                0x080083e4                DMA2_Stream1_IRQHandler
                0x080083e4                FLASH_IRQHandler
                0x080083e4                DMA2_Stream4_IRQHandler
                0x080083e4                USART1_IRQHandler
                0x080083e4                SPI3_IRQHandler
                0x080083e4                WAKEUP_PIN_IRQHandler
                0x080083e4                I2C1_ER_IRQHandler
                0x080083e4                FMC_IRQHandler
                0x080083e4                FDCAN_CAL_IRQHandler
                0x080083e4                SWPMI1_IRQHandler
                0x080083e4                COMP1_IRQHandler
                0x080083e4                LPTIM1_IRQHandler
                0x080083e4                DCMI_PSSI_IRQHandler
                0x080083e4                I2C4_ER_IRQHandler
                0x080083e4                DMA2_Stream6_IRQHandler
                0x080083e4                SAI1_IRQHandler
 *fill*         0x080083e6        0x2 
 .text.HAL_Init
                0x080083e8       0x78 ./Drivers/STM32H7xx_HAL_Driver/Src/stm32h7xx_hal.o
                0x080083e8                HAL_Init
 .text.HAL_InitTick
                0x08008460       0x6c ./Drivers/STM32H7xx_HAL_Driver/Src/stm32h7xx_hal.o
                0x08008460                HAL_InitTick
 .text.HAL_IncTick
                0x080084cc       0x28 ./Drivers/STM32H7xx_HAL_Driver/Src/stm32h7xx_hal.o
                0x080084cc                HAL_IncTick
 .text.HAL_GetTick
                0x080084f4       0x18 ./Drivers/STM32H7xx_HAL_Driver/Src/stm32h7xx_hal.o
                0x080084f4                HAL_GetTick
 .text.HAL_Delay
                0x0800850c       0x48 ./Drivers/STM32H7xx_HAL_Driver/Src/stm32h7xx_hal.o
                0x0800850c                HAL_Delay
 .text.HAL_SYSCFG_AnalogSwitchConfig
                0x08008554       0x2c ./Drivers/STM32H7xx_HAL_Driver/Src/stm32h7xx_hal.o
                0x08008554                HAL_SYSCFG_AnalogSwitchConfig
 .text.LL_ADC_SetCommonClock
                0x08008580       0x26 ./Drivers/STM32H7xx_HAL_Driver/Src/stm32h7xx_hal_adc.o
 .text.LL_ADC_SetCommonPathInternalCh
                0x080085a6       0x26 ./Drivers/STM32H7xx_HAL_Driver/Src/stm32h7xx_hal_adc.o
 .text.LL_ADC_GetCommonPathInternalCh
                0x080085cc       0x1c ./Drivers/STM32H7xx_HAL_Driver/Src/stm32h7xx_hal_adc.o
 .text.LL_ADC_SetChannelPreselection
                0x080085e8       0x74 ./Drivers/STM32H7xx_HAL_Driver/Src/stm32h7xx_hal_adc.o
 .text.LL_ADC_SetOffset
                0x0800865c       0x64 ./Drivers/STM32H7xx_HAL_Driver/Src/stm32h7xx_hal_adc.o
 .text.LL_ADC_GetOffsetChannel
                0x080086c0       0x2c ./Drivers/STM32H7xx_HAL_Driver/Src/stm32h7xx_hal_adc.o
 .text.LL_ADC_SetDataRightShift
                0x080086ec       0x32 ./Drivers/STM32H7xx_HAL_Driver/Src/stm32h7xx_hal_adc.o
 *fill*         0x0800871e        0x2 
 .text.LL_ADC_SetOffsetSignedSaturation
                0x08008720       0x44 ./Drivers/STM32H7xx_HAL_Driver/Src/stm32h7xx_hal_adc.o
 .text.LL_ADC_SetOffsetSaturation
                0x08008764       0x44 ./Drivers/STM32H7xx_HAL_Driver/Src/stm32h7xx_hal_adc.o
 .text.LL_ADC_SetOffsetSign
                0x080087a8       0x44 ./Drivers/STM32H7xx_HAL_Driver/Src/stm32h7xx_hal_adc.o
 .text.LL_ADC_SetOffsetState
                0x080087ec       0x54 ./Drivers/STM32H7xx_HAL_Driver/Src/stm32h7xx_hal_adc.o
 .text.LL_ADC_REG_IsTriggerSourceSWStart
                0x08008840       0x26 ./Drivers/STM32H7xx_HAL_Driver/Src/stm32h7xx_hal_adc.o
 .text.LL_ADC_REG_SetSequencerRanks
                0x08008866       0x58 ./Drivers/STM32H7xx_HAL_Driver/Src/stm32h7xx_hal_adc.o
 .text.LL_ADC_REG_SetDataTransferMode
                0x080088be       0x26 ./Drivers/STM32H7xx_HAL_Driver/Src/stm32h7xx_hal_adc.o
 .text.LL_ADC_EnableDMAReq
                0x080088e4       0x20 ./Drivers/STM32H7xx_HAL_Driver/Src/stm32h7xx_hal_adc.o
 .text.LL_ADC_REG_SetDMATransferMode
                0x08008904       0x34 ./Drivers/STM32H7xx_HAL_Driver/Src/stm32h7xx_hal_adc.o
 .text.LL_ADC_SetChannelSamplingTime
                0x08008938       0x56 ./Drivers/STM32H7xx_HAL_Driver/Src/stm32h7xx_hal_adc.o
 *fill*         0x0800898e        0x2 
 .text.LL_ADC_SetChannelSingleDiff
                0x08008990       0x80 ./Drivers/STM32H7xx_HAL_Driver/Src/stm32h7xx_hal_adc.o
 .text.LL_ADC_GetMultimode
                0x08008a10       0x1c ./Drivers/STM32H7xx_HAL_Driver/Src/stm32h7xx_hal_adc.o
 .text.LL_ADC_DisableDeepPowerDown
                0x08008a2c       0x24 ./Drivers/STM32H7xx_HAL_Driver/Src/stm32h7xx_hal_adc.o
 .text.LL_ADC_IsDeepPowerDownEnabled
                0x08008a50       0x28 ./Drivers/STM32H7xx_HAL_Driver/Src/stm32h7xx_hal_adc.o
 .text.LL_ADC_EnableInternalRegulator
                0x08008a78       0x28 ./Drivers/STM32H7xx_HAL_Driver/Src/stm32h7xx_hal_adc.o
 .text.LL_ADC_IsInternalRegulatorEnabled
                0x08008aa0       0x28 ./Drivers/STM32H7xx_HAL_Driver/Src/stm32h7xx_hal_adc.o
 .text.LL_ADC_Enable
                0x08008ac8       0x28 ./Drivers/STM32H7xx_HAL_Driver/Src/stm32h7xx_hal_adc.o
 .text.LL_ADC_IsEnabled
                0x08008af0       0x26 ./Drivers/STM32H7xx_HAL_Driver/Src/stm32h7xx_hal_adc.o
 *fill*         0x08008b16        0x2 
 .text.LL_ADC_REG_StartConversion
                0x08008b18       0x28 ./Drivers/STM32H7xx_HAL_Driver/Src/stm32h7xx_hal_adc.o
 .text.LL_ADC_REG_IsConversionOngoing
                0x08008b40       0x26 ./Drivers/STM32H7xx_HAL_Driver/Src/stm32h7xx_hal_adc.o
 .text.LL_ADC_INJ_IsConversionOngoing
                0x08008b66       0x26 ./Drivers/STM32H7xx_HAL_Driver/Src/stm32h7xx_hal_adc.o
 .text.HAL_ADC_Init
                0x08008b8c      0x410 ./Drivers/STM32H7xx_HAL_Driver/Src/stm32h7xx_hal_adc.o
                0x08008b8c                HAL_ADC_Init
 .text.HAL_ADC_Start_DMA
                0x08008f9c      0x1b8 ./Drivers/STM32H7xx_HAL_Driver/Src/stm32h7xx_hal_adc.o
                0x08008f9c                HAL_ADC_Start_DMA
 .text.HAL_ADC_ConvCpltCallback
                0x08009154       0x14 ./Drivers/STM32H7xx_HAL_Driver/Src/stm32h7xx_hal_adc.o
                0x08009154                HAL_ADC_ConvCpltCallback
 .text.HAL_ADC_ConvHalfCpltCallback
                0x08009168       0x14 ./Drivers/STM32H7xx_HAL_Driver/Src/stm32h7xx_hal_adc.o
                0x08009168                HAL_ADC_ConvHalfCpltCallback
 .text.HAL_ADC_ErrorCallback
                0x0800917c       0x14 ./Drivers/STM32H7xx_HAL_Driver/Src/stm32h7xx_hal_adc.o
                0x0800917c                HAL_ADC_ErrorCallback
 .text.HAL_ADC_ConfigChannel
                0x08009190      0x9a8 ./Drivers/STM32H7xx_HAL_Driver/Src/stm32h7xx_hal_adc.o
                0x08009190                HAL_ADC_ConfigChannel
 .text.ADC_Enable
                0x08009b38      0x114 ./Drivers/STM32H7xx_HAL_Driver/Src/stm32h7xx_hal_adc.o
                0x08009b38                ADC_Enable
 .text.ADC_DMAConvCplt
                0x08009c4c       0xd8 ./Drivers/STM32H7xx_HAL_Driver/Src/stm32h7xx_hal_adc.o
                0x08009c4c                ADC_DMAConvCplt
 .text.ADC_DMAHalfConvCplt
                0x08009d24       0x1c ./Drivers/STM32H7xx_HAL_Driver/Src/stm32h7xx_hal_adc.o
                0x08009d24                ADC_DMAHalfConvCplt
 .text.ADC_DMAError
                0x08009d40       0x34 ./Drivers/STM32H7xx_HAL_Driver/Src/stm32h7xx_hal_adc.o
                0x08009d40                ADC_DMAError
 .text.ADC_ConfigureBoostMode
                0x08009d74      0x1dc ./Drivers/STM32H7xx_HAL_Driver/Src/stm32h7xx_hal_adc.o
                0x08009d74                ADC_ConfigureBoostMode
 .text.LL_ADC_IsEnabled
                0x08009f50       0x26 ./Drivers/STM32H7xx_HAL_Driver/Src/stm32h7xx_hal_adc_ex.o
 .text.LL_ADC_REG_IsConversionOngoing
                0x08009f76       0x26 ./Drivers/STM32H7xx_HAL_Driver/Src/stm32h7xx_hal_adc_ex.o
 .text.HAL_ADCEx_MultiModeConfigChannel
                0x08009f9c      0x1c4 ./Drivers/STM32H7xx_HAL_Driver/Src/stm32h7xx_hal_adc_ex.o
                0x08009f9c                HAL_ADCEx_MultiModeConfigChannel
 .text.__NVIC_SetPriorityGrouping
                0x0800a160       0x48 ./Drivers/STM32H7xx_HAL_Driver/Src/stm32h7xx_hal_cortex.o
 .text.__NVIC_GetPriorityGrouping
                0x0800a1a8       0x1c ./Drivers/STM32H7xx_HAL_Driver/Src/stm32h7xx_hal_cortex.o
 .text.__NVIC_EnableIRQ
                0x0800a1c4       0x3c ./Drivers/STM32H7xx_HAL_Driver/Src/stm32h7xx_hal_cortex.o
 .text.__NVIC_DisableIRQ
                0x0800a200       0x48 ./Drivers/STM32H7xx_HAL_Driver/Src/stm32h7xx_hal_cortex.o
 .text.__NVIC_SetPriority
                0x0800a248       0x54 ./Drivers/STM32H7xx_HAL_Driver/Src/stm32h7xx_hal_cortex.o
 .text.NVIC_EncodePriority
                0x0800a29c       0x66 ./Drivers/STM32H7xx_HAL_Driver/Src/stm32h7xx_hal_cortex.o
 *fill*         0x0800a302        0x2 
 .text.SysTick_Config
                0x0800a304       0x44 ./Drivers/STM32H7xx_HAL_Driver/Src/stm32h7xx_hal_cortex.o
 .text.HAL_NVIC_SetPriorityGrouping
                0x0800a348       0x16 ./Drivers/STM32H7xx_HAL_Driver/Src/stm32h7xx_hal_cortex.o
                0x0800a348                HAL_NVIC_SetPriorityGrouping
 .text.HAL_NVIC_SetPriority
                0x0800a35e       0x34 ./Drivers/STM32H7xx_HAL_Driver/Src/stm32h7xx_hal_cortex.o
                0x0800a35e                HAL_NVIC_SetPriority
 .text.HAL_NVIC_EnableIRQ
                0x0800a392       0x1c ./Drivers/STM32H7xx_HAL_Driver/Src/stm32h7xx_hal_cortex.o
                0x0800a392                HAL_NVIC_EnableIRQ
 .text.HAL_NVIC_DisableIRQ
                0x0800a3ae       0x1c ./Drivers/STM32H7xx_HAL_Driver/Src/stm32h7xx_hal_cortex.o
                0x0800a3ae                HAL_NVIC_DisableIRQ
 .text.HAL_SYSTICK_Config
                0x0800a3ca       0x18 ./Drivers/STM32H7xx_HAL_Driver/Src/stm32h7xx_hal_cortex.o
                0x0800a3ca                HAL_SYSTICK_Config
 *fill*         0x0800a3e2        0x2 
 .text.HAL_MPU_Disable
                0x0800a3e4       0x30 ./Drivers/STM32H7xx_HAL_Driver/Src/stm32h7xx_hal_cortex.o
                0x0800a3e4                HAL_MPU_Disable
 .text.HAL_MPU_Enable
                0x0800a414       0x40 ./Drivers/STM32H7xx_HAL_Driver/Src/stm32h7xx_hal_cortex.o
                0x0800a414                HAL_MPU_Enable
 .text.HAL_MPU_ConfigRegion
                0x0800a454       0x80 ./Drivers/STM32H7xx_HAL_Driver/Src/stm32h7xx_hal_cortex.o
                0x0800a454                HAL_MPU_ConfigRegion
 .text.HAL_DMA_Init
                0x0800a4d4      0x6b0 ./Drivers/STM32H7xx_HAL_Driver/Src/stm32h7xx_hal_dma.o
                0x0800a4d4                HAL_DMA_Init
 .text.HAL_DMA_Start_IT
                0x0800ab84      0x4d4 ./Drivers/STM32H7xx_HAL_Driver/Src/stm32h7xx_hal_dma.o
                0x0800ab84                HAL_DMA_Start_IT
 .text.HAL_DMA_Abort
                0x0800b058      0x63c ./Drivers/STM32H7xx_HAL_Driver/Src/stm32h7xx_hal_dma.o
                0x0800b058                HAL_DMA_Abort
 .text.HAL_DMA_Abort_IT
                0x0800b694      0x48c ./Drivers/STM32H7xx_HAL_Driver/Src/stm32h7xx_hal_dma.o
                0x0800b694                HAL_DMA_Abort_IT
 .text.HAL_DMA_IRQHandler
                0x0800bb20      0xe54 ./Drivers/STM32H7xx_HAL_Driver/Src/stm32h7xx_hal_dma.o
                0x0800bb20                HAL_DMA_IRQHandler
 .text.HAL_DMA_GetError
                0x0800c974       0x18 ./Drivers/STM32H7xx_HAL_Driver/Src/stm32h7xx_hal_dma.o
                0x0800c974                HAL_DMA_GetError
 .text.DMA_SetConfig
                0x0800c98c      0x358 ./Drivers/STM32H7xx_HAL_Driver/Src/stm32h7xx_hal_dma.o
 .text.DMA_CalcBaseAndBitshift
                0x0800cce4      0x164 ./Drivers/STM32H7xx_HAL_Driver/Src/stm32h7xx_hal_dma.o
 .text.DMA_CheckFifoParam
                0x0800ce48       0xf8 ./Drivers/STM32H7xx_HAL_Driver/Src/stm32h7xx_hal_dma.o
 .text.DMA_CalcDMAMUXChannelBaseAndMask
                0x0800cf40      0x134 ./Drivers/STM32H7xx_HAL_Driver/Src/stm32h7xx_hal_dma.o
 .text.DMA_CalcDMAMUXRequestGenBaseAndMask
                0x0800d074       0xe8 ./Drivers/STM32H7xx_HAL_Driver/Src/stm32h7xx_hal_dma.o
 .text.HAL_GPIO_Init
                0x0800d15c      0x350 ./Drivers/STM32H7xx_HAL_Driver/Src/stm32h7xx_hal_gpio.o
                0x0800d15c                HAL_GPIO_Init
 .text.HAL_GPIO_ReadPin
                0x0800d4ac       0x30 ./Drivers/STM32H7xx_HAL_Driver/Src/stm32h7xx_hal_gpio.o
                0x0800d4ac                HAL_GPIO_ReadPin
 .text.HAL_GPIO_WritePin
                0x0800d4dc       0x32 ./Drivers/STM32H7xx_HAL_Driver/Src/stm32h7xx_hal_gpio.o
                0x0800d4dc                HAL_GPIO_WritePin
 .text.HAL_GPIO_EXTI_IRQHandler
                0x0800d50e       0x34 ./Drivers/STM32H7xx_HAL_Driver/Src/stm32h7xx_hal_gpio.o
                0x0800d50e                HAL_GPIO_EXTI_IRQHandler
 *fill*         0x0800d542        0x2 
 .text.HAL_OSPI_Init
                0x0800d544      0x178 ./Drivers/STM32H7xx_HAL_Driver/Src/stm32h7xx_hal_ospi.o
                0x0800d544                HAL_OSPI_Init
 .text.HAL_OSPI_Command
                0x0800d6bc      0x11a ./Drivers/STM32H7xx_HAL_Driver/Src/stm32h7xx_hal_ospi.o
                0x0800d6bc                HAL_OSPI_Command
 .text.HAL_OSPI_Transmit
                0x0800d7d6       0xe6 ./Drivers/STM32H7xx_HAL_Driver/Src/stm32h7xx_hal_ospi.o
                0x0800d7d6                HAL_OSPI_Transmit
 .text.HAL_OSPI_Receive
                0x0800d8bc      0x146 ./Drivers/STM32H7xx_HAL_Driver/Src/stm32h7xx_hal_ospi.o
                0x0800d8bc                HAL_OSPI_Receive
 .text.HAL_OSPI_SetTimeout
                0x0800da02       0x1e ./Drivers/STM32H7xx_HAL_Driver/Src/stm32h7xx_hal_ospi.o
                0x0800da02                HAL_OSPI_SetTimeout
 .text.HAL_OSPIM_Config
                0x0800da20      0x9d8 ./Drivers/STM32H7xx_HAL_Driver/Src/stm32h7xx_hal_ospi.o
                0x0800da20                HAL_OSPIM_Config
 .text.OSPI_WaitFlagStateUntilTimeout
                0x0800e3f8       0x6e ./Drivers/STM32H7xx_HAL_Driver/Src/stm32h7xx_hal_ospi.o
 *fill*         0x0800e466        0x2 
 .text.OSPI_ConfigCmd
                0x0800e468      0x2f4 ./Drivers/STM32H7xx_HAL_Driver/Src/stm32h7xx_hal_ospi.o
 .text.OSPIM_GetConfig
                0x0800e75c      0x174 ./Drivers/STM32H7xx_HAL_Driver/Src/stm32h7xx_hal_ospi.o
 .text.HAL_PCD_Init
                0x0800e8d0      0x218 ./Drivers/STM32H7xx_HAL_Driver/Src/stm32h7xx_hal_pcd.o
                0x0800e8d0                HAL_PCD_Init
 .text.HAL_PCDEx_ActivateLPM
                0x0800eae8       0x48 ./Drivers/STM32H7xx_HAL_Driver/Src/stm32h7xx_hal_pcd_ex.o
                0x0800eae8                HAL_PCDEx_ActivateLPM
 .text.HAL_PWREx_ConfigSupply
                0x0800eb30       0x74 ./Drivers/STM32H7xx_HAL_Driver/Src/stm32h7xx_hal_pwr_ex.o
                0x0800eb30                HAL_PWREx_ConfigSupply
 .text.HAL_PWREx_EnableUSBVoltageDetector
                0x0800eba4       0x20 ./Drivers/STM32H7xx_HAL_Driver/Src/stm32h7xx_hal_pwr_ex.o
                0x0800eba4                HAL_PWREx_EnableUSBVoltageDetector
 .text.HAL_RCC_OscConfig
                0x0800ebc4      0x7b4 ./Drivers/STM32H7xx_HAL_Driver/Src/stm32h7xx_hal_rcc.o
                0x0800ebc4                HAL_RCC_OscConfig
 .text.HAL_RCC_ClockConfig
                0x0800f378      0x36c ./Drivers/STM32H7xx_HAL_Driver/Src/stm32h7xx_hal_rcc.o
                0x0800f378                HAL_RCC_ClockConfig
 .text.HAL_RCC_GetSysClockFreq
                0x0800f6e4      0x2f4 ./Drivers/STM32H7xx_HAL_Driver/Src/stm32h7xx_hal_rcc.o
                0x0800f6e4                HAL_RCC_GetSysClockFreq
 .text.HAL_RCC_GetHCLKFreq
                0x0800f9d8       0x60 ./Drivers/STM32H7xx_HAL_Driver/Src/stm32h7xx_hal_rcc.o
                0x0800f9d8                HAL_RCC_GetHCLKFreq
 .text.HAL_RCC_GetPCLK1Freq
                0x0800fa38       0x2c ./Drivers/STM32H7xx_HAL_Driver/Src/stm32h7xx_hal_rcc.o
                0x0800fa38                HAL_RCC_GetPCLK1Freq
 .text.HAL_RCC_GetPCLK2Freq
                0x0800fa64       0x2c ./Drivers/STM32H7xx_HAL_Driver/Src/stm32h7xx_hal_rcc.o
                0x0800fa64                HAL_RCC_GetPCLK2Freq
 .text.HAL_RCCEx_PeriphCLKConfig
                0x0800fa90     0x1340 ./Drivers/STM32H7xx_HAL_Driver/Src/stm32h7xx_hal_rcc_ex.o
                0x0800fa90                HAL_RCCEx_PeriphCLKConfig
 .text.HAL_RCCEx_GetPeriphCLKFreq
                0x08010dd0      0x9a4 ./Drivers/STM32H7xx_HAL_Driver/Src/stm32h7xx_hal_rcc_ex.o
                0x08010dd0                HAL_RCCEx_GetPeriphCLKFreq
 .text.HAL_RCCEx_GetD3PCLK1Freq
                0x08011774       0x2c ./Drivers/STM32H7xx_HAL_Driver/Src/stm32h7xx_hal_rcc_ex.o
                0x08011774                HAL_RCCEx_GetD3PCLK1Freq
 .text.HAL_RCCEx_GetPLL2ClockFreq
                0x080117a0      0x2a8 ./Drivers/STM32H7xx_HAL_Driver/Src/stm32h7xx_hal_rcc_ex.o
                0x080117a0                HAL_RCCEx_GetPLL2ClockFreq
 .text.HAL_RCCEx_GetPLL3ClockFreq
                0x08011a48      0x2a8 ./Drivers/STM32H7xx_HAL_Driver/Src/stm32h7xx_hal_rcc_ex.o
                0x08011a48                HAL_RCCEx_GetPLL3ClockFreq
 .text.HAL_RCCEx_GetPLL1ClockFreq
                0x08011cf0      0x2a4 ./Drivers/STM32H7xx_HAL_Driver/Src/stm32h7xx_hal_rcc_ex.o
                0x08011cf0                HAL_RCCEx_GetPLL1ClockFreq
 .text.RCCEx_PLL2_Config
                0x08011f94      0x164 ./Drivers/STM32H7xx_HAL_Driver/Src/stm32h7xx_hal_rcc_ex.o
 .text.RCCEx_PLL3_Config
                0x080120f8      0x164 ./Drivers/STM32H7xx_HAL_Driver/Src/stm32h7xx_hal_rcc_ex.o
 .text.HAL_SPI_Init
                0x0801225c      0x248 ./Drivers/STM32H7xx_HAL_Driver/Src/stm32h7xx_hal_spi.o
                0x0801225c                HAL_SPI_Init
 .text.HAL_SPI_Transmit
                0x080124a4      0x3dc ./Drivers/STM32H7xx_HAL_Driver/Src/stm32h7xx_hal_spi.o
                0x080124a4                HAL_SPI_Transmit
 .text.HAL_SPI_Receive
                0x08012880      0x4e4 ./Drivers/STM32H7xx_HAL_Driver/Src/stm32h7xx_hal_spi.o
                0x08012880                HAL_SPI_Receive
 .text.HAL_SPI_Receive_DMA
                0x08012d64      0x290 ./Drivers/STM32H7xx_HAL_Driver/Src/stm32h7xx_hal_spi.o
                0x08012d64                HAL_SPI_Receive_DMA
 .text.HAL_SPI_TransmitReceive_DMA
                0x08012ff4      0x370 ./Drivers/STM32H7xx_HAL_Driver/Src/stm32h7xx_hal_spi.o
                0x08012ff4                HAL_SPI_TransmitReceive_DMA
 .text.HAL_SPI_IRQHandler
                0x08013364      0x39c ./Drivers/STM32H7xx_HAL_Driver/Src/stm32h7xx_hal_spi.o
                0x08013364                HAL_SPI_IRQHandler
 .text.HAL_SPI_TxCpltCallback
                0x08013700       0x14 ./Drivers/STM32H7xx_HAL_Driver/Src/stm32h7xx_hal_spi.o
                0x08013700                HAL_SPI_TxCpltCallback
 .text.HAL_SPI_RxHalfCpltCallback
                0x08013714       0x14 ./Drivers/STM32H7xx_HAL_Driver/Src/stm32h7xx_hal_spi.o
                0x08013714                HAL_SPI_RxHalfCpltCallback
 .text.HAL_SPI_TxRxHalfCpltCallback
                0x08013728       0x14 ./Drivers/STM32H7xx_HAL_Driver/Src/stm32h7xx_hal_spi.o
                0x08013728                HAL_SPI_TxRxHalfCpltCallback
 .text.HAL_SPI_ErrorCallback
                0x0801373c       0x14 ./Drivers/STM32H7xx_HAL_Driver/Src/stm32h7xx_hal_spi.o
                0x0801373c                HAL_SPI_ErrorCallback
 .text.HAL_SPI_SuspendCallback
                0x08013750       0x14 ./Drivers/STM32H7xx_HAL_Driver/Src/stm32h7xx_hal_spi.o
                0x08013750                HAL_SPI_SuspendCallback
 .text.SPI_DMAReceiveCplt
                0x08013764       0x46 ./Drivers/STM32H7xx_HAL_Driver/Src/stm32h7xx_hal_spi.o
 .text.SPI_DMATransmitReceiveCplt
                0x080137aa       0x46 ./Drivers/STM32H7xx_HAL_Driver/Src/stm32h7xx_hal_spi.o
 .text.SPI_DMAHalfReceiveCplt
                0x080137f0       0x1c ./Drivers/STM32H7xx_HAL_Driver/Src/stm32h7xx_hal_spi.o
 .text.SPI_DMAHalfTransmitReceiveCplt
                0x0801380c       0x1c ./Drivers/STM32H7xx_HAL_Driver/Src/stm32h7xx_hal_spi.o
 .text.SPI_DMAError
                0x08013828       0x46 ./Drivers/STM32H7xx_HAL_Driver/Src/stm32h7xx_hal_spi.o
 .text.SPI_DMAAbortOnError
                0x0801386e       0x34 ./Drivers/STM32H7xx_HAL_Driver/Src/stm32h7xx_hal_spi.o
 *fill*         0x080138a2        0x2 
 .text.SPI_CloseTransfer
                0x080138a4      0x140 ./Drivers/STM32H7xx_HAL_Driver/Src/stm32h7xx_hal_spi.o
 .text.SPI_WaitOnFlagUntilTimeout
                0x080139e4       0x5c ./Drivers/STM32H7xx_HAL_Driver/Src/stm32h7xx_hal_spi.o
 .text.SPI_GetPacketSize
                0x08013a40       0x36 ./Drivers/STM32H7xx_HAL_Driver/Src/stm32h7xx_hal_spi.o
 .text.HAL_TIM_Base_Init
                0x08013a76       0xae ./Drivers/STM32H7xx_HAL_Driver/Src/stm32h7xx_hal_tim.o
                0x08013a76                HAL_TIM_Base_Init
 .text.HAL_TIM_Base_Start_IT
                0x08013b24      0x10c ./Drivers/STM32H7xx_HAL_Driver/Src/stm32h7xx_hal_tim.o
                0x08013b24                HAL_TIM_Base_Start_IT
 .text.HAL_TIM_PWM_Init
                0x08013c30       0xae ./Drivers/STM32H7xx_HAL_Driver/Src/stm32h7xx_hal_tim.o
                0x08013c30                HAL_TIM_PWM_Init
 .text.HAL_TIM_PWM_MspInit
                0x08013cde       0x14 ./Drivers/STM32H7xx_HAL_Driver/Src/stm32h7xx_hal_tim.o
                0x08013cde                HAL_TIM_PWM_MspInit
 *fill*         0x08013cf2        0x2 
 .text.HAL_TIM_PWM_Start
                0x08013cf4      0x238 ./Drivers/STM32H7xx_HAL_Driver/Src/stm32h7xx_hal_tim.o
                0x08013cf4                HAL_TIM_PWM_Start
 .text.HAL_TIM_IRQHandler
                0x08013f2c      0x20e ./Drivers/STM32H7xx_HAL_Driver/Src/stm32h7xx_hal_tim.o
                0x08013f2c                HAL_TIM_IRQHandler
 *fill*         0x0801413a        0x2 
 .text.HAL_TIM_PWM_ConfigChannel
                0x0801413c      0x228 ./Drivers/STM32H7xx_HAL_Driver/Src/stm32h7xx_hal_tim.o
                0x0801413c                HAL_TIM_PWM_ConfigChannel
 .text.HAL_TIM_ConfigClockSource
                0x08014364      0x1f0 ./Drivers/STM32H7xx_HAL_Driver/Src/stm32h7xx_hal_tim.o
                0x08014364                HAL_TIM_ConfigClockSource
 .text.HAL_TIM_OC_DelayElapsedCallback
                0x08014554       0x14 ./Drivers/STM32H7xx_HAL_Driver/Src/stm32h7xx_hal_tim.o
                0x08014554                HAL_TIM_OC_DelayElapsedCallback
 .text.HAL_TIM_IC_CaptureCallback
                0x08014568       0x14 ./Drivers/STM32H7xx_HAL_Driver/Src/stm32h7xx_hal_tim.o
                0x08014568                HAL_TIM_IC_CaptureCallback
 .text.HAL_TIM_PWM_PulseFinishedCallback
                0x0801457c       0x14 ./Drivers/STM32H7xx_HAL_Driver/Src/stm32h7xx_hal_tim.o
                0x0801457c                HAL_TIM_PWM_PulseFinishedCallback
 .text.HAL_TIM_TriggerCallback
                0x08014590       0x14 ./Drivers/STM32H7xx_HAL_Driver/Src/stm32h7xx_hal_tim.o
                0x08014590                HAL_TIM_TriggerCallback
 .text.TIM_Base_SetConfig
                0x080145a4      0x158 ./Drivers/STM32H7xx_HAL_Driver/Src/stm32h7xx_hal_tim.o
                0x080145a4                TIM_Base_SetConfig
 .text.TIM_OC1_SetConfig
                0x080146fc      0x120 ./Drivers/STM32H7xx_HAL_Driver/Src/stm32h7xx_hal_tim.o
 .text.TIM_OC2_SetConfig
                0x0801481c      0x114 ./Drivers/STM32H7xx_HAL_Driver/Src/stm32h7xx_hal_tim.o
                0x0801481c                TIM_OC2_SetConfig
 .text.TIM_OC3_SetConfig
                0x08014930      0x110 ./Drivers/STM32H7xx_HAL_Driver/Src/stm32h7xx_hal_tim.o
 .text.TIM_OC4_SetConfig
                0x08014a40       0xd4 ./Drivers/STM32H7xx_HAL_Driver/Src/stm32h7xx_hal_tim.o
 .text.TIM_OC5_SetConfig
                0x08014b14       0xc8 ./Drivers/STM32H7xx_HAL_Driver/Src/stm32h7xx_hal_tim.o
 .text.TIM_OC6_SetConfig
                0x08014bdc       0xcc ./Drivers/STM32H7xx_HAL_Driver/Src/stm32h7xx_hal_tim.o
 .text.TIM_TI1_ConfigInputStage
                0x08014ca8       0x5e ./Drivers/STM32H7xx_HAL_Driver/Src/stm32h7xx_hal_tim.o
 .text.TIM_TI2_ConfigInputStage
                0x08014d06       0x60 ./Drivers/STM32H7xx_HAL_Driver/Src/stm32h7xx_hal_tim.o
 *fill*         0x08014d66        0x2 
 .text.TIM_ITRx_SetConfig
                0x08014d68       0x3c ./Drivers/STM32H7xx_HAL_Driver/Src/stm32h7xx_hal_tim.o
 .text.TIM_ETR_SetConfig
                0x08014da4       0x40 ./Drivers/STM32H7xx_HAL_Driver/Src/stm32h7xx_hal_tim.o
                0x08014da4                TIM_ETR_SetConfig
 .text.TIM_CCxChannelCmd
                0x08014de4       0x4a ./Drivers/STM32H7xx_HAL_Driver/Src/stm32h7xx_hal_tim.o
                0x08014de4                TIM_CCxChannelCmd
 *fill*         0x08014e2e        0x2 
 .text.HAL_TIMEx_MasterConfigSynchronization
                0x08014e30      0x138 ./Drivers/STM32H7xx_HAL_Driver/Src/stm32h7xx_hal_tim_ex.o
                0x08014e30                HAL_TIMEx_MasterConfigSynchronization
 .text.HAL_TIMEx_ConfigBreakDeadTime
                0x08014f68      0x118 ./Drivers/STM32H7xx_HAL_Driver/Src/stm32h7xx_hal_tim_ex.o
                0x08014f68                HAL_TIMEx_ConfigBreakDeadTime
 .text.HAL_TIMEx_CommutCallback
                0x08015080       0x14 ./Drivers/STM32H7xx_HAL_Driver/Src/stm32h7xx_hal_tim_ex.o
                0x08015080                HAL_TIMEx_CommutCallback
 .text.HAL_TIMEx_BreakCallback
                0x08015094       0x14 ./Drivers/STM32H7xx_HAL_Driver/Src/stm32h7xx_hal_tim_ex.o
                0x08015094                HAL_TIMEx_BreakCallback
 .text.HAL_TIMEx_Break2Callback
                0x080150a8       0x14 ./Drivers/STM32H7xx_HAL_Driver/Src/stm32h7xx_hal_tim_ex.o
                0x080150a8                HAL_TIMEx_Break2Callback
 .text.HAL_UART_Init
                0x080150bc       0xa0 ./Drivers/STM32H7xx_HAL_Driver/Src/stm32h7xx_hal_uart.o
                0x080150bc                HAL_UART_Init
 .text.HAL_UART_Transmit
                0x0801515c      0x11c ./Drivers/STM32H7xx_HAL_Driver/Src/stm32h7xx_hal_uart.o
                0x0801515c                HAL_UART_Transmit
 .text.HAL_UART_Receive_IT
                0x08015278       0x98 ./Drivers/STM32H7xx_HAL_Driver/Src/stm32h7xx_hal_uart.o
                0x08015278                HAL_UART_Receive_IT
 .text.HAL_UART_Transmit_DMA
                0x08015310      0x100 ./Drivers/STM32H7xx_HAL_Driver/Src/stm32h7xx_hal_uart.o
                0x08015310                HAL_UART_Transmit_DMA
 .text.HAL_UART_IRQHandler
                0x08015410      0x7ac ./Drivers/STM32H7xx_HAL_Driver/Src/stm32h7xx_hal_uart.o
                0x08015410                HAL_UART_IRQHandler
 .text.HAL_UART_TxCpltCallback
                0x08015bbc       0x14 ./Drivers/STM32H7xx_HAL_Driver/Src/stm32h7xx_hal_uart.o
                0x08015bbc                HAL_UART_TxCpltCallback
 .text.HAL_UART_TxHalfCpltCallback
                0x08015bd0       0x14 ./Drivers/STM32H7xx_HAL_Driver/Src/stm32h7xx_hal_uart.o
                0x08015bd0                HAL_UART_TxHalfCpltCallback
 .text.HAL_UART_ErrorCallback
                0x08015be4       0x14 ./Drivers/STM32H7xx_HAL_Driver/Src/stm32h7xx_hal_uart.o
                0x08015be4                HAL_UART_ErrorCallback
 .text.HAL_UARTEx_RxEventCallback
                0x08015bf8       0x18 ./Drivers/STM32H7xx_HAL_Driver/Src/stm32h7xx_hal_uart.o
                0x08015bf8                HAL_UARTEx_RxEventCallback
 .text.UART_SetConfig
                0x08015c10      0xcd8 ./Drivers/STM32H7xx_HAL_Driver/Src/stm32h7xx_hal_uart.o
                0x08015c10                UART_SetConfig
 .text.UART_AdvFeatureConfig
                0x080168e8      0x144 ./Drivers/STM32H7xx_HAL_Driver/Src/stm32h7xx_hal_uart.o
                0x080168e8                UART_AdvFeatureConfig
 .text.UART_CheckIdleState
                0x08016a2c      0x154 ./Drivers/STM32H7xx_HAL_Driver/Src/stm32h7xx_hal_uart.o
                0x08016a2c                UART_CheckIdleState
 .text.UART_WaitOnFlagUntilTimeout
                0x08016b80       0xda ./Drivers/STM32H7xx_HAL_Driver/Src/stm32h7xx_hal_uart.o
                0x08016b80                UART_WaitOnFlagUntilTimeout
 *fill*         0x08016c5a        0x2 
 .text.UART_Start_Receive_IT
                0x08016c5c      0x244 ./Drivers/STM32H7xx_HAL_Driver/Src/stm32h7xx_hal_uart.o
                0x08016c5c                UART_Start_Receive_IT
 .text.UART_EndTxTransfer
                0x08016ea0       0x82 ./Drivers/STM32H7xx_HAL_Driver/Src/stm32h7xx_hal_uart.o
 *fill*         0x08016f22        0x2 
 .text.UART_EndRxTransfer
                0x08016f24       0xcc ./Drivers/STM32H7xx_HAL_Driver/Src/stm32h7xx_hal_uart.o
 .text.UART_DMATransmitCplt
                0x08016ff0       0x96 ./Drivers/STM32H7xx_HAL_Driver/Src/stm32h7xx_hal_uart.o
 .text.UART_DMATxHalfCplt
                0x08017086       0x1c ./Drivers/STM32H7xx_HAL_Driver/Src/stm32h7xx_hal_uart.o
 .text.UART_DMAError
                0x080170a2       0x80 ./Drivers/STM32H7xx_HAL_Driver/Src/stm32h7xx_hal_uart.o
 .text.UART_DMAAbortOnError
                0x08017122       0x24 ./Drivers/STM32H7xx_HAL_Driver/Src/stm32h7xx_hal_uart.o
 .text.UART_EndTransmit_IT
                0x08017146       0x56 ./Drivers/STM32H7xx_HAL_Driver/Src/stm32h7xx_hal_uart.o
 .text.UART_RxISR_8BIT
                0x0801719c      0x1b8 ./Drivers/STM32H7xx_HAL_Driver/Src/stm32h7xx_hal_uart.o
 .text.UART_RxISR_16BIT
                0x08017354      0x1b8 ./Drivers/STM32H7xx_HAL_Driver/Src/stm32h7xx_hal_uart.o
 .text.UART_RxISR_8BIT_FIFOEN
                0x0801750c      0x364 ./Drivers/STM32H7xx_HAL_Driver/Src/stm32h7xx_hal_uart.o
 .text.UART_RxISR_16BIT_FIFOEN
                0x08017870      0x36c ./Drivers/STM32H7xx_HAL_Driver/Src/stm32h7xx_hal_uart.o
 .text.HAL_UARTEx_WakeupCallback
                0x08017bdc       0x14 ./Drivers/STM32H7xx_HAL_Driver/Src/stm32h7xx_hal_uart_ex.o
                0x08017bdc                HAL_UARTEx_WakeupCallback
 .text.HAL_UARTEx_RxFifoFullCallback
                0x08017bf0       0x14 ./Drivers/STM32H7xx_HAL_Driver/Src/stm32h7xx_hal_uart_ex.o
                0x08017bf0                HAL_UARTEx_RxFifoFullCallback
 .text.HAL_UARTEx_TxFifoEmptyCallback
                0x08017c04       0x14 ./Drivers/STM32H7xx_HAL_Driver/Src/stm32h7xx_hal_uart_ex.o
                0x08017c04                HAL_UARTEx_TxFifoEmptyCallback
 .text.HAL_UARTEx_DisableFifoMode
                0x08017c18       0x72 ./Drivers/STM32H7xx_HAL_Driver/Src/stm32h7xx_hal_uart_ex.o
                0x08017c18                HAL_UARTEx_DisableFifoMode
 .text.HAL_UARTEx_SetTxFifoThreshold
                0x08017c8a       0x7c ./Drivers/STM32H7xx_HAL_Driver/Src/stm32h7xx_hal_uart_ex.o
                0x08017c8a                HAL_UARTEx_SetTxFifoThreshold
 .text.HAL_UARTEx_SetRxFifoThreshold
                0x08017d06       0x7c ./Drivers/STM32H7xx_HAL_Driver/Src/stm32h7xx_hal_uart_ex.o
                0x08017d06                HAL_UARTEx_SetRxFifoThreshold
 *fill*         0x08017d82        0x2 
 .text.UARTEx_SetNbDataToProcess
                0x08017d84       0x9c ./Drivers/STM32H7xx_HAL_Driver/Src/stm32h7xx_hal_uart_ex.o
 .text.USB_CoreInit
                0x08017e20       0xe4 ./Drivers/STM32H7xx_HAL_Driver/Src/stm32h7xx_ll_usb.o
                0x08017e20                USB_CoreInit
 .text.USB_DisableGlobalInt
                0x08017f04       0x22 ./Drivers/STM32H7xx_HAL_Driver/Src/stm32h7xx_ll_usb.o
                0x08017f04                USB_DisableGlobalInt
 .text.USB_SetCurrentMode
                0x08017f26       0x98 ./Drivers/STM32H7xx_HAL_Driver/Src/stm32h7xx_ll_usb.o
                0x08017f26                USB_SetCurrentMode
 *fill*         0x08017fbe        0x2 
 .text.USB_DevInit
                0x08017fc0      0x2bc ./Drivers/STM32H7xx_HAL_Driver/Src/stm32h7xx_ll_usb.o
                0x08017fc0                USB_DevInit
 .text.USB_FlushTxFifo
                0x0801827c       0x64 ./Drivers/STM32H7xx_HAL_Driver/Src/stm32h7xx_ll_usb.o
                0x0801827c                USB_FlushTxFifo
 .text.USB_FlushRxFifo
                0x080182e0       0x5c ./Drivers/STM32H7xx_HAL_Driver/Src/stm32h7xx_ll_usb.o
                0x080182e0                USB_FlushRxFifo
 .text.USB_SetDevSpeed
                0x0801833c       0x32 ./Drivers/STM32H7xx_HAL_Driver/Src/stm32h7xx_ll_usb.o
                0x0801833c                USB_SetDevSpeed
 .text.USB_DevDisconnect
                0x0801836e       0x42 ./Drivers/STM32H7xx_HAL_Driver/Src/stm32h7xx_ll_usb.o
                0x0801836e                USB_DevDisconnect
 .text.USB_GetMode
                0x080183b0       0x1c ./Drivers/STM32H7xx_HAL_Driver/Src/stm32h7xx_ll_usb.o
                0x080183b0                USB_GetMode
 .text.USB_CoreReset
                0x080183cc       0x62 ./Drivers/STM32H7xx_HAL_Driver/Src/stm32h7xx_ll_usb.o
 *fill*         0x0801842e        0x2 
 .text.__assert_func
                0x08018430       0x3c C:/ST/STM32CubeIDE_2.0.0/STM32CubeIDE/plugins/com.st.stm32cube.ide.mcu.externaltools.gnu-tools-for-stm32.13.3.rel1.win32_1.0.100.202509120712/tools/bin/../lib/gcc/arm-none-eabi/13.3.1/../../../../arm-none-eabi/lib/thumb/v7e-m+dp/hard\libc_nano.a(libc_a-assert.o)
                0x08018430                __assert_func
 .text.__cvt    0x0801846c       0xa8 C:/ST/STM32CubeIDE_2.0.0/STM32CubeIDE/plugins/com.st.stm32cube.ide.mcu.externaltools.gnu-tools-for-stm32.13.3.rel1.win32_1.0.100.202509120712/tools/bin/../lib/gcc/arm-none-eabi/13.3.1/../../../../arm-none-eabi/lib/thumb/v7e-m+dp/hard\libc_nano.a(libc_a-nano-vfprintf_float.o)
                0x0801846c                __cvt
 .text.__exponent
                0x08018514       0x74 C:/ST/STM32CubeIDE_2.0.0/STM32CubeIDE/plugins/com.st.stm32cube.ide.mcu.externaltools.gnu-tools-for-stm32.13.3.rel1.win32_1.0.100.202509120712/tools/bin/../lib/gcc/arm-none-eabi/13.3.1/../../../../arm-none-eabi/lib/thumb/v7e-m+dp/hard\libc_nano.a(libc_a-nano-vfprintf_float.o)
                0x08018514                __exponent
 .text._printf_float
                0x08018588      0x434 C:/ST/STM32CubeIDE_2.0.0/STM32CubeIDE/plugins/com.st.stm32cube.ide.mcu.externaltools.gnu-tools-for-stm32.13.3.rel1.win32_1.0.100.202509120712/tools/bin/../lib/gcc/arm-none-eabi/13.3.1/../../../../arm-none-eabi/lib/thumb/v7e-m+dp/hard\libc_nano.a(libc_a-nano-vfprintf_float.o)
                0x08018588                _printf_float
 .text._printf_common
                0x080189bc       0xda C:/ST/STM32CubeIDE_2.0.0/STM32CubeIDE/plugins/com.st.stm32cube.ide.mcu.externaltools.gnu-tools-for-stm32.13.3.rel1.win32_1.0.100.202509120712/tools/bin/../lib/gcc/arm-none-eabi/13.3.1/../../../../arm-none-eabi/lib/thumb/v7e-m+dp/hard\libc_nano.a(libc_a-nano-vfprintf_i.o)
                0x080189bc                _printf_common
 *fill*         0x08018a96        0x2 
 .text._printf_i
                0x08018a98      0x23c C:/ST/STM32CubeIDE_2.0.0/STM32CubeIDE/plugins/com.st.stm32cube.ide.mcu.externaltools.gnu-tools-for-stm32.13.3.rel1.win32_1.0.100.202509120712/tools/bin/../lib/gcc/arm-none-eabi/13.3.1/../../../../arm-none-eabi/lib/thumb/v7e-m+dp/hard\libc_nano.a(libc_a-nano-vfprintf_i.o)
                0x08018a98                _printf_i
 .text._scanf_float
                0x08018cd4      0x40c C:/ST/STM32CubeIDE_2.0.0/STM32CubeIDE/plugins/com.st.stm32cube.ide.mcu.externaltools.gnu-tools-for-stm32.13.3.rel1.win32_1.0.100.202509120712/tools/bin/../lib/gcc/arm-none-eabi/13.3.1/../../../../arm-none-eabi/lib/thumb/v7e-m+dp/hard\libc_nano.a(libc_a-nano-vfscanf_float.o)
                0x08018cd4                _scanf_float
 .text.std      0x080190e0       0x6c C:/ST/STM32CubeIDE_2.0.0/STM32CubeIDE/plugins/com.st.stm32cube.ide.mcu.externaltools.gnu-tools-for-stm32.13.3.rel1.win32_1.0.100.202509120712/tools/bin/../lib/gcc/arm-none-eabi/13.3.1/../../../../arm-none-eabi/lib/thumb/v7e-m+dp/hard\libc_nano.a(libc_a-findfp.o)
 .text.stdio_exit_handler
                0x0801914c       0x18 C:/ST/STM32CubeIDE_2.0.0/STM32CubeIDE/plugins/com.st.stm32cube.ide.mcu.externaltools.gnu-tools-for-stm32.13.3.rel1.win32_1.0.100.202509120712/tools/bin/../lib/gcc/arm-none-eabi/13.3.1/../../../../arm-none-eabi/lib/thumb/v7e-m+dp/hard\libc_nano.a(libc_a-findfp.o)
 .text.cleanup_stdio
                0x08019164       0x40 C:/ST/STM32CubeIDE_2.0.0/STM32CubeIDE/plugins/com.st.stm32cube.ide.mcu.externaltools.gnu-tools-for-stm32.13.3.rel1.win32_1.0.100.202509120712/tools/bin/../lib/gcc/arm-none-eabi/13.3.1/../../../../arm-none-eabi/lib/thumb/v7e-m+dp/hard\libc_nano.a(libc_a-findfp.o)
 .text.global_stdio_init.part.0
                0x080191a4       0x3c C:/ST/STM32CubeIDE_2.0.0/STM32CubeIDE/plugins/com.st.stm32cube.ide.mcu.externaltools.gnu-tools-for-stm32.13.3.rel1.win32_1.0.100.202509120712/tools/bin/../lib/gcc/arm-none-eabi/13.3.1/../../../../arm-none-eabi/lib/thumb/v7e-m+dp/hard\libc_nano.a(libc_a-findfp.o)
 .text.__sfp_lock_acquire
                0x080191e0        0xc C:/ST/STM32CubeIDE_2.0.0/STM32CubeIDE/plugins/com.st.stm32cube.ide.mcu.externaltools.gnu-tools-for-stm32.13.3.rel1.win32_1.0.100.202509120712/tools/bin/../lib/gcc/arm-none-eabi/13.3.1/../../../../arm-none-eabi/lib/thumb/v7e-m+dp/hard\libc_nano.a(libc_a-findfp.o)
                0x080191e0                __sfp_lock_acquire
 .text.__sfp_lock_release
                0x080191ec        0xc C:/ST/STM32CubeIDE_2.0.0/STM32CubeIDE/plugins/com.st.stm32cube.ide.mcu.externaltools.gnu-tools-for-stm32.13.3.rel1.win32_1.0.100.202509120712/tools/bin/../lib/gcc/arm-none-eabi/13.3.1/../../../../arm-none-eabi/lib/thumb/v7e-m+dp/hard\libc_nano.a(libc_a-findfp.o)
                0x080191ec                __sfp_lock_release
 .text.__sinit  0x080191f8       0x30 C:/ST/STM32CubeIDE_2.0.0/STM32CubeIDE/plugins/com.st.stm32cube.ide.mcu.externaltools.gnu-tools-for-stm32.13.3.rel1.win32_1.0.100.202509120712/tools/bin/../lib/gcc/arm-none-eabi/13.3.1/../../../../arm-none-eabi/lib/thumb/v7e-m+dp/hard\libc_nano.a(libc_a-findfp.o)
                0x080191f8                __sinit
 .text.fprintf  0x08019228       0x24 C:/ST/STM32CubeIDE_2.0.0/STM32CubeIDE/plugins/com.st.stm32cube.ide.mcu.externaltools.gnu-tools-for-stm32.13.3.rel1.win32_1.0.100.202509120712/tools/bin/../lib/gcc/arm-none-eabi/13.3.1/../../../../arm-none-eabi/lib/thumb/v7e-m+dp/hard\libc_nano.a(libc_a-fprintf.o)
                0x08019228                fiprintf
                0x08019228                fprintf
 .text._fwalk_sglue
                0x0801924c       0x3c C:/ST/STM32CubeIDE_2.0.0/STM32CubeIDE/plugins/com.st.stm32cube.ide.mcu.externaltools.gnu-tools-for-stm32.13.3.rel1.win32_1.0.100.202509120712/tools/bin/../lib/gcc/arm-none-eabi/13.3.1/../../../../arm-none-eabi/lib/thumb/v7e-m+dp/hard\libc_nano.a(libc_a-fwalk.o)
                0x0801924c                _fwalk_sglue
 .text.printf   0x08019288       0x24 C:/ST/STM32CubeIDE_2.0.0/STM32CubeIDE/plugins/com.st.stm32cube.ide.mcu.externaltools.gnu-tools-for-stm32.13.3.rel1.win32_1.0.100.202509120712/tools/bin/../lib/gcc/arm-none-eabi/13.3.1/../../../../arm-none-eabi/lib/thumb/v7e-m+dp/hard\libc_nano.a(libc_a-printf.o)
                0x08019288                iprintf
                0x08019288                printf
 .text._puts_r  0x080192ac       0xaa C:/ST/STM32CubeIDE_2.0.0/STM32CubeIDE/plugins/com.st.stm32cube.ide.mcu.externaltools.gnu-tools-for-stm32.13.3.rel1.win32_1.0.100.202509120712/tools/bin/../lib/gcc/arm-none-eabi/13.3.1/../../../../arm-none-eabi/lib/thumb/v7e-m+dp/hard\libc_nano.a(libc_a-puts.o)
                0x080192ac                _puts_r
 *fill*         0x08019356        0x2 
 .text.puts     0x08019358       0x10 C:/ST/STM32CubeIDE_2.0.0/STM32CubeIDE/plugins/com.st.stm32cube.ide.mcu.externaltools.gnu-tools-for-stm32.13.3.rel1.win32_1.0.100.202509120712/tools/bin/../lib/gcc/arm-none-eabi/13.3.1/../../../../arm-none-eabi/lib/thumb/v7e-m+dp/hard\libc_nano.a(libc_a-puts.o)
                0x08019358                puts
 .text.sprintf  0x08019368       0x44 C:/ST/STM32CubeIDE_2.0.0/STM32CubeIDE/plugins/com.st.stm32cube.ide.mcu.externaltools.gnu-tools-for-stm32.13.3.rel1.win32_1.0.100.202509120712/tools/bin/../lib/gcc/arm-none-eabi/13.3.1/../../../../arm-none-eabi/lib/thumb/v7e-m+dp/hard\libc_nano.a(libc_a-sprintf.o)
                0x08019368                siprintf
                0x08019368                sprintf
 .text.__sread  0x080193ac       0x22 C:/ST/STM32CubeIDE_2.0.0/STM32CubeIDE/plugins/com.st.stm32cube.ide.mcu.externaltools.gnu-tools-for-stm32.13.3.rel1.win32_1.0.100.202509120712/tools/bin/../lib/gcc/arm-none-eabi/13.3.1/../../../../arm-none-eabi/lib/thumb/v7e-m+dp/hard\libc_nano.a(libc_a-stdio.o)
                0x080193ac                __sread
 .text.__swrite
                0x080193ce       0x38 C:/ST/STM32CubeIDE_2.0.0/STM32CubeIDE/plugins/com.st.stm32cube.ide.mcu.externaltools.gnu-tools-for-stm32.13.3.rel1.win32_1.0.100.202509120712/tools/bin/../lib/gcc/arm-none-eabi/13.3.1/../../../../arm-none-eabi/lib/thumb/v7e-m+dp/hard\libc_nano.a(libc_a-stdio.o)
                0x080193ce                __swrite
 .text.__sseek  0x08019406       0x24 C:/ST/STM32CubeIDE_2.0.0/STM32CubeIDE/plugins/com.st.stm32cube.ide.mcu.externaltools.gnu-tools-for-stm32.13.3.rel1.win32_1.0.100.202509120712/tools/bin/../lib/gcc/arm-none-eabi/13.3.1/../../../../arm-none-eabi/lib/thumb/v7e-m+dp/hard\libc_nano.a(libc_a-stdio.o)
                0x08019406                __sseek
 .text.__sclose
                0x0801942a        0x8 C:/ST/STM32CubeIDE_2.0.0/STM32CubeIDE/plugins/com.st.stm32cube.ide.mcu.externaltools.gnu-tools-for-stm32.13.3.rel1.win32_1.0.100.202509120712/tools/bin/../lib/gcc/arm-none-eabi/13.3.1/../../../../arm-none-eabi/lib/thumb/v7e-m+dp/hard\libc_nano.a(libc_a-stdio.o)
                0x0801942a                __sclose
 .text.__swbuf_r
                0x08019432       0x7c C:/ST/STM32CubeIDE_2.0.0/STM32CubeIDE/plugins/com.st.stm32cube.ide.mcu.externaltools.gnu-tools-for-stm32.13.3.rel1.win32_1.0.100.202509120712/tools/bin/../lib/gcc/arm-none-eabi/13.3.1/../../../../arm-none-eabi/lib/thumb/v7e-m+dp/hard\libc_nano.a(libc_a-wbuf.o)
                0x08019432                __swbuf_r
 *fill*         0x080194ae        0x2 
 .text.__swsetup_r
                0x080194b0       0xac C:/ST/STM32CubeIDE_2.0.0/STM32CubeIDE/plugins/com.st.stm32cube.ide.mcu.externaltools.gnu-tools-for-stm32.13.3.rel1.win32_1.0.100.202509120712/tools/bin/../lib/gcc/arm-none-eabi/13.3.1/../../../../arm-none-eabi/lib/thumb/v7e-m+dp/hard\libc_nano.a(libc_a-wsetup.o)
                0x080194b0                __swsetup_r
 .text.memset   0x0801955c       0x10 C:/ST/STM32CubeIDE_2.0.0/STM32CubeIDE/plugins/com.st.stm32cube.ide.mcu.externaltools.gnu-tools-for-stm32.13.3.rel1.win32_1.0.100.202509120712/tools/bin/../lib/gcc/arm-none-eabi/13.3.1/../../../../arm-none-eabi/lib/thumb/v7e-m+dp/hard\libc_nano.a(libc_a-memset.o)
                0x0801955c                memset
 .text._localeconv_r
                0x0801956c        0x8 C:/ST/STM32CubeIDE_2.0.0/STM32CubeIDE/plugins/com.st.stm32cube.ide.mcu.externaltools.gnu-tools-for-stm32.13.3.rel1.win32_1.0.100.202509120712/tools/bin/../lib/gcc/arm-none-eabi/13.3.1/../../../../arm-none-eabi/lib/thumb/v7e-m+dp/hard\libc_nano.a(libc_a-localeconv.o)
                0x0801956c                _localeconv_r
 .text._close_r
                0x08019574       0x20 C:/ST/STM32CubeIDE_2.0.0/STM32CubeIDE/plugins/com.st.stm32cube.ide.mcu.externaltools.gnu-tools-for-stm32.13.3.rel1.win32_1.0.100.202509120712/tools/bin/../lib/gcc/arm-none-eabi/13.3.1/../../../../arm-none-eabi/lib/thumb/v7e-m+dp/hard\libc_nano.a(libc_a-closer.o)
                0x08019574                _close_r
 .text._lseek_r
                0x08019594       0x24 C:/ST/STM32CubeIDE_2.0.0/STM32CubeIDE/plugins/com.st.stm32cube.ide.mcu.externaltools.gnu-tools-for-stm32.13.3.rel1.win32_1.0.100.202509120712/tools/bin/../lib/gcc/arm-none-eabi/13.3.1/../../../../arm-none-eabi/lib/thumb/v7e-m+dp/hard\libc_nano.a(libc_a-lseekr.o)
                0x08019594                _lseek_r
 .text._read_r  0x080195b8       0x24 C:/ST/STM32CubeIDE_2.0.0/STM32CubeIDE/plugins/com.st.stm32cube.ide.mcu.externaltools.gnu-tools-for-stm32.13.3.rel1.win32_1.0.100.202509120712/tools/bin/../lib/gcc/arm-none-eabi/13.3.1/../../../../arm-none-eabi/lib/thumb/v7e-m+dp/hard\libc_nano.a(libc_a-readr.o)
                0x080195b8                _read_r
 .text._write_r
                0x080195dc       0x24 C:/ST/STM32CubeIDE_2.0.0/STM32CubeIDE/plugins/com.st.stm32cube.ide.mcu.externaltools.gnu-tools-for-stm32.13.3.rel1.win32_1.0.100.202509120712/tools/bin/../lib/gcc/arm-none-eabi/13.3.1/../../../../arm-none-eabi/lib/thumb/v7e-m+dp/hard\libc_nano.a(libc_a-writer.o)
                0x080195dc                _write_r
 .text.__errno  0x08019600        0xc C:/ST/STM32CubeIDE_2.0.0/STM32CubeIDE/plugins/com.st.stm32cube.ide.mcu.externaltools.gnu-tools-for-stm32.13.3.rel1.win32_1.0.100.202509120712/tools/bin/../lib/gcc/arm-none-eabi/13.3.1/../../../../arm-none-eabi/lib/thumb/v7e-m+dp/hard\libc_nano.a(libc_a-errno.o)
                0x08019600                __errno
 .text.__libc_init_array
                0x0801960c       0x48 C:/ST/STM32CubeIDE_2.0.0/STM32CubeIDE/plugins/com.st.stm32cube.ide.mcu.externaltools.gnu-tools-for-stm32.13.3.rel1.win32_1.0.100.202509120712/tools/bin/../lib/gcc/arm-none-eabi/13.3.1/../../../../arm-none-eabi/lib/thumb/v7e-m+dp/hard\libc_nano.a(libc_a-init.o)
                0x0801960c                __libc_init_array
 .text.__retarget_lock_init_recursive
                0x08019654        0x2 C:/ST/STM32CubeIDE_2.0.0/STM32CubeIDE/plugins/com.st.stm32cube.ide.mcu.externaltools.gnu-tools-for-stm32.13.3.rel1.win32_1.0.100.202509120712/tools/bin/../lib/gcc/arm-none-eabi/13.3.1/../../../../arm-none-eabi/lib/thumb/v7e-m+dp/hard\libc_nano.a(libc_a-lock.o)
                0x08019654                __retarget_lock_init_recursive
 .text.__retarget_lock_acquire_recursive
                0x08019656        0x2 C:/ST/STM32CubeIDE_2.0.0/STM32CubeIDE/plugins/com.st.stm32cube.ide.mcu.externaltools.gnu-tools-for-stm32.13.3.rel1.win32_1.0.100.202509120712/tools/bin/../lib/gcc/arm-none-eabi/13.3.1/../../../../arm-none-eabi/lib/thumb/v7e-m+dp/hard\libc_nano.a(libc_a-lock.o)
                0x08019656                __retarget_lock_acquire_recursive
 .text.__retarget_lock_release_recursive
                0x08019658        0x2 C:/ST/STM32CubeIDE_2.0.0/STM32CubeIDE/plugins/com.st.stm32cube.ide.mcu.externaltools.gnu-tools-for-stm32.13.3.rel1.win32_1.0.100.202509120712/tools/bin/../lib/gcc/arm-none-eabi/13.3.1/../../../../arm-none-eabi/lib/thumb/v7e-m+dp/hard\libc_nano.a(libc_a-lock.o)
                0x08019658                __retarget_lock_release_recursive
 *fill*         0x0801965a        0x2 
 .text.nanf     0x0801965c        0xc C:/ST/STM32CubeIDE_2.0.0/STM32CubeIDE/plugins/com.st.stm32cube.ide.mcu.externaltools.gnu-tools-for-stm32.13.3.rel1.win32_1.0.100.202509120712/tools/bin/../lib/gcc/arm-none-eabi/13.3.1/../../../../arm-none-eabi/lib/thumb/v7e-m+dp/hard\libc_nano.a(libm_a-sf_nan.o)
                0x0801965c                nanf
 .text.abort    0x08019668        0xe C:/ST/STM32CubeIDE_2.0.0/STM32CubeIDE/plugins/com.st.stm32cube.ide.mcu.externaltools.gnu-tools-for-stm32.13.3.rel1.win32_1.0.100.202509120712/tools/bin/../lib/gcc/arm-none-eabi/13.3.1/../../../../arm-none-eabi/lib/thumb/v7e-m+dp/hard\libc_nano.a(libc_a-abort.o)
                0x08019668                abort
 .text.quorem   0x08019676      0x110 C:/ST/STM32CubeIDE_2.0.0/STM32CubeIDE/plugins/com.st.stm32cube.ide.mcu.externaltools.gnu-tools-for-stm32.13.3.rel1.win32_1.0.100.202509120712/tools/bin/../lib/gcc/arm-none-eabi/13.3.1/../../../../arm-none-eabi/lib/thumb/v7e-m+dp/hard\libc_nano.a(libc_a-dtoa.o)
 *fill*         0x08019786        0x2 
 .text._dtoa_r  0x08019788      0xabc C:/ST/STM32CubeIDE_2.0.0/STM32CubeIDE/plugins/com.st.stm32cube.ide.mcu.externaltools.gnu-tools-for-stm32.13.3.rel1.win32_1.0.100.202509120712/tools/bin/../lib/gcc/arm-none-eabi/13.3.1/../../../../arm-none-eabi/lib/thumb/v7e-m+dp/hard\libc_nano.a(libc_a-dtoa.o)
                0x08019788                _dtoa_r
 .text._free_r  0x0801a244       0x94 C:/ST/STM32CubeIDE_2.0.0/STM32CubeIDE/plugins/com.st.stm32cube.ide.mcu.externaltools.gnu-tools-for-stm32.13.3.rel1.win32_1.0.100.202509120712/tools/bin/../lib/gcc/arm-none-eabi/13.3.1/../../../../arm-none-eabi/lib/thumb/v7e-m+dp/hard\libc_nano.a(libc_a-freer.o)
                0x0801a244                _free_r
 .text.malloc   0x0801a2d8       0x10 C:/ST/STM32CubeIDE_2.0.0/STM32CubeIDE/plugins/com.st.stm32cube.ide.mcu.externaltools.gnu-tools-for-stm32.13.3.rel1.win32_1.0.100.202509120712/tools/bin/../lib/gcc/arm-none-eabi/13.3.1/../../../../arm-none-eabi/lib/thumb/v7e-m+dp/hard\libc_nano.a(libc_a-malloc.o)
                0x0801a2d8                malloc
 .text.sbrk_aligned
                0x0801a2e8       0x44 C:/ST/STM32CubeIDE_2.0.0/STM32CubeIDE/plugins/com.st.stm32cube.ide.mcu.externaltools.gnu-tools-for-stm32.13.3.rel1.win32_1.0.100.202509120712/tools/bin/../lib/gcc/arm-none-eabi/13.3.1/../../../../arm-none-eabi/lib/thumb/v7e-m+dp/hard\libc_nano.a(libc_a-mallocr.o)
 .text._malloc_r
                0x0801a32c      0x100 C:/ST/STM32CubeIDE_2.0.0/STM32CubeIDE/plugins/com.st.stm32cube.ide.mcu.externaltools.gnu-tools-for-stm32.13.3.rel1.win32_1.0.100.202509120712/tools/bin/../lib/gcc/arm-none-eabi/13.3.1/../../../../arm-none-eabi/lib/thumb/v7e-m+dp/hard\libc_nano.a(libc_a-mallocr.o)
                0x0801a32c                _malloc_r
 .text.__malloc_lock
                0x0801a42c        0xc C:/ST/STM32CubeIDE_2.0.0/STM32CubeIDE/plugins/com.st.stm32cube.ide.mcu.externaltools.gnu-tools-for-stm32.13.3.rel1.win32_1.0.100.202509120712/tools/bin/../lib/gcc/arm-none-eabi/13.3.1/../../../../arm-none-eabi/lib/thumb/v7e-m+dp/hard\libc_nano.a(libc_a-mlock.o)
                0x0801a42c                __malloc_lock
 .text.__malloc_unlock
                0x0801a438        0xc C:/ST/STM32CubeIDE_2.0.0/STM32CubeIDE/plugins/com.st.stm32cube.ide.mcu.externaltools.gnu-tools-for-stm32.13.3.rel1.win32_1.0.100.202509120712/tools/bin/../lib/gcc/arm-none-eabi/13.3.1/../../../../arm-none-eabi/lib/thumb/v7e-m+dp/hard\libc_nano.a(libc_a-mlock.o)
                0x0801a438                __malloc_unlock
 .text._Balloc  0x0801a444       0x80 C:/ST/STM32CubeIDE_2.0.0/STM32CubeIDE/plugins/com.st.stm32cube.ide.mcu.externaltools.gnu-tools-for-stm32.13.3.rel1.win32_1.0.100.202509120712/tools/bin/../lib/gcc/arm-none-eabi/13.3.1/../../../../arm-none-eabi/lib/thumb/v7e-m+dp/hard\libc_nano.a(libc_a-mprec.o)
                0x0801a444                _Balloc
 .text._Bfree   0x0801a4c4       0x44 C:/ST/STM32CubeIDE_2.0.0/STM32CubeIDE/plugins/com.st.stm32cube.ide.mcu.externaltools.gnu-tools-for-stm32.13.3.rel1.win32_1.0.100.202509120712/tools/bin/../lib/gcc/arm-none-eabi/13.3.1/../../../../arm-none-eabi/lib/thumb/v7e-m+dp/hard\libc_nano.a(libc_a-mprec.o)
                0x0801a4c4                _Bfree
 .text.__multadd
                0x0801a508       0x8c C:/ST/STM32CubeIDE_2.0.0/STM32CubeIDE/plugins/com.st.stm32cube.ide.mcu.externaltools.gnu-tools-for-stm32.13.3.rel1.win32_1.0.100.202509120712/tools/bin/../lib/gcc/arm-none-eabi/13.3.1/../../../../arm-none-eabi/lib/thumb/v7e-m+dp/hard\libc_nano.a(libc_a-mprec.o)
                0x0801a508                __multadd
 .text.__s2b    0x0801a594       0x94 C:/ST/STM32CubeIDE_2.0.0/STM32CubeIDE/plugins/com.st.stm32cube.ide.mcu.externaltools.gnu-tools-for-stm32.13.3.rel1.win32_1.0.100.202509120712/tools/bin/../lib/gcc/arm-none-eabi/13.3.1/../../../../arm-none-eabi/lib/thumb/v7e-m+dp/hard\libc_nano.a(libc_a-mprec.o)