../Core/Inc/black_eyes.h:13:6:black_eye_set	16	static
../Core/Inc/rgb_led.h:18:6:rgb_led_set	32	static
../Core/Inc/rgb_led.h:39:6:rgb_led_init	16	static
../Core/Inc/buzzer.h:15:6:buzzer_set	24	static
../Core/Inc/buzzer.h:30:6:buzzer_init	16	static
../Core/Inc/servo.h:23:6:servo_set	16	static
../Core/Inc/servo.h:35:6:servo_enable	16	static
../Core/Inc/servo.h:39:6:servo_init	16	static
../Core/Inc/servo.h:52:7:servo_get_angle	24	static
../Core/Inc/mode_switch.h:14:9:get_mode_switch	16	static
../Core/Src/main.c:171:5:main	8	static
../Core/Src/main.c:287:6:SystemClock_Config	120	static
../Core/Src/main.c:345:6:PeriphCommonClock_Config	192	static
../Core/Src/main.c:375:13:MX_ADC1_Init	56	static
../Core/Src/main.c:444:13:MX_ADC3_Init	48	static
../Core/Src/main.c:507:13:MX_OCTOSPI1_Init	32	static
../Core/Src/main.c:558:13:MX_SPI1_Init	8	static
../Core/Src/main.c:606:13:MX_SPI2_Init	8	static
../Core/Src/main.c:654:13:MX_SPI4_Init	8	static
../Core/Src/main.c:702:13:MX_TIM3_Init	64	static
../Core/Src/main.c:769:13:MX_TIM4_Init	64	static
../Core/Src/main.c:836:13:MX_TIM6_Init	24	static
../Core/Src/main.c:874:13:MX_TIM7_Init	24	static
../Core/Src/main.c:912:13:MX_TIM16_Init	88	static
../Core/Src/main.c:975:13:MX_TIM17_Init	88	static
../Core/Src/main.c:1038:13:MX_UART4_Init	8	static
../Core/Src/main.c:1086:13:MX_USB_OTG_HS_PCD_Init	8	static
../Core/Src/main.c:1120:13:MX_BDMA_Init	16	static
../Core/Src/main.c:1136:13:MX_DMA_Init	16	static
../Core/Src/main.c:1169:13:MX_GPIO_Init	56	static
../Core/Src/main.c:1294:1:__io_putchar	16	static
../Core/Src/main.c:1304:6:HAL_GPIO_EXTI_Callback	16	static
../Core/Src/main.c:1316:6:HAL_SPI_TxRxCpltCallback	16	static
../Core/Src/main.c:1327:6:HAL_TIM_PeriodElapsedCallback	16	static
../Core/Src/main.c:1337:6:mode_transition_handler	16	static
../Core/Src/main.c:1363:6:mode_current_handler	96	static
../Core/Src/main.c:1420:6:MPU_Config	24	static
../Core/Src/main.c:1451:6:Error_Handler	4	static,ignoring_inline_asm
