../Core/Inc/black_eyes.h:13:6:black_eye_set	16	static
../Core/Inc/rgb_led.h:18:6:rgb_led_set	32	static
../Core/Inc/rgb_led.h:39:6:rgb_led_init	16	static
../Core/Inc/buzzer.h:15:6:buzzer_set	24	static
../Core/Inc/buzzer.h:30:6:buzzer_init	16	static
../Core/Inc/servo.h:26:6:servo_set	16	static
../Core/Inc/servo.h:38:6:servo_enable	16	static
../Core/Inc/servo.h:42:6:servo_init	16	static
../Core/Inc/servo.h:54:7:servo_get_angle	24	static
../Core/Inc/mode_switch.h:14:9:get_mode_switch	16	static
../Core/Inc/batt_sense.h:16:6:batt_sense_get	48	static
../Core/Inc/batt_sense.h:34:6:batt_sense_init	16	static
../Core/Src/main.c:185:5:main	8	static
../Core/Src/main.c:298:6:SystemClock_Config	120	static
../Core/Src/main.c:356:6:PeriphCommonClock_Config	192	static
../Core/Src/main.c:386:13:MX_ADC1_Init	56	static
../Core/Src/main.c:464:13:MX_ADC3_Init	48	static
../Core/Src/main.c:527:13:MX_OCTOSPI1_Init	32	static
../Core/Src/main.c:578:13:MX_SPI1_Init	8	static
../Core/Src/main.c:626:13:MX_SPI2_Init	8	static
../Core/Src/main.c:674:13:MX_SPI4_Init	8	static
../Core/Src/main.c:722:13:MX_TIM3_Init	64	static
../Core/Src/main.c:789:13:MX_TIM4_Init	64	static
../Core/Src/main.c:856:13:MX_TIM6_Init	24	static
../Core/Src/main.c:894:13:MX_TIM7_Init	24	static
../Core/Src/main.c:932:13:MX_TIM16_Init	88	static
../Core/Src/main.c:995:13:MX_TIM17_Init	88	static
../Core/Src/main.c:1058:13:MX_UART4_Init	8	static
../Core/Src/main.c:1106:13:MX_USB_OTG_HS_PCD_Init	8	static
../Core/Src/main.c:1140:13:MX_BDMA_Init	16	static
../Core/Src/main.c:1156:13:MX_DMA_Init	16	static
../Core/Src/main.c:1192:13:MX_GPIO_Init	56	static
../Core/Src/main.c:1317:1:__io_putchar	16	static
../Core/Src/main.c:1327:6:HAL_GPIO_EXTI_Callback	16	static
../Core/Src/main.c:1339:6:HAL_SPI_TxRxCpltCallback	16	static
../Core/Src/main.c:1350:6:HAL_TIM_PeriodElapsedCallback	16	static
../Core/Src/main.c:1360:6:mode_transition_handler	16	static
../Core/Src/main.c:1386:6:mode_current_handler	48	static
../Core/Src/main.c:1480:6:MPU_Config	24	static
../Core/Src/main.c:1511:6:Error_Handler	4	static,ignoring_inline_asm
