../Core/Inc/black_eyes.h:13:6:black_eye_set	16	static
../Core/Inc/rgb_led.h:19:6:rgb_led_set	32	static
../Core/Inc/rgb_led.h:45:6:rgb_led_init	16	static
../Core/Inc/buzzer.h:28:6:buzzer_set	24	static
../Core/Inc/buzzer.h:43:6:buzzer_init	16	static
../Core/Inc/buzzer.h:50:6:buzzer_play_tone	24	static
../Core/Inc/buzzer.h:62:6:buzzer_play_sequence	24	static
../Core/Inc/buzzer.h:72:6:buzzer_update	24	static
../Core/Inc/servo.h:28:6:servo_set_duty	16	static
../Core/Inc/servo.h:42:6:servo_set_deployment	24	static
../Core/Inc/servo.h:51:6:servo_set_angle	24	static
../Core/Inc/servo.h:61:6:servo_enable	24	static,ignoring_inline_asm
../Core/Inc/servo.h:82:6:servo_init	16	static
../Core/Inc/servo.h:94:7:servo_get_angle	24	static
../Core/Inc/mode_switch.h:14:9:get_mode_switch	16	static
../Core/Inc/batt_sense.h:16:6:batt_sense_get	48	static
../Core/Inc/batt_sense.h:34:6:batt_sense_init	16	static
../Core/Inc/cobs_uart.h:22:17:cobs_encode	32	static
../Core/Inc/cobs_uart.h:51:17:cobs_decode	32	static
../Core/Inc/cobs_uart.h:77:6:cobs_uart_send	32	static
../Core/Inc/telemetry.h:18:6:telemetry_packet_build	16	static
../Core/Inc/telemetry.h:56:6:telemetry_send	16	static
../Core/Inc/telemetry.h:60:6:telemetry_log	156	static
../Core/Inc/telemetry.h:75:6:telemetry_parse_rx	288	static
../Core/Src/main.c:294:5:main	120	static
../Core/Src/main.c:436:6:SystemClock_Config	120	static
../Core/Src/main.c:494:6:PeriphCommonClock_Config	192	static
../Core/Src/main.c:524:13:MX_ADC1_Init	56	static
../Core/Src/main.c:602:13:MX_ADC3_Init	48	static
../Core/Src/main.c:665:13:MX_OCTOSPI1_Init	32	static
../Core/Src/main.c:716:13:MX_SPI1_Init	8	static
../Core/Src/main.c:764:13:MX_SPI2_Init	8	static
../Core/Src/main.c:812:13:MX_SPI4_Init	8	static
../Core/Src/main.c:860:13:MX_TIM3_Init	64	static
../Core/Src/main.c:927:13:MX_TIM4_Init	64	static
../Core/Src/main.c:994:13:MX_TIM6_Init	24	static
../Core/Src/main.c:1032:13:MX_TIM7_Init	24	static
../Core/Src/main.c:1070:13:MX_TIM16_Init	88	static
../Core/Src/main.c:1133:13:MX_TIM17_Init	88	static
../Core/Src/main.c:1196:13:MX_UART4_Init	8	static
../Core/Src/main.c:1244:13:MX_USB_OTG_HS_PCD_Init	8	static
../Core/Src/main.c:1278:13:MX_BDMA_Init	16	static
../Core/Src/main.c:1294:13:MX_DMA_Init	16	static
../Core/Src/main.c:1331:13:MX_MDMA_Init	16	static
../Core/Src/main.c:1350:13:MX_GPIO_Init	56	static
../Core/Src/main.c:1475:1:__io_putchar	16	static
../Core/Src/main.c:1485:6:HAL_GPIO_EXTI_Callback	16	static
../Core/Src/main.c:1497:6:HAL_SPI_TxRxCpltCallback	16	static
../Core/Src/main.c:1506:6:HAL_SPI_RxCpltCallback	16	static
../Core/Src/main.c:1514:6:HAL_TIM_PeriodElapsedCallback	16	static
../Core/Src/main.c:1523:6:HAL_UART_RxCpltCallback	16	static
../Core/Src/main.c:1550:6:mode_transition_handler	24	static
../Core/Src/main.c:1641:6:mode_current_handler	240	static
../Core/Src/main.c:1896:6:MPU_Config	24	static
../Core/Src/main.c:1927:6:Error_Handler	4	static,ignoring_inline_asm
