../Core/Inc/black_eyes.h:13:6:black_eye_set	16	static
../Core/Inc/rgb_led.h:18:6:rgb_led_set	32	static
../Core/Inc/rgb_led.h:39:6:rgb_led_init	16	static
../Core/Inc/buzzer.h:28:6:buzzer_set	24	static
../Core/Inc/buzzer.h:43:6:buzzer_init	16	static
../Core/Inc/buzzer.h:50:6:buzzer_play_tone	24	static
../Core/Inc/buzzer.h:62:6:buzzer_play_sequence	24	static
../Core/Inc/buzzer.h:72:6:buzzer_update	24	static
../Core/Inc/servo.h:28:6:servo_set	16	static
../Core/Inc/servo.h:43:6:servo_enable	24	static,ignoring_inline_asm
../Core/Inc/servo.h:64:6:servo_init	16	static
../Core/Inc/servo.h:76:7:servo_get_angle	24	static
../Core/Inc/mode_switch.h:14:9:get_mode_switch	16	static
../Core/Inc/batt_sense.h:16:6:batt_sense_get	48	static
../Core/Inc/batt_sense.h:34:6:batt_sense_init	16	static
../Core/Inc/telemetry.h:21:17:cobs_encode	32	static
../Core/Inc/telemetry.h:50:6:telemetry_state	24	static
../Core/Src/main.c:284:5:main	8	static
../Core/Src/main.c:401:6:SystemClock_Config	120	static
../Core/Src/main.c:459:6:PeriphCommonClock_Config	192	static
../Core/Src/main.c:489:13:MX_ADC1_Init	56	static
../Core/Src/main.c:567:13:MX_ADC3_Init	48	static
../Core/Src/main.c:630:13:MX_OCTOSPI1_Init	32	static
../Core/Src/main.c:681:13:MX_SPI1_Init	8	static
../Core/Src/main.c:729:13:MX_SPI2_Init	8	static
../Core/Src/main.c:777:13:MX_SPI4_Init	8	static
../Core/Src/main.c:825:13:MX_TIM3_Init	64	static
../Core/Src/main.c:892:13:MX_TIM4_Init	64	static
../Core/Src/main.c:959:13:MX_TIM6_Init	24	static
../Core/Src/main.c:997:13:MX_TIM7_Init	24	static
../Core/Src/main.c:1035:13:MX_TIM16_Init	88	static
../Core/Src/main.c:1098:13:MX_TIM17_Init	88	static
../Core/Src/main.c:1161:13:MX_UART4_Init	8	static
../Core/Src/main.c:1209:13:MX_USB_OTG_HS_PCD_Init	8	static
../Core/Src/main.c:1243:13:MX_BDMA_Init	16	static
../Core/Src/main.c:1259:13:MX_DMA_Init	16	static
../Core/Src/main.c:1298:13:MX_GPIO_Init	56	static
../Core/Src/main.c:1423:1:__io_putchar	16	static
../Core/Src/main.c:1433:6:HAL_GPIO_EXTI_Callback	16	static
../Core/Src/main.c:1445:6:HAL_SPI_TxRxCpltCallback	16	static
../Core/Src/main.c:1454:6:HAL_SPI_RxCpltCallback	16	static
../Core/Src/main.c:1462:6:HAL_TIM_PeriodElapsedCallback	16	static
../Core/Src/main.c:1472:6:mode_transition_handler	16	static
../Core/Src/main.c:1522:6:mode_current_handler	304	static
../Core/Src/main.c:1699:6:MPU_Config	24	static
../Core/Src/main.c:1730:6:Error_Handler	4	static,ignoring_inline_asm
