../Core/Src/main.c:101:5:main	40	static
../Core/Src/main.c:192:6:SystemClock_Config	120	static
../Core/Src/main.c:252:6:PeriphCommonClock_Config	192	static
../Core/Src/main.c:279:13:MX_ADC1_Init	56	static
../Core/Src/main.c:348:13:MX_ADC3_Init	48	static
../Core/Src/main.c:411:13:MX_OCTOSPI1_Init	32	static
../Core/Src/main.c:462:13:MX_SPI1_Init	8	static
../Core/Src/main.c:510:13:MX_SPI2_Init	8	static
../Core/Src/main.c:558:13:MX_SPI4_Init	8	static
../Core/Src/main.c:606:13:MX_TIM3_Init	64	static
../Core/Src/main.c:673:13:MX_TIM4_Init	64	static
../Core/Src/main.c:740:13:MX_TIM16_Init	88	static
../Core/Src/main.c:803:13:MX_TIM17_Init	88	static
../Core/Src/main.c:866:13:MX_UART4_Init	8	static
../Core/Src/main.c:914:13:MX_USB_OTG_HS_PCD_Init	8	static
../Core/Src/main.c:950:13:MX_GPIO_Init	56	static
../Core/Src/main.c:1028:9:platform_write	24	static
../Core/Src/main.c:1037:9:platform_read	24	static
../Core/Src/main.c:1047:6:platform_delay	16	static
../Core/Src/main.c:1056:6:MPU_Config	24	static
../Core/Src/main.c:1087:6:Error_Handler	4	static,ignoring_inline_asm
