../Core/Inc/black_eyes.h:13:6:black_eye_set	16	static
../Core/Inc/rgb_led.h:19:6:rgb_led_set	32	static
../Core/Inc/rgb_led.h:45:6:rgb_led_init	16	static
../Core/Inc/buzzer.h:28:6:buzzer_set	24	static
../Core/Inc/buzzer.h:43:6:buzzer_init	16	static
../Core/Inc/buzzer.h:50:6:buzzer_play_tone	24	static
../Core/Inc/buzzer.h:62:6:buzzer_play_sequence	24	static
../Core/Inc/buzzer.h:72:6:buzzer_update	24	static
../Core/Inc/servo.h:28:6:servo_set_duty	16	static
../Core/Inc/servo.h:42:6:servo_set_deployment	24	static
../Core/Inc/servo.h:51:6:servo_set_angle	24	static
../Core/Inc/servo.h:61:6:servo_enable	24	static,ignoring_inline_asm
../Core/Inc/servo.h:82:6:servo_init	16	static
../Core/Inc/servo.h:94:7:servo_get_angle	24	static
../Core/Inc/mode_switch.h:14:9:get_mode_switch	16	static
../Core/Inc/batt_sense.h:16:6:batt_sense_get	48	static
../Core/Inc/batt_sense.h:34:6:batt_sense_init	16	static
../Core/Inc/cobs_uart.h:22:17:cobs_encode	32	static
../Core/Inc/cobs_uart.h:51:17:cobs_decode	32	static
../Core/Inc/cobs_uart.h:77:6:cobs_uart_send	32	static
../Core/Inc/telemetry.h:20:6:telemetry_init	16	static
../Core/Inc/telemetry.h:24:6:telemetry_packet_build	16	static
../Core/Inc/telemetry.h:62:6:telemetry_send	16	static
../Core/Inc/telemetry.h:66:6:telemetry_log	28	static
../Core/Inc/telemetry.h:85:6:telemetry_parse_rx	288	static
../Core/Inc/btn.h:21:6:btn_init	24	static
../Core/Inc/btn.h:30:6:btn_update	16	static
../Core/Inc/btn.h:36:9:btn_get	16	static
../Core/Inc/btn.h:41:8:btn_get_edge	16	static
../Core/Src/main.c:297:5:main	16	static
../Core/Src/main.c:452:6:SystemClock_Config	120	static
../Core/Src/main.c:510:6:PeriphCommonClock_Config	192	static
../Core/Src/main.c:540:13:MX_ADC1_Init	56	static
../Core/Src/main.c:618:13:MX_ADC3_Init	48	static
../Core/Src/main.c:681:13:MX_OCTOSPI1_Init	32	static
../Core/Src/main.c:732:13:MX_SPI1_Init	8	static
../Core/Src/main.c:780:13:MX_SPI2_Init	8	static
../Core/Src/main.c:828:13:MX_SPI4_Init	8	static
../Core/Src/main.c:876:13:MX_TIM3_Init	64	static
../Core/Src/main.c:943:13:MX_TIM4_Init	64	static
../Core/Src/main.c:1010:13:MX_TIM6_Init	24	static
../Core/Src/main.c:1048:13:MX_TIM7_Init	24	static
../Core/Src/main.c:1086:13:MX_TIM16_Init	88	static
../Core/Src/main.c:1149:13:MX_TIM17_Init	88	static
../Core/Src/main.c:1212:13:MX_UART4_Init	8	static
../Core/Src/main.c:1260:13:MX_USB_OTG_HS_PCD_Init	8	static
../Core/Src/main.c:1294:13:MX_BDMA_Init	16	static
../Core/Src/main.c:1310:13:MX_DMA_Init	16	static
../Core/Src/main.c:1347:13:MX_MDMA_Init	16	static
../Core/Src/main.c:1366:13:MX_GPIO_Init	56	static
../Core/Src/main.c:1491:1:__io_putchar	16	static
../Core/Src/main.c:1501:6:HAL_GPIO_EXTI_Callback	16	static
../Core/Src/main.c:1513:6:HAL_SPI_TxRxCpltCallback	16	static
../Core/Src/main.c:1522:6:HAL_SPI_RxCpltCallback	16	static
../Core/Src/main.c:1530:6:HAL_TIM_PeriodElapsedCallback	16	static
../Core/Src/main.c:1539:6:HAL_UART_RxCpltCallback	16	static
../Core/Src/main.c:1565:6:HAL_UART_ErrorCallback	16	static
../Core/Src/main.c:1575:6:mode_transition_handler	24	static
../Core/Src/main.c:1674:6:mode_current_handler	240	static
../Core/Src/main.c:1944:6:MPU_Config	24	static
../Core/Src/main.c:1975:6:Error_Handler	4	static,ignoring_inline_asm
