../Core/Inc/black_eyes.h:13:6:black_eye_set	16	static
../Core/Inc/rgb_led.h:19:6:rgb_led_set	32	static
../Core/Inc/rgb_led.h:45:6:rgb_led_init	16	static
../Core/Inc/buzzer.h:28:6:buzzer_set	24	static
../Core/Inc/buzzer.h:43:6:buzzer_init	16	static
../Core/Inc/buzzer.h:50:6:buzzer_play_tone	24	static
../Core/Inc/buzzer.h:62:6:buzzer_play_sequence	24	static
../Core/Inc/buzzer.h:72:6:buzzer_update	24	static
../Core/Inc/servo.h:28:6:servo_set_duty	16	static
../Core/Inc/servo.h:42:6:servo_set_deployment	24	static
../Core/Inc/servo.h:48:6:servo_enable	24	static,ignoring_inline_asm
../Core/Inc/servo.h:69:6:servo_init	16	static
../Core/Inc/servo.h:81:7:servo_get_angle	24	static
../Core/Inc/mode_switch.h:14:9:get_mode_switch	16	static
../Core/Inc/batt_sense.h:16:6:batt_sense_get	48	static
../Core/Inc/batt_sense.h:34:6:batt_sense_init	16	static
../Core/Inc/cobs_uart.h:22:17:cobs_encode	32	static
../Core/Inc/cobs_uart.h:51:17:cobs_decode	32	static
../Core/Inc/cobs_uart.h:77:6:cobs_uart_send	32	static
../Core/Inc/telemetry.h:16:6:telemetry_packet_build	16	static
../Core/Inc/telemetry.h:52:6:telemetry_send	16	static
../Core/Inc/hil.h:18:23:hil_parse_rx	64	static
../Core/Inc/hil.h:33:20:hil_send	24	static
../Core/Src/main.c:305:5:main	120	static
../Core/Src/main.c:442:6:SystemClock_Config	120	static
../Core/Src/main.c:500:6:PeriphCommonClock_Config	192	static
../Core/Src/main.c:530:13:MX_ADC1_Init	56	static
../Core/Src/main.c:608:13:MX_ADC3_Init	48	static
../Core/Src/main.c:671:13:MX_OCTOSPI1_Init	32	static
../Core/Src/main.c:722:13:MX_SPI1_Init	8	static
../Core/Src/main.c:770:13:MX_SPI2_Init	8	static
../Core/Src/main.c:818:13:MX_SPI4_Init	8	static
../Core/Src/main.c:866:13:MX_TIM3_Init	64	static
../Core/Src/main.c:933:13:MX_TIM4_Init	64	static
../Core/Src/main.c:1000:13:MX_TIM6_Init	24	static
../Core/Src/main.c:1038:13:MX_TIM7_Init	24	static
../Core/Src/main.c:1076:13:MX_TIM16_Init	88	static
../Core/Src/main.c:1139:13:MX_TIM17_Init	88	static
../Core/Src/main.c:1202:13:MX_UART4_Init	8	static
../Core/Src/main.c:1250:13:MX_USB_OTG_HS_PCD_Init	8	static
../Core/Src/main.c:1284:13:MX_BDMA_Init	16	static
../Core/Src/main.c:1300:13:MX_DMA_Init	16	static
../Core/Src/main.c:1337:13:MX_MDMA_Init	16	static
../Core/Src/main.c:1356:13:MX_GPIO_Init	56	static
../Core/Src/main.c:1481:1:__io_putchar	16	static
../Core/Src/main.c:1491:6:HAL_GPIO_EXTI_Callback	16	static
../Core/Src/main.c:1503:6:HAL_SPI_TxRxCpltCallback	16	static
../Core/Src/main.c:1512:6:HAL_SPI_RxCpltCallback	16	static
../Core/Src/main.c:1520:6:HAL_TIM_PeriodElapsedCallback	16	static
../Core/Src/main.c:1529:6:HAL_UART_RxCpltCallback	16	static
../Core/Src/main.c:1556:6:mode_transition_handler	24	static
../Core/Src/main.c:1661:6:mode_current_handler	536	static
../Core/Src/main.c:1923:6:MPU_Config	24	static
../Core/Src/main.c:1954:6:Error_Handler	4	static,ignoring_inline_asm
