../Core/Inc/black_eyes.h:13:6:black_eye_set	16	static
../Core/Inc/rgb_led.h:19:6:rgb_led_set	32	static
../Core/Inc/rgb_led.h:45:6:rgb_led_init	16	static
../Core/Inc/buzzer.h:28:6:buzzer_set	24	static
../Core/Inc/buzzer.h:43:6:buzzer_init	16	static
../Core/Inc/buzzer.h:50:6:buzzer_play_tone	24	static
../Core/Inc/buzzer.h:62:6:buzzer_play_sequence	24	static
../Core/Inc/buzzer.h:72:6:buzzer_update	24	static
../Core/Inc/servo.h:28:6:servo_set_duty	16	static
../Core/Inc/servo.h:42:6:servo_set_deployment	24	static
../Core/Inc/servo.h:51:6:servo_set_angle	24	static
../Core/Inc/servo.h:61:6:servo_enable	24	static,ignoring_inline_asm
../Core/Inc/servo.h:82:6:servo_init	16	static
../Core/Inc/servo.h:94:7:servo_get_angle	24	static
../Core/Inc/mode_switch.h:14:9:get_mode_switch	16	static
../Core/Inc/batt_sense.h:16:6:batt_sense_get	48	static
../Core/Inc/batt_sense.h:34:6:batt_sense_init	16	static
../Core/Inc/btn.h:21:6:btn_init	24	static
../Core/Inc/btn.h:30:6:btn_update	16	static
../Core/Inc/btn.h:36:9:btn_get	16	static
../Core/Inc/btn.h:41:8:btn_get_edge	16	static
../Core/Src/main.c:298:5:main	16	static
../Core/Src/main.c:445:6:SystemClock_Config	120	static
../Core/Src/main.c:503:6:PeriphCommonClock_Config	192	static
../Core/Src/main.c:533:13:MX_ADC1_Init	56	static
../Core/Src/main.c:611:13:MX_ADC3_Init	48	static
../Core/Src/main.c:674:13:MX_OCTOSPI1_Init	32	static
../Core/Src/main.c:725:13:MX_SPI1_Init	8	static
../Core/Src/main.c:773:13:MX_SPI2_Init	8	static
../Core/Src/main.c:821:13:MX_SPI4_Init	8	static
../Core/Src/main.c:869:13:MX_TIM3_Init	64	static
../Core/Src/main.c:936:13:MX_TIM4_Init	64	static
../Core/Src/main.c:1003:13:MX_TIM6_Init	24	static
../Core/Src/main.c:1041:13:MX_TIM7_Init	24	static
../Core/Src/main.c:1079:13:MX_TIM16_Init	88	static
../Core/Src/main.c:1142:13:MX_TIM17_Init	88	static
../Core/Src/main.c:1205:13:MX_UART4_Init	8	static
../Core/Src/main.c:1254:13:MX_USB_OTG_HS_PCD_Init	8	static
../Core/Src/main.c:1288:13:MX_BDMA_Init	16	static
../Core/Src/main.c:1304:13:MX_DMA_Init	16	static
../Core/Src/main.c:1345:13:MX_MDMA_Init	16	static
../Core/Src/main.c:1364:13:MX_GPIO_Init	56	static
../Core/Src/main.c:1489:1:__io_putchar	16	static
../Core/Src/main.c:1499:6:HAL_GPIO_EXTI_Callback	16	static
../Core/Src/main.c:1511:6:HAL_SPI_TxRxCpltCallback	16	static
../Core/Src/main.c:1520:6:HAL_SPI_RxCpltCallback	16	static
../Core/Src/main.c:1528:6:HAL_TIM_PeriodElapsedCallback	16	static
../Core/Src/main.c:1537:6:HAL_UART_ErrorCallback	16	static
../Core/Src/main.c:1543:6:HAL_OSPI_ErrorCallback	16	static
../Core/Src/main.c:1550:6:mode_transition_handler	24	static
../Core/Src/main.c:1649:6:mode_current_handler	240	static
../Core/Src/main.c:1931:6:MPU_Config	24	static
../Core/Src/main.c:1962:6:Error_Handler	8	static,ignoring_inline_asm
