../Core/Inc/black_eyes.h:13:6:black_eye_set	16	static
../Core/Inc/rgb_led.h:19:6:rgb_led_set	32	static
../Core/Inc/rgb_led.h:45:6:rgb_led_init	16	static
../Core/Inc/buzzer.h:28:6:buzzer_set	24	static
../Core/Inc/buzzer.h:43:6:buzzer_init	16	static
../Core/Inc/buzzer.h:50:6:buzzer_play_tone	24	static
../Core/Inc/buzzer.h:62:6:buzzer_play_sequence	24	static
../Core/Inc/buzzer.h:72:6:buzzer_update	24	static
../Core/Inc/servo.h:28:6:servo_set_duty	16	static
../Core/Inc/servo.h:42:6:servo_set_deployment	24	static
../Core/Inc/servo.h:48:6:servo_enable	24	static,ignoring_inline_asm
../Core/Inc/servo.h:69:6:servo_init	16	static
../Core/Inc/servo.h:81:7:servo_get_angle	24	static
../Core/Inc/mode_switch.h:14:9:get_mode_switch	16	static
../Core/Inc/batt_sense.h:16:6:batt_sense_get	48	static
../Core/Inc/batt_sense.h:34:6:batt_sense_init	16	static
../Core/Inc/cobs_uart.h:22:17:cobs_encode	32	static
../Core/Inc/cobs_uart.h:51:17:cobs_decode	32	static
../Core/Inc/cobs_uart.h:77:6:cobs_uart_send	32	static
../Core/Inc/telemetry.h:16:6:telemetry_packet_build	16	static
../Core/Inc/telemetry.h:52:6:telemetry_send	16	static
../Core/Inc/hil.h:18:23:hil_parse_rx	64	static
../Core/Inc/hil.h:33:20:hil_send	24	static
../Core/Src/main.c:295:5:main	120	static
../Core/Src/main.c:432:6:SystemClock_Config	120	static
../Core/Src/main.c:490:6:PeriphCommonClock_Config	192	static
../Core/Src/main.c:520:13:MX_ADC1_Init	56	static
../Core/Src/main.c:598:13:MX_ADC3_Init	48	static
../Core/Src/main.c:661:13:MX_OCTOSPI1_Init	32	static
../Core/Src/main.c:712:13:MX_SPI1_Init	8	static
../Core/Src/main.c:760:13:MX_SPI2_Init	8	static
../Core/Src/main.c:808:13:MX_SPI4_Init	8	static
../Core/Src/main.c:856:13:MX_TIM3_Init	64	static
../Core/Src/main.c:923:13:MX_TIM4_Init	64	static
../Core/Src/main.c:990:13:MX_TIM6_Init	24	static
../Core/Src/main.c:1028:13:MX_TIM7_Init	24	static
../Core/Src/main.c:1066:13:MX_TIM16_Init	88	static
../Core/Src/main.c:1129:13:MX_TIM17_Init	88	static
../Core/Src/main.c:1192:13:MX_UART4_Init	8	static
../Core/Src/main.c:1240:13:MX_USB_OTG_HS_PCD_Init	8	static
../Core/Src/main.c:1274:13:MX_BDMA_Init	16	static
../Core/Src/main.c:1290:13:MX_DMA_Init	16	static
../Core/Src/main.c:1327:13:MX_MDMA_Init	16	static
../Core/Src/main.c:1346:13:MX_GPIO_Init	56	static
../Core/Src/main.c:1471:1:__io_putchar	16	static
../Core/Src/main.c:1481:6:HAL_GPIO_EXTI_Callback	16	static
../Core/Src/main.c:1493:6:HAL_SPI_TxRxCpltCallback	16	static
../Core/Src/main.c:1502:6:HAL_SPI_RxCpltCallback	16	static
../Core/Src/main.c:1510:6:HAL_TIM_PeriodElapsedCallback	16	static
../Core/Src/main.c:1519:6:HAL_UART_RxCpltCallback	16	static
../Core/Src/main.c:1546:6:mode_transition_handler	24	static
../Core/Src/main.c:1637:6:mode_current_handler	536	static
../Core/Src/main.c:1880:6:MPU_Config	24	static
../Core/Src/main.c:1911:6:Error_Handler	4	static,ignoring_inline_asm
