../Core/Inc/black_eyes.h:13:6:black_eye_set	16	static
../Core/Inc/rgb_led.h:18:6:rgb_led_set	32	static
../Core/Inc/rgb_led.h:39:6:rgb_led_init	16	static
../Core/Inc/buzzer.h:15:6:buzzer_set	24	static
../Core/Inc/buzzer.h:30:6:buzzer_init	16	static
../Core/Inc/servo.h:25:6:servo_set	16	static
../Core/Inc/servo.h:37:6:servo_enable	16	static
../Core/Inc/servo.h:41:6:servo_init	16	static
../Core/Inc/servo.h:50:7:servo_get_angle	24	static
../Core/Inc/mode_switch.h:14:9:get_mode_switch	16	static
../Core/Inc/batt_sense.h:16:6:batt_sense_get	48	static
../Core/Inc/batt_sense.h:34:6:batt_sense_init	16	static
../Core/Src/main.c:181:5:main	8	static
../Core/Src/main.c:293:6:SystemClock_Config	120	static
../Core/Src/main.c:351:6:PeriphCommonClock_Config	192	static
../Core/Src/main.c:381:13:MX_ADC1_Init	56	static
../Core/Src/main.c:459:13:MX_ADC3_Init	48	static
../Core/Src/main.c:522:13:MX_OCTOSPI1_Init	32	static
../Core/Src/main.c:573:13:MX_SPI1_Init	8	static
../Core/Src/main.c:621:13:MX_SPI2_Init	8	static
../Core/Src/main.c:669:13:MX_SPI4_Init	8	static
../Core/Src/main.c:717:13:MX_TIM3_Init	64	static
../Core/Src/main.c:784:13:MX_TIM4_Init	64	static
../Core/Src/main.c:851:13:MX_TIM6_Init	24	static
../Core/Src/main.c:889:13:MX_TIM7_Init	24	static
../Core/Src/main.c:927:13:MX_TIM16_Init	88	static
../Core/Src/main.c:990:13:MX_TIM17_Init	88	static
../Core/Src/main.c:1053:13:MX_UART4_Init	8	static
../Core/Src/main.c:1101:13:MX_USB_OTG_HS_PCD_Init	8	static
../Core/Src/main.c:1135:13:MX_DMA_Init	16	static
../Core/Src/main.c:1171:13:MX_GPIO_Init	56	static
../Core/Src/main.c:1296:1:__io_putchar	16	static
../Core/Src/main.c:1306:6:HAL_GPIO_EXTI_Callback	16	static
../Core/Src/main.c:1318:6:HAL_SPI_TxRxCpltCallback	16	static
../Core/Src/main.c:1329:6:HAL_TIM_PeriodElapsedCallback	16	static
../Core/Src/main.c:1339:6:mode_transition_handler	16	static
../Core/Src/main.c:1365:6:mode_current_handler	48	static
../Core/Src/main.c:1460:6:MPU_Config	24	static
../Core/Src/main.c:1491:6:Error_Handler	4	static,ignoring_inline_asm
