../Core/Inc/black_eyes.h:13:6:black_eye_set	16	static
../Core/Inc/rgb_led.h:18:6:rgb_led_set	32	static
../Core/Inc/rgb_led.h:39:6:rgb_led_init	16	static
../Core/Inc/buzzer.h:15:6:buzzer_set	24	static
../Core/Inc/buzzer.h:30:6:buzzer_init	16	static
../Core/Inc/servo.h:26:6:servo_set	16	static
../Core/Inc/servo.h:38:6:servo_enable	16	static
../Core/Inc/servo.h:42:6:servo_init	16	static
../Core/Inc/servo.h:54:7:servo_get_angle	24	static
../Core/Inc/mode_switch.h:14:9:get_mode_switch	16	static
../Core/Src/main.c:174:5:main	8	static
../Core/Src/main.c:283:6:SystemClock_Config	120	static
../Core/Src/main.c:341:6:PeriphCommonClock_Config	192	static
../Core/Src/main.c:371:13:MX_ADC1_Init	56	static
../Core/Src/main.c:440:13:MX_ADC3_Init	48	static
../Core/Src/main.c:503:13:MX_OCTOSPI1_Init	32	static
../Core/Src/main.c:554:13:MX_SPI1_Init	8	static
../Core/Src/main.c:602:13:MX_SPI2_Init	8	static
../Core/Src/main.c:650:13:MX_SPI4_Init	8	static
../Core/Src/main.c:698:13:MX_TIM3_Init	64	static
../Core/Src/main.c:765:13:MX_TIM4_Init	64	static
../Core/Src/main.c:832:13:MX_TIM6_Init	24	static
../Core/Src/main.c:870:13:MX_TIM7_Init	24	static
../Core/Src/main.c:908:13:MX_TIM16_Init	88	static
../Core/Src/main.c:971:13:MX_TIM17_Init	88	static
../Core/Src/main.c:1034:13:MX_UART4_Init	8	static
../Core/Src/main.c:1082:13:MX_USB_OTG_HS_PCD_Init	8	static
../Core/Src/main.c:1116:13:MX_DMA_Init	16	static
../Core/Src/main.c:1149:13:MX_GPIO_Init	56	static
../Core/Src/main.c:1274:1:__io_putchar	16	static
../Core/Src/main.c:1284:6:HAL_GPIO_EXTI_Callback	16	static
../Core/Src/main.c:1296:6:HAL_SPI_TxRxCpltCallback	16	static
../Core/Src/main.c:1307:6:HAL_TIM_PeriodElapsedCallback	16	static
../Core/Src/main.c:1317:6:mode_transition_handler	16	static
../Core/Src/main.c:1343:6:mode_current_handler	96	static
../Core/Src/main.c:1428:6:MPU_Config	24	static
../Core/Src/main.c:1459:6:Error_Handler	4	static,ignoring_inline_asm
