../Core/Inc/black_eyes.h:13:6:black_eye_set	16	static
../Core/Inc/rgb_led.h:18:6:rgb_led_set	32	static
../Core/Inc/rgb_led.h:39:6:rgb_led_init	16	static
../Core/Inc/buzzer.h:28:6:buzzer_set	24	static
../Core/Inc/buzzer.h:43:6:buzzer_init	16	static
../Core/Inc/buzzer.h:50:6:buzzer_play_tone	24	static
../Core/Inc/buzzer.h:62:6:buzzer_play_sequence	24	static
../Core/Inc/buzzer.h:72:6:buzzer_update	24	static
../Core/Inc/servo.h:28:6:servo_set	16	static
../Core/Inc/servo.h:43:6:servo_enable	24	static,ignoring_inline_asm
../Core/Inc/servo.h:64:6:servo_init	16	static
../Core/Inc/servo.h:76:7:servo_get_angle	24	static
../Core/Inc/mode_switch.h:14:9:get_mode_switch	16	static
../Core/Inc/batt_sense.h:16:6:batt_sense_get	48	static
../Core/Inc/batt_sense.h:34:6:batt_sense_init	16	static
../Core/Inc/telemetry.h:21:17:cobs_encode	32	static
../Core/Inc/telemetry.h:50:6:telemetry_state	24	static
../Core/Src/main.c:277:5:main	8	static
../Core/Src/main.c:394:6:SystemClock_Config	120	static
../Core/Src/main.c:452:6:PeriphCommonClock_Config	192	static
../Core/Src/main.c:482:13:MX_ADC1_Init	56	static
../Core/Src/main.c:560:13:MX_ADC3_Init	48	static
../Core/Src/main.c:623:13:MX_OCTOSPI1_Init	32	static
../Core/Src/main.c:674:13:MX_SPI1_Init	8	static
../Core/Src/main.c:722:13:MX_SPI2_Init	8	static
../Core/Src/main.c:770:13:MX_SPI4_Init	8	static
../Core/Src/main.c:818:13:MX_TIM3_Init	64	static
../Core/Src/main.c:885:13:MX_TIM4_Init	64	static
../Core/Src/main.c:952:13:MX_TIM6_Init	24	static
../Core/Src/main.c:990:13:MX_TIM7_Init	24	static
../Core/Src/main.c:1028:13:MX_TIM16_Init	88	static
../Core/Src/main.c:1091:13:MX_TIM17_Init	88	static
../Core/Src/main.c:1154:13:MX_UART4_Init	8	static
../Core/Src/main.c:1202:13:MX_USB_OTG_HS_PCD_Init	8	static
../Core/Src/main.c:1236:13:MX_BDMA_Init	16	static
../Core/Src/main.c:1252:13:MX_DMA_Init	16	static
../Core/Src/main.c:1288:13:MX_GPIO_Init	56	static
../Core/Src/main.c:1413:1:__io_putchar	16	static
../Core/Src/main.c:1423:6:HAL_GPIO_EXTI_Callback	16	static
../Core/Src/main.c:1435:6:HAL_SPI_TxRxCpltCallback	16	static
../Core/Src/main.c:1446:6:HAL_TIM_PeriodElapsedCallback	16	static
../Core/Src/main.c:1456:6:mode_transition_handler	16	static
../Core/Src/main.c:1504:6:mode_current_handler	40	static
../Core/Src/main.c:1620:6:MPU_Config	24	static
../Core/Src/main.c:1651:6:Error_Handler	4	static,ignoring_inline_asm
