../Core/Inc/black_eyes.h:13:6:black_eye_set	16	static
../Core/Inc/rgb_led.h:18:6:rgb_led_set	32	static
../Core/Inc/rgb_led.h:39:6:rgb_led_init	16	static
../Core/Inc/buzzer.h:15:6:buzzer_set	24	static
../Core/Inc/buzzer.h:30:6:buzzer_init	16	static
../Core/Inc/servo.h:25:6:servo_set	16	static
../Core/Inc/servo.h:37:6:servo_enable	16	static
../Core/Inc/servo.h:41:6:servo_init	16	static
../Core/Inc/servo.h:50:7:servo_get_angle	24	static
../Core/Inc/mode_switch.h:14:9:get_mode_switch	16	static
../Core/Inc/batt_sense.h:17:6:batt_sense_get	48	static
../Core/Src/main.c:181:5:main	8	static
../Core/Src/main.c:291:6:SystemClock_Config	120	static
../Core/Src/main.c:349:6:PeriphCommonClock_Config	192	static
../Core/Src/main.c:379:13:MX_ADC1_Init	56	static
../Core/Src/main.c:457:13:MX_ADC3_Init	48	static
../Core/Src/main.c:520:13:MX_OCTOSPI1_Init	32	static
../Core/Src/main.c:571:13:MX_SPI1_Init	8	static
../Core/Src/main.c:619:13:MX_SPI2_Init	8	static
../Core/Src/main.c:667:13:MX_SPI4_Init	8	static
../Core/Src/main.c:715:13:MX_TIM3_Init	64	static
../Core/Src/main.c:782:13:MX_TIM4_Init	64	static
../Core/Src/main.c:849:13:MX_TIM6_Init	24	static
../Core/Src/main.c:887:13:MX_TIM7_Init	24	static
../Core/Src/main.c:925:13:MX_TIM16_Init	88	static
../Core/Src/main.c:988:13:MX_TIM17_Init	88	static
../Core/Src/main.c:1051:13:MX_UART4_Init	8	static
../Core/Src/main.c:1099:13:MX_USB_OTG_HS_PCD_Init	8	static
../Core/Src/main.c:1133:13:MX_DMA_Init	16	static
../Core/Src/main.c:1166:13:MX_GPIO_Init	56	static
../Core/Src/main.c:1291:1:__io_putchar	16	static
../Core/Src/main.c:1301:6:HAL_GPIO_EXTI_Callback	16	static
../Core/Src/main.c:1313:6:HAL_SPI_TxRxCpltCallback	16	static
../Core/Src/main.c:1324:6:HAL_TIM_PeriodElapsedCallback	16	static
../Core/Src/main.c:1334:6:mode_transition_handler	16	static
../Core/Src/main.c:1360:6:mode_current_handler	56	static
../Core/Src/main.c:1455:6:MPU_Config	24	static
../Core/Src/main.c:1486:6:Error_Handler	4	static,ignoring_inline_asm
