../Core/Inc/black_eyes.h:13:6:black_eye_set	16	static
../Core/Inc/rgb_led.h:18:6:rgb_led_set	32	static
../Core/Inc/rgb_led.h:39:6:rgb_led_init	16	static
../Core/Inc/buzzer.h:15:6:buzzer_set	24	static
../Core/Inc/buzzer.h:30:6:buzzer_init	16	static
../Core/Inc/servo.h:16:6:servo_set	16	static
../Core/Inc/servo.h:28:6:servo_init	16	static
../Core/Inc/mode_switch.h:14:9:get_mode_switch	16	static
../Core/Src/main.c:139:5:main	16	static
../Core/Src/main.c:232:6:SystemClock_Config	120	static
../Core/Src/main.c:290:6:PeriphCommonClock_Config	192	static
../Core/Src/main.c:317:13:MX_ADC1_Init	56	static
../Core/Src/main.c:386:13:MX_ADC3_Init	48	static
../Core/Src/main.c:449:13:MX_OCTOSPI1_Init	32	static
../Core/Src/main.c:500:13:MX_SPI1_Init	8	static
../Core/Src/main.c:548:13:MX_SPI2_Init	8	static
../Core/Src/main.c:596:13:MX_SPI4_Init	8	static
../Core/Src/main.c:644:13:MX_TIM3_Init	64	static
../Core/Src/main.c:711:13:MX_TIM4_Init	64	static
../Core/Src/main.c:778:13:MX_TIM7_Init	24	static
../Core/Src/main.c:816:13:MX_TIM16_Init	88	static
../Core/Src/main.c:879:13:MX_TIM17_Init	88	static
../Core/Src/main.c:942:13:MX_UART4_Init	8	static
../Core/Src/main.c:990:13:MX_USB_OTG_HS_PCD_Init	8	static
../Core/Src/main.c:1024:13:MX_DMA_Init	16	static
../Core/Src/main.c:1057:13:MX_GPIO_Init	56	static
../Core/Src/main.c:1144:1:__io_putchar	16	static
../Core/Src/main.c:1154:6:HAL_GPIO_EXTI_Callback	16	static
../Core/Src/main.c:1165:6:HAL_SPI_TxRxCpltCallback	16	static
../Core/Src/main.c:1176:6:HAL_TIM_PeriodElapsedCallback	16	static
../Core/Src/main.c:1186:6:MPU_Config	24	static
../Core/Src/main.c:1217:6:Error_Handler	4	static,ignoring_inline_asm
