../Core/Inc/black_eyes.h:13:6:black_eye_set	16	static
../Core/Inc/rgb_led.h:18:6:rgb_led_set	32	static
../Core/Inc/rgb_led.h:39:6:rgb_led_init	16	static
../Core/Inc/buzzer.h:15:6:buzzer_set	24	static
../Core/Inc/buzzer.h:30:6:buzzer_init	16	static
../Core/Inc/servo.h:26:6:servo_set	16	static
../Core/Inc/servo.h:39:6:servo_enable	24	static,ignoring_inline_asm
../Core/Inc/servo.h:60:6:servo_init	16	static
../Core/Inc/servo.h:72:7:servo_get_angle	24	static
../Core/Inc/mode_switch.h:14:9:get_mode_switch	16	static
../Core/Inc/batt_sense.h:16:6:batt_sense_get	48	static
../Core/Inc/batt_sense.h:34:6:batt_sense_init	16	static
../Core/Src/main.c:187:5:main	8	static
../Core/Src/main.c:300:6:SystemClock_Config	120	static
../Core/Src/main.c:358:6:PeriphCommonClock_Config	192	static
../Core/Src/main.c:388:13:MX_ADC1_Init	56	static
../Core/Src/main.c:466:13:MX_ADC3_Init	48	static
../Core/Src/main.c:529:13:MX_OCTOSPI1_Init	32	static
../Core/Src/main.c:580:13:MX_SPI1_Init	8	static
../Core/Src/main.c:628:13:MX_SPI2_Init	8	static
../Core/Src/main.c:676:13:MX_SPI4_Init	8	static
../Core/Src/main.c:724:13:MX_TIM3_Init	64	static
../Core/Src/main.c:791:13:MX_TIM4_Init	64	static
../Core/Src/main.c:858:13:MX_TIM6_Init	24	static
../Core/Src/main.c:896:13:MX_TIM7_Init	24	static
../Core/Src/main.c:934:13:MX_TIM16_Init	88	static
../Core/Src/main.c:997:13:MX_TIM17_Init	88	static
../Core/Src/main.c:1060:13:MX_UART4_Init	8	static
../Core/Src/main.c:1108:13:MX_USB_OTG_HS_PCD_Init	8	static
../Core/Src/main.c:1142:13:MX_BDMA_Init	16	static
../Core/Src/main.c:1158:13:MX_DMA_Init	16	static
../Core/Src/main.c:1194:13:MX_GPIO_Init	56	static
../Core/Src/main.c:1319:1:__io_putchar	16	static
../Core/Src/main.c:1329:6:HAL_GPIO_EXTI_Callback	16	static
../Core/Src/main.c:1341:6:HAL_SPI_TxRxCpltCallback	16	static
../Core/Src/main.c:1352:6:HAL_TIM_PeriodElapsedCallback	16	static
../Core/Src/main.c:1362:6:mode_transition_handler	16	static
../Core/Src/main.c:1388:6:mode_current_handler	48	static
../Core/Src/main.c:1484:6:MPU_Config	24	static
../Core/Src/main.c:1515:6:Error_Handler	4	static,ignoring_inline_asm
