../Core/Inc/black_eyes.h:13:6:black_eye_set	16	static
../Core/Inc/rgb_led.h:19:6:rgb_led_set	32	static
../Core/Inc/rgb_led.h:45:6:rgb_led_init	16	static
../Core/Inc/buzzer.h:28:6:buzzer_set	24	static
../Core/Inc/buzzer.h:43:6:buzzer_init	16	static
../Core/Inc/buzzer.h:50:6:buzzer_play_tone	24	static
../Core/Inc/buzzer.h:62:6:buzzer_play_sequence	24	static
../Core/Inc/buzzer.h:72:6:buzzer_update	24	static
../Core/Inc/servo.h:28:6:servo_set_duty	16	static
../Core/Inc/servo.h:42:6:servo_set_deployment	24	static
../Core/Inc/servo.h:51:6:servo_set_angle	24	static
../Core/Inc/servo.h:61:6:servo_enable	24	static,ignoring_inline_asm
../Core/Inc/servo.h:82:6:servo_init	16	static
../Core/Inc/servo.h:94:7:servo_get_angle	24	static
../Core/Inc/batt_sense.h:16:6:batt_sense_get	48	static
../Core/Inc/batt_sense.h:34:6:batt_sense_init	16	static
../Core/Inc/btn.h:21:6:btn_init	24	static
../Core/Inc/btn.h:30:6:btn_update	16	static
../Core/Inc/btn.h:36:9:btn_get	16	static
../Core/Inc/btn.h:41:8:btn_get_edge	16	static
../Core/Src/main.c:295:5:main	16	static
../Core/Src/main.c:453:6:SystemClock_Config	120	static
../Core/Src/main.c:511:6:PeriphCommonClock_Config	192	static
../Core/Src/main.c:541:13:MX_ADC1_Init	56	static
../Core/Src/main.c:619:13:MX_ADC3_Init	48	static
../Core/Src/main.c:682:13:MX_OCTOSPI1_Init	32	static
../Core/Src/main.c:733:13:MX_SPI1_Init	8	static
../Core/Src/main.c:781:13:MX_SPI2_Init	8	static
../Core/Src/main.c:829:13:MX_SPI4_Init	8	static
../Core/Src/main.c:877:13:MX_TIM2_Init	40	static
../Core/Src/main.c:922:13:MX_TIM3_Init	64	static
../Core/Src/main.c:989:13:MX_TIM4_Init	64	static
../Core/Src/main.c:1056:13:MX_TIM6_Init	24	static
../Core/Src/main.c:1094:13:MX_TIM7_Init	24	static
../Core/Src/main.c:1132:13:MX_TIM16_Init	88	static
../Core/Src/main.c:1195:13:MX_TIM17_Init	88	static
../Core/Src/main.c:1258:13:MX_UART4_Init	8	static
../Core/Src/main.c:1307:13:MX_USB_OTG_HS_PCD_Init	8	static
../Core/Src/main.c:1341:13:MX_BDMA_Init	16	static
../Core/Src/main.c:1357:13:MX_DMA_Init	16	static
../Core/Src/main.c:1398:13:MX_MDMA_Init	16	static
../Core/Src/main.c:1417:13:MX_GPIO_Init	56	static
../Core/Src/main.c:1542:1:__io_putchar	16	static
../Core/Src/main.c:1551:6:HAL_GPIO_EXTI_Callback	16	static
../Core/Src/main.c:1563:6:HAL_SPI_TxRxCpltCallback	16	static
../Core/Src/main.c:1572:6:HAL_SPI_RxCpltCallback	16	static
../Core/Src/main.c:1578:6:HAL_TIM_PeriodElapsedCallback	16	static
../Core/Src/main.c:1587:6:HAL_UART_ErrorCallback	16	static
../Core/Src/main.c:1593:6:HAL_OSPI_ErrorCallback	16	static
../Core/Src/main.c:1600:6:mode_transition_handler	16	static
../Core/Src/main.c:1722:6:mode_current_handler	576	static
../Core/Src/main.c:2003:6:MPU_Config	24	static
../Core/Src/main.c:2034:6:Error_Handler	8	static,ignoring_inline_asm
