../Core/Src/sensors.c:55:6:spi_nss	16	static
../Core/Src/sensors.c:66:9:platform_write	32	static
../Core/Src/sensors.c:77:9:platform_read	32	static
../Core/Src/sensors.c:90:6:platform_delay	16	static
../Core/Src/sensors.c:97:6:baro_int_drdy_handler	8	static
../Core/Src/sensors.c:106:6:imu_int_drdy_handler	8	static
../Core/Src/sensors.c:113:6:mag_int_drdy_handler	8	static
../Core/Src/sensors.c:123:6:baro_spi_callback	8	static
../Core/Src/sensors.c:131:6:imu_spi_callback	8	static
../Core/Src/sensors.c:153:6:mag_spi_callback	8	static
../Core/Src/sensors.c:164:6:sensors_init	8	static
../Core/Src/sensors.c:171:6:baro_init	32	static
../Core/Src/sensors.c:213:6:imu_init	24	static
../Core/Src/sensors.c:267:6:mag_init	16	static
