../Core/Src/sensors.c:43:6:get_accel_ms2	16	static
../Core/Src/sensors.c:49:6:get_omega_rads	16	static
../Core/Src/sensors.c:55:6:get_mag_mgauss	16	static
../Core/Src/sensors.c:61:6:get_pres_hpa	16	static
../Core/Src/sensors.c:66:9:platform_write	32	static
../Core/Src/sensors.c:74:9:platform_read	32	static
../Core/Src/sensors.c:84:6:platform_delay	16	static
../Core/Src/sensors.c:91:6:baro_int_drdy_handler	8	static
../Core/Src/sensors.c:99:6:imu_int_drdy_handler	8	static
../Core/Src/sensors.c:105:6:mag_int_drdy_handler	8	static
../Core/Src/sensors.c:113:6:baro_spi_callback	8	static
../Core/Src/sensors.c:118:6:imu_spi_callback	4	static
../Core/Src/sensors.c:123:6:mag_spi_callback	4	static
../Core/Src/sensors.c:127:6:sensors_init	8	static
../Core/Src/sensors.c:135:6:baro_init	32	static
../Core/Src/sensors.c:176:6:imu_init	4	static
../Core/Src/sensors.c:184:6:mag_init	4	static
