../Core/Src/stm32h7xx_it.c:83:6:NMI_Handler	4	static
../Core/Src/stm32h7xx_it.c:98:6:HardFault_Handler	4	static
../Core/Src/stm32h7xx_it.c:113:6:MemManage_Handler	4	static
../Core/Src/stm32h7xx_it.c:128:6:BusFault_Handler	4	static
../Core/Src/stm32h7xx_it.c:143:6:UsageFault_Handler	4	static
../Core/Src/stm32h7xx_it.c:158:6:SVC_Handler	4	static
../Core/Src/stm32h7xx_it.c:171:6:DebugMon_Handler	4	static
../Core/Src/stm32h7xx_it.c:184:6:PendSV_Handler	4	static
../Core/Src/stm32h7xx_it.c:197:6:SysTick_Handler	8	static
../Core/Src/stm32h7xx_it.c:218:6:EXTI0_IRQHandler	8	static
../Core/Src/stm32h7xx_it.c:232:6:EXTI1_IRQHandler	8	static
../Core/Src/stm32h7xx_it.c:246:6:EXTI2_IRQHandler	8	static
../Core/Src/stm32h7xx_it.c:260:6:EXTI3_IRQHandler	8	static
../Core/Src/stm32h7xx_it.c:274:6:EXTI4_IRQHandler	8	static
../Core/Src/stm32h7xx_it.c:288:6:DMA1_Stream0_IRQHandler	8	static
../Core/Src/stm32h7xx_it.c:302:6:DMA1_Stream1_IRQHandler	8	static
../Core/Src/stm32h7xx_it.c:316:6:DMA1_Stream2_IRQHandler	8	static
../Core/Src/stm32h7xx_it.c:330:6:DMA1_Stream3_IRQHandler	8	static
../Core/Src/stm32h7xx_it.c:344:6:DMA1_Stream4_IRQHandler	8	static
../Core/Src/stm32h7xx_it.c:358:6:DMA1_Stream5_IRQHandler	8	static
../Core/Src/stm32h7xx_it.c:372:6:DMA1_Stream6_IRQHandler	8	static
../Core/Src/stm32h7xx_it.c:386:6:EXTI9_5_IRQHandler	8	static
../Core/Src/stm32h7xx_it.c:401:6:SPI1_IRQHandler	8	static
../Core/Src/stm32h7xx_it.c:415:6:SPI2_IRQHandler	8	static
../Core/Src/stm32h7xx_it.c:429:6:EXTI15_10_IRQHandler	8	static
../Core/Src/stm32h7xx_it.c:443:6:DMA1_Stream7_IRQHandler	8	static
../Core/Src/stm32h7xx_it.c:457:6:UART4_IRQHandler	8	static
../Core/Src/stm32h7xx_it.c:471:6:TIM6_DAC_IRQHandler	8	static
../Core/Src/stm32h7xx_it.c:485:6:TIM7_IRQHandler	8	static
../Core/Src/stm32h7xx_it.c:499:6:SPI4_IRQHandler	8	static
../Core/Src/stm32h7xx_it.c:513:6:BDMA_Channel0_IRQHandler	8	static
