../Core/Src/stm32h7xx_it.c:80:6:NMI_Handler	4	static
../Core/Src/stm32h7xx_it.c:95:6:HardFault_Handler	4	static
../Core/Src/stm32h7xx_it.c:110:6:MemManage_Handler	4	static
../Core/Src/stm32h7xx_it.c:125:6:BusFault_Handler	4	static
../Core/Src/stm32h7xx_it.c:140:6:UsageFault_Handler	4	static
../Core/Src/stm32h7xx_it.c:155:6:SVC_Handler	4	static
../Core/Src/stm32h7xx_it.c:168:6:DebugMon_Handler	4	static
../Core/Src/stm32h7xx_it.c:181:6:PendSV_Handler	4	static
../Core/Src/stm32h7xx_it.c:194:6:SysTick_Handler	8	static
../Core/Src/stm32h7xx_it.c:215:6:EXTI0_IRQHandler	8	static
../Core/Src/stm32h7xx_it.c:229:6:EXTI1_IRQHandler	8	static
../Core/Src/stm32h7xx_it.c:243:6:EXTI2_IRQHandler	8	static
../Core/Src/stm32h7xx_it.c:257:6:EXTI3_IRQHandler	8	static
../Core/Src/stm32h7xx_it.c:271:6:EXTI4_IRQHandler	8	static
../Core/Src/stm32h7xx_it.c:285:6:DMA1_Stream0_IRQHandler	8	static
../Core/Src/stm32h7xx_it.c:299:6:DMA1_Stream1_IRQHandler	8	static
../Core/Src/stm32h7xx_it.c:313:6:DMA1_Stream2_IRQHandler	8	static
../Core/Src/stm32h7xx_it.c:327:6:DMA1_Stream3_IRQHandler	8	static
../Core/Src/stm32h7xx_it.c:341:6:DMA1_Stream4_IRQHandler	8	static
../Core/Src/stm32h7xx_it.c:355:6:DMA1_Stream5_IRQHandler	8	static
../Core/Src/stm32h7xx_it.c:369:6:EXTI9_5_IRQHandler	8	static
../Core/Src/stm32h7xx_it.c:384:6:SPI1_IRQHandler	8	static
../Core/Src/stm32h7xx_it.c:398:6:SPI2_IRQHandler	8	static
../Core/Src/stm32h7xx_it.c:412:6:EXTI15_10_IRQHandler	8	static
../Core/Src/stm32h7xx_it.c:426:6:TIM6_DAC_IRQHandler	8	static
../Core/Src/stm32h7xx_it.c:440:6:TIM7_IRQHandler	8	static
../Core/Src/stm32h7xx_it.c:454:6:SPI4_IRQHandler	8	static
../Core/Src/stm32h7xx_it.c:468:6:BDMA_Channel0_IRQHandler	8	static
