../Core/Src/flash.c:18:6:flash_init	8	static
../Core/Src/flash.c:45:6:HAL_OSPI_TxCpltCallback	0	static
../Core/Src/flash.c:54:6:HAL_OSPI_StatusMatchCallback	0	static
../Core/Src/flash.c:87:9:flash_should_add	0	static
../Core/Src/flash.c:119:6:flash_packet_build	20	static
../Core/Src/flash.c:107:6:flash_pkt_buf_add	16	static
../Core/Src/flash.c:155:6:flash_process	16	static,ignoring_inline_asm
../Core/Src/flash.c:186:6:flash_read_blocking	24	static,ignoring_inline_asm
../Core/Src/flash.c:69:9:flash_check_erased	264	static
../Core/Src/flash.c:198:6:flash_write_blocking	24	static,ignoring_inline_asm
../Core/Src/flash.c:212:6:flash_erase_sector	16	static
../Core/Src/flash.c:220:6:flash_erase_chip	8	static
