../Core/Inc/servo.h:61:39:servo_enable	4
../Core/Inc/black_eyes.h:13:6:black_eye_set	3
../Core/Inc/rgb_led.h:19:6:rgb_led_set	19
../Core/Inc/rgb_led.h:45:6:rgb_led_init	1
../Core/Inc/buzzer.h:28:6:buzzer_set	1
../Core/Inc/buzzer.h:43:6:buzzer_init	1
../Core/Inc/buzzer.h:50:6:buzzer_play_tone	2
../Core/Inc/buzzer.h:62:6:buzzer_play_sequence	1
../Core/Inc/buzzer.h:72:6:buzzer_update	4
../Core/Inc/servo.h:28:6:servo_set_duty	1
../Core/Inc/servo.h:42:6:servo_set_deployment	2
../Core/Inc/servo.h:51:6:servo_set_angle	2
../Core/Inc/servo.h:83:6:servo_init	1
../Core/Inc/servo.h:95:7:servo_get_angle	1
../Core/Inc/batt_sense.h:16:6:batt_sense_get	1
../Core/Inc/batt_sense.h:34:6:batt_sense_init	1
../Core/Inc/btn.h:21:6:btn_init	1
../Core/Inc/btn.h:30:6:btn_update	1
../Core/Inc/btn.h:36:9:btn_get	1
../Core/Inc/btn.h:41:8:btn_get_edge	1
../Core/Src/main.c:1548:1:__io_putchar	1
../Core/Src/main.c:1557:6:HAL_GPIO_EXTI_Callback	5
../Core/Src/main.c:1569:6:HAL_SPI_TxRxCpltCallback	3
../Core/Src/main.c:1578:6:HAL_SPI_RxCpltCallback	2
../Core/Src/main.c:1584:6:HAL_TIM_PeriodElapsedCallback	3
../Core/Src/main.c:1593:6:HAL_UART_ErrorCallback	2
../Core/Src/main.c:1599:6:HAL_OSPI_ErrorCallback	2
../Core/Src/main.c:1606:6:mode_transition_handler	11
../Core/Src/main.c:1728:6:mode_current_handler	37
../Core/Src/main.c:2069:6:Error_Handler	1
../Core/Src/main.c:459:6:SystemClock_Config	3
../Core/Src/main.c:517:6:PeriphCommonClock_Config	1
../Core/Src/main.c:305:5:main	51
