../Core/Inc/servo.h:61:39:servo_enable	24	static,ignoring_inline_asm
../Core/Inc/black_eyes.h:13:6:black_eye_set	0	static
../Core/Inc/rgb_led.h:19:6:rgb_led_set	16	static
../Core/Inc/rgb_led.h:45:6:rgb_led_init	8	static
../Core/Inc/buzzer.h:28:6:buzzer_set	0	static
../Core/Inc/buzzer.h:43:6:buzzer_init	0	static
../Core/Inc/buzzer.h:50:6:buzzer_play_tone	8	static
../Core/Inc/buzzer.h:62:6:buzzer_play_sequence	16	static
../Core/Inc/buzzer.h:72:6:buzzer_update	16	static
../Core/Inc/servo.h:28:6:servo_set_duty	0	static
../Core/Inc/servo.h:42:6:servo_set_deployment	0	static
../Core/Inc/servo.h:51:6:servo_set_angle	0	static
../Core/Inc/servo.h:83:6:servo_init	8	static
../Core/Inc/servo.h:95:7:servo_get_angle	0	static
../Core/Inc/batt_sense.h:16:6:batt_sense_get	0	static
../Core/Inc/batt_sense.h:34:6:batt_sense_init	0	static
../Core/Inc/btn.h:21:6:btn_init	8	static
../Core/Inc/btn.h:30:6:btn_update	8	static
../Core/Inc/btn.h:36:9:btn_get	0	static
../Core/Inc/btn.h:41:8:btn_get_edge	0	static
../Core/Src/main.c:1538:1:__io_putchar	16	static
../Core/Src/main.c:1547:6:HAL_GPIO_EXTI_Callback	0	static
../Core/Src/main.c:1559:6:HAL_SPI_TxRxCpltCallback	0	static
../Core/Src/main.c:1568:6:HAL_SPI_RxCpltCallback	0	static
../Core/Src/main.c:1574:6:HAL_TIM_PeriodElapsedCallback	0	static
../Core/Src/main.c:1583:6:HAL_UART_ErrorCallback	0	static
../Core/Src/main.c:1589:6:HAL_OSPI_ErrorCallback	0	static
../Core/Src/main.c:1596:6:mode_transition_handler	16	static
../Core/Src/main.c:1718:6:mode_current_handler	632	static
../Core/Src/main.c:2045:6:Error_Handler	8	static,ignoring_inline_asm
../Core/Src/main.c:449:6:SystemClock_Config	120	static
../Core/Src/main.c:507:6:PeriphCommonClock_Config	192	static
../Core/Src/main.c:295:5:main	512	static
