Archive member included to satisfy reference by file (symbol)

C:/ST/STM32CubeIDE_2.0.0/STM32CubeIDE/plugins/com.st.stm32cube.ide.mcu.externaltools.gnu-tools-for-stm32.13.3.rel1.win32_1.0.100.202509120712/tools/bin/../lib/gcc/arm-none-eabi/13.3.1/../../../../arm-none-eabi/lib/thumb/v7e-m+dp/hard\libc_nano.a(libc_a-assert.o)
                              ./Core/Src/lps22df_reg.o (__assert_func)
C:/ST/STM32CubeIDE_2.0.0/STM32CubeIDE/plugins/com.st.stm32cube.ide.mcu.externaltools.gnu-tools-for-stm32.13.3.rel1.win32_1.0.100.202509120712/tools/bin/../lib/gcc/arm-none-eabi/13.3.1/../../../../arm-none-eabi/lib/thumb/v7e-m+dp/hard\libc_nano.a(libc_a-exit.o)
                              C:/ST/STM32CubeIDE_2.0.0/STM32CubeIDE/plugins/com.st.stm32cube.ide.mcu.externaltools.gnu-tools-for-stm32.13.3.rel1.win32_1.0.100.202509120712/tools/bin/../lib/gcc/arm-none-eabi/13.3.1/../../../../arm-none-eabi/lib/thumb/v7e-m+dp/hard/crt0.o (exit)
C:/ST/STM32CubeIDE_2.0.0/STM32CubeIDE/plugins/com.st.stm32cube.ide.mcu.externaltools.gnu-tools-for-stm32.13.3.rel1.win32_1.0.100.202509120712/tools/bin/../lib/gcc/arm-none-eabi/13.3.1/../../../../arm-none-eabi/lib/thumb/v7e-m+dp/hard\libc_nano.a(libc_a-nano-vfprintf_float.o)
                              (_printf_float)
C:/ST/STM32CubeIDE_2.0.0/STM32CubeIDE/plugins/com.st.stm32cube.ide.mcu.externaltools.gnu-tools-for-stm32.13.3.rel1.win32_1.0.100.202509120712/tools/bin/../lib/gcc/arm-none-eabi/13.3.1/../../../../arm-none-eabi/lib/thumb/v7e-m+dp/hard\libc_nano.a(libc_a-nano-vfprintf_i.o)
                              C:/ST/STM32CubeIDE_2.0.0/STM32CubeIDE/plugins/com.st.stm32cube.ide.mcu.externaltools.gnu-tools-for-stm32.13.3.rel1.win32_1.0.100.202509120712/tools/bin/../lib/gcc/arm-none-eabi/13.3.1/../../../../arm-none-eabi/lib/thumb/v7e-m+dp/hard\libc_nano.a(libc_a-nano-vfprintf_float.o) (_printf_common)
C:/ST/STM32CubeIDE_2.0.0/STM32CubeIDE/plugins/com.st.stm32cube.ide.mcu.externaltools.gnu-tools-for-stm32.13.3.rel1.win32_1.0.100.202509120712/tools/bin/../lib/gcc/arm-none-eabi/13.3.1/../../../../arm-none-eabi/lib/thumb/v7e-m+dp/hard\libc_nano.a(libc_a-findfp.o)
                              C:/ST/STM32CubeIDE_2.0.0/STM32CubeIDE/plugins/com.st.stm32cube.ide.mcu.externaltools.gnu-tools-for-stm32.13.3.rel1.win32_1.0.100.202509120712/tools/bin/../lib/gcc/arm-none-eabi/13.3.1/../../../../arm-none-eabi/lib/thumb/v7e-m+dp/hard\libc_nano.a(libc_a-exit.o) (__stdio_exit_handler)
C:/ST/STM32CubeIDE_2.0.0/STM32CubeIDE/plugins/com.st.stm32cube.ide.mcu.externaltools.gnu-tools-for-stm32.13.3.rel1.win32_1.0.100.202509120712/tools/bin/../lib/gcc/arm-none-eabi/13.3.1/../../../../arm-none-eabi/lib/thumb/v7e-m+dp/hard\libc_nano.a(libc_a-fprintf.o)
                              C:/ST/STM32CubeIDE_2.0.0/STM32CubeIDE/plugins/com.st.stm32cube.ide.mcu.externaltools.gnu-tools-for-stm32.13.3.rel1.win32_1.0.100.202509120712/tools/bin/../lib/gcc/arm-none-eabi/13.3.1/../../../../arm-none-eabi/lib/thumb/v7e-m+dp/hard\libc_nano.a(libc_a-assert.o) (fiprintf)
C:/ST/STM32CubeIDE_2.0.0/STM32CubeIDE/plugins/com.st.stm32cube.ide.mcu.externaltools.gnu-tools-for-stm32.13.3.rel1.win32_1.0.100.202509120712/tools/bin/../lib/gcc/arm-none-eabi/13.3.1/../../../../arm-none-eabi/lib/thumb/v7e-m+dp/hard\libc_nano.a(libc_a-fwalk.o)
                              C:/ST/STM32CubeIDE_2.0.0/STM32CubeIDE/plugins/com.st.stm32cube.ide.mcu.externaltools.gnu-tools-for-stm32.13.3.rel1.win32_1.0.100.202509120712/tools/bin/../lib/gcc/arm-none-eabi/13.3.1/../../../../arm-none-eabi/lib/thumb/v7e-m+dp/hard\libc_nano.a(libc_a-findfp.o) (_fwalk_sglue)
C:/ST/STM32CubeIDE_2.0.0/STM32CubeIDE/plugins/com.st.stm32cube.ide.mcu.externaltools.gnu-tools-for-stm32.13.3.rel1.win32_1.0.100.202509120712/tools/bin/../lib/gcc/arm-none-eabi/13.3.1/../../../../arm-none-eabi/lib/thumb/v7e-m+dp/hard\libc_nano.a(libc_a-printf.o)
                              ./Core/Src/main.o (printf)
C:/ST/STM32CubeIDE_2.0.0/STM32CubeIDE/plugins/com.st.stm32cube.ide.mcu.externaltools.gnu-tools-for-stm32.13.3.rel1.win32_1.0.100.202509120712/tools/bin/../lib/gcc/arm-none-eabi/13.3.1/../../../../arm-none-eabi/lib/thumb/v7e-m+dp/hard\libc_nano.a(libc_a-puts.o)
                              ./Core/Src/main.o (puts)
C:/ST/STM32CubeIDE_2.0.0/STM32CubeIDE/plugins/com.st.stm32cube.ide.mcu.externaltools.gnu-tools-for-stm32.13.3.rel1.win32_1.0.100.202509120712/tools/bin/../lib/gcc/arm-none-eabi/13.3.1/../../../../arm-none-eabi/lib/thumb/v7e-m+dp/hard\libc_nano.a(libc_a-stdio.o)
                              C:/ST/STM32CubeIDE_2.0.0/STM32CubeIDE/plugins/com.st.stm32cube.ide.mcu.externaltools.gnu-tools-for-stm32.13.3.rel1.win32_1.0.100.202509120712/tools/bin/../lib/gcc/arm-none-eabi/13.3.1/../../../../arm-none-eabi/lib/thumb/v7e-m+dp/hard\libc_nano.a(libc_a-findfp.o) (__sread)
[...]
Memory Configuration

Name             Origin             Length             Attributes
ITCMRAM          0x00000000         0x00010000         xrw
DTCMRAM          0x20000000         0x00020000         xrw
FLASH            0x08000000         0x00020000         xr
RAM_D1           0x24000000         0x00050000         xrw
RAM_D2           0x30000000         0x00008000         xrw
RAM_D3           0x38000000         0x00004000         xrw
*default*        0x00000000         0xffffffff

Linker script and memory map

LOAD C:/ST/STM32CubeIDE_2.0.0/STM32CubeIDE/plugins/com.st.stm32cube.ide.mcu.externaltools.gnu-tools-for-stm32.13.3.rel1.win32_1.0.100.202509120712/tools/bin/../lib/gcc/arm-none-eabi/13.3.1/thumb/v7e-m+dp/hard/crti.o
LOAD C:/ST/STM32CubeIDE_2.0.0/STM32CubeIDE/plugins/com.st.stm32cube.ide.mcu.externaltools.gnu-tools-for-stm32.13.3.rel1.win32_1.0.100.202509120712/tools/bin/../lib/gcc/arm-none-eabi/13.3.1/thumb/v7e-m+dp/hard/crtbegin.o
LOAD C:/ST/STM32CubeIDE_2.0.0/STM32CubeIDE/plugins/com.st.stm32cube.ide.mcu.externaltools.gnu-tools-for-stm32.13.3.rel1.win32_1.0.100.202509120712/tools/bin/../lib/gcc/arm-none-eabi/13.3.1/../../../../arm-none-eabi/lib/thumb/v7e-m+dp/hard/crt0.o
LOAD ./Core/Src/MadgwickAHRS.o
LOAD ./Core/Src/cobs.o
LOAD ./Core/Src/control.o
LOAD ./Core/Src/flash.o
LOAD ./Core/Src/iis2mdc_reg.o
LOAD ./Core/Src/lps22df_reg.o
LOAD ./Core/Src/lsm6dsv80x_reg.o
LOAD ./Core/Src/main.o
LOAD ./Core/Src/mode_switch.o
LOAD ./Core/Src/sensors.o
LOAD ./Core/Src/state.o
LOAD ./Core/Src/state_estimation.o
LOAD ./Core/Src/stm32h7xx_hal_msp.o
LOAD ./Core/Src/stm32h7xx_it.o
LOAD ./Core/Src/syscalls.o
LOAD ./Core/Src/sysmem.o
LOAD ./Core/Src/system_stm32h7xx.o
LOAD ./Core/Src/telemetry.o
LOAD ./Core/Startup/startup_stm32h730vbtx.o
LOAD ./Drivers/STM32H7xx_HAL_Driver/Src/stm32h7xx_hal.o
LOAD ./Drivers/STM32H7xx_HAL_Driver/Src/stm32h7xx_hal_adc.o
LOAD ./Drivers/STM32H7xx_HAL_Driver/Src/stm32h7xx_hal_adc_ex.o
LOAD ./Drivers/STM32H7xx_HAL_Driver/Src/stm32h7xx_hal_cortex.o
LOAD ./Drivers/STM32H7xx_HAL_Driver/Src/stm32h7xx_hal_dma.o
LOAD ./Drivers/STM32H7xx_HAL_Driver/Src/stm32h7xx_hal_dma_ex.o
LOAD ./Drivers/STM32H7xx_HAL_Driver/Src/stm32h7xx_hal_exti.o
LOAD ./Drivers/STM32H7xx_HAL_Driver/Src/stm32h7xx_hal_flash.o
LOAD ./Drivers/STM32H7xx_HAL_Driver/Src/stm32h7xx_hal_flash_ex.o
LOAD ./Drivers/STM32H7xx_HAL_Driver/Src/stm32h7xx_hal_gpio.o
LOAD ./Drivers/STM32H7xx_HAL_Driver/Src/stm32h7xx_hal_hsem.o
LOAD ./Drivers/STM32H7xx_HAL_Driver/Src/stm32h7xx_hal_i2c.o
LOAD ./Drivers/STM32H7xx_HAL_Driver/Src/stm32h7xx_hal_i2c_ex.o
LOAD ./Drivers/STM32H7xx_HAL_Driver/Src/stm32h7xx_hal_mdma.o
LOAD ./Drivers/STM32H7xx_HAL_Driver/Src/stm32h7xx_hal_ospi.o
LOAD ./Drivers/STM32H7xx_HAL_Driver/Src/stm32h7xx_hal_pcd.o
LOAD ./Drivers/STM32H7xx_HAL_Driver/Src/stm32h7xx_hal_pcd_ex.o
LOAD ./Drivers/STM32H7xx_HAL_Driver/Src/stm32h7xx_hal_pwr.o
LOAD ./Drivers/STM32H7xx_HAL_Driver/Src/stm32h7xx_hal_pwr_ex.o
LOAD ./Drivers/STM32H7xx_HAL_Driver/Src/stm32h7xx_hal_rcc.o
LOAD ./Drivers/STM32H7xx_HAL_Driver/Src/stm32h7xx_hal_rcc_ex.o
LOAD ./Drivers/STM32H7xx_HAL_Driver/Src/stm32h7xx_hal_spi.o
LOAD ./Drivers/STM32H7xx_HAL_Driver/Src/stm32h7xx_hal_spi_ex.o
LOAD ./Drivers/STM32H7xx_HAL_Driver/Src/stm32h7xx_hal_tim.o
LOAD ./Drivers/STM32H7xx_HAL_Driver/Src/stm32h7xx_hal_tim_ex.o
LOAD ./Drivers/STM32H7xx_HAL_Driver/Src/stm32h7xx_hal_uart.o
LOAD ./Drivers/STM32H7xx_HAL_Driver/Src/stm32h7xx_hal_uart_ex.o
LOAD ./Drivers/STM32H7xx_HAL_Driver/Src/stm32h7xx_ll_usb.o
LOAD ./Drivers/W25Q_STM32_HAL_Driver/Src/w25q_ospi.o
LOAD ./Drivers/W25Q_STM32_HAL_Driver/Src/w25q_qspi.o
START GROUP
LOAD C:/ST/STM32CubeIDE_2.0.0/STM32CubeIDE/plugins/com.st.stm32cube.ide.mcu.externaltools.gnu-tools-for-stm32.13.3.rel1.win32_1.0.100.202509120712/tools/bin/../lib/gcc/arm-none-eabi/13.3.1/../../../../arm-none-eabi/lib/thumb/v7e-m+dp/hard\libc_nano.a
LOAD C:/ST/STM32CubeIDE_2.0.0/STM32CubeIDE/plugins/com.st.stm32cube.ide.mcu.externaltools.gnu-tools-for-stm32.13.3.rel1.win32_1.0.100.202509120712/tools/bin/../lib/gcc/arm-none-eabi/13.3.1/../../../../arm-none-eabi/lib/thumb/v7e-m+dp/hard\libm.a
END GROUP
START GROUP
LOAD C:/ST/STM32CubeIDE_2.0.0/STM32CubeIDE/plugins/com.st.stm32cube.ide.mcu.externaltools.gnu-tools-for-stm32.13.3.rel1.win32_1.0.100.202509120712/tools/bin/../lib/gcc/arm-none-eabi/13.3.1/thumb/v7e-m+dp/hard\libgcc.a
LOAD C:/ST/STM32CubeIDE_2.0.0/STM32CubeIDE/plugins/com.st.stm32cube.ide.mcu.externaltools.gnu-tools-for-stm32.13.3.rel1.win32_1.0.100.202509120712/tools/bin/../lib/gcc/arm-none-eabi/13.3.1/../../../../arm-none-eabi/lib/thumb/v7e-m+dp/hard\libc_nano.a
END GROUP
START GROUP
LOAD C:/ST/STM32CubeIDE_2.0.0/STM32CubeIDE/plugins/com.st.stm32cube.ide.mcu.externaltools.gnu-tools-for-stm32.13.3.rel1.win32_1.0.100.202509120712/tools/bin/../lib/gcc/arm-none-eabi/13.3.1/thumb/v7e-m+dp/hard\libgcc.a
LOAD C:/ST/STM32CubeIDE_2.0.0/STM32CubeIDE/plugins/com.st.stm32cube.ide.mcu.externaltools.gnu-tools-for-stm32.13.3.rel1.win32_1.0.100.202509120712/tools/bin/../lib/gcc/arm-none-eabi/13.3.1/../../../../arm-none-eabi/lib/thumb/v7e-m+dp/hard\libc_nano.a
LOAD C:/ST/STM32CubeIDE_2.0.0/STM32CubeIDE/plugins/com.st.stm32cube.ide.mcu.externaltools.gnu-tools-for-stm32.13.3.rel1.win32_1.0.100.202509120712/tools/bin/../lib/gcc/arm-none-eabi/13.3.1/../../../../arm-none-eabi/lib/thumb/v7e-m+dp/hard\libnosys.a
END GROUP
START GROUP
LOAD C:/ST/STM32CubeIDE_2.0.0/STM32CubeIDE/plugins/com.st.stm32cube.ide.mcu.externaltools.gnu-tools-for-stm32.13.3.rel1.win32_1.0.100.202509120712/tools/bin/../lib/gcc/arm-none-eabi/13.3.1/thumb/v7e-m+dp/hard\libgcc.a
LOAD C:/ST/STM32CubeIDE_2.0.0/STM32CubeIDE/plugins/com.st.stm32cube.ide.mcu.externaltools.gnu-tools-for-stm32.13.3.rel1.win32_1.0.100.202509120712/tools/bin/../lib/gcc/arm-none-eabi/13.3.1/../../../../arm-none-eabi/lib/thumb/v7e-m+dp/hard\libc_nano.a
LOAD C:/ST/STM32CubeIDE_2.0.0/STM32CubeIDE/plugins/com.st.stm32cube.ide.mcu.externaltools.gnu-tools-for-stm32.13.3.rel1.win32_1.0.100.202509120712/tools/bin/../lib/gcc/arm-none-eabi/13.3.1/../../../../arm-none-eabi/lib/thumb/v7e-m+dp/hard\libnosys.a
END GROUP
LOAD C:/ST/STM32CubeIDE_2.0.0/STM32CubeIDE/plugins/com.st.stm32cube.ide.mcu.externaltools.gnu-tools-for-stm32.13.3.rel1.win32_1.0.100.202509120712/tools/bin/../lib/gcc/arm-none-eabi/13.3.1/thumb/v7e-m+dp/hard/crtend.o
LOAD C:/ST/STM32CubeIDE_2.0.0/STM32CubeIDE/plugins/com.st.stm32cube.ide.mcu.externaltools.gnu-tools-for-stm32.13.3.rel1.win32_1.0.100.202509120712/tools/bin/../lib/gcc/arm-none-eabi/13.3.1/thumb/v7e-m+dp/hard/crtn.o
                0x24050000                        _estack = (ORIGIN (RAM_D1) + LENGTH (RAM_D1))
                0x00000200                        _Min_Heap_Size = 0x200
                0x00000400                        _Min_Stack_Size = 0x400

.isr_vector     0x08000000      0x2cc
                0x08000000                        . = ALIGN (0x4)
 *(.isr_vector)
 .isr_vector    0x08000000      0x2cc ./Core/Startup/startup_stm32h730vbtx.o
                0x08000000                g_pfnVectors
                0x080002cc                        . = ALIGN (0x4)

.text           0x080002d0     0xfcf4
                0x080002d0                        . = ALIGN (0x4)
 *(.text)
 .text          0x080002d0       0x40 C:/ST/STM32CubeIDE_2.0.0/STM32CubeIDE/plugins/com.st.stm32cube.ide.mcu.externaltools.gnu-tools-for-stm32.13.3.rel1.win32_1.0.100.202509120712/tools/bin/../lib/gcc/arm-none-eabi/13.3.1/thumb/v7e-m+dp/hard/crtbegin.o
 .text          0x08000310       0xa0 C:/ST/STM32CubeIDE_2.0.0/STM32CubeIDE/plugins/com.st.stm32cube.ide.mcu.externaltools.gnu-tools-for-stm32.13.3.rel1.win32_1.0.100.202509120712/tools/bin/../lib/gcc/arm-none-eabi/13.3.1/../../../../arm-none-eabi/lib/thumb/v7e-m+dp/hard\libc_nano.a(libc_a-memchr.o)
                0x08000310                memchr
 .text          0x080003b0       0x10 C:/ST/STM32CubeIDE_2.0.0/STM32CubeIDE/plugins/com.st.stm32cube.ide.mcu.externaltools.gnu-tools-for-stm32.13.3.rel1.win32_1.0.100.202509120712/tools/bin/../lib/gcc/arm-none-eabi/13.3.1/../../../../arm-none-eabi/lib/thumb/v7e-m+dp/hard\libc_nano.a(libc_a-strlen.o)
                0x080003b0                strlen
 .text          0x080003c0       0x30 C:/ST/STM32CubeIDE_2.0.0/STM32CubeIDE/plugins/com.st.stm32cube.ide.mcu.externaltools.gnu-tools-for-stm32.13.3.rel1.win32_1.0.100.202509120712/tools/bin/../lib/gcc/arm-none-eabi/13.3.1/thumb/v7e-m+dp/hard\libgcc.a(_aeabi_uldivmod.o)
                0x080003c0                __aeabi_uldivmod
 .text          0x080003f0      0x2f8 C:/ST/STM32CubeIDE_2.0.0/STM32CubeIDE/plugins/com.st.stm32cube.ide.mcu.externaltools.gnu-tools-for-stm32.13.3.rel1.win32_1.0.100.202509120712/tools/bin/../lib/gcc/arm-none-eabi/13.3.1/thumb/v7e-m+dp/hard\libgcc.a(_udivmoddi4.o)
                0x080003f0                __udivmoddi4
 .text          0x080006e8        0x4 C:/ST/STM32CubeIDE_2.0.0/STM32CubeIDE/plugins/com.st.stm32cube.ide.mcu.externaltools.gnu-tools-for-stm32.13.3.rel1.win32_1.0.100.202509120712/tools/bin/../lib/gcc/arm-none-eabi/13.3.1/thumb/v7e-m+dp/hard\libgcc.a(_dvmd_tls.o)
                0x080006e8                __aeabi_idiv0
                0x080006e8                __aeabi_ldiv0
 *(.text*)
 .text.MadgwickQuaternionGet
                0x080006ec       0x2c ./Core/Src/MadgwickAHRS.o
                0x080006ec                MadgwickQuaternionGet
 .text.invSqrt  0x08000718       0x2c ./Core/Src/MadgwickAHRS.o
                0x08000718                invSqrt
 .text.MadgwickAHRSupdateIMU
                0x08000744      0x2bc ./Core/Src/MadgwickAHRS.o
                0x08000744                MadgwickAHRSupdateIMU
 .text.cobs_encode
                0x08000a00       0x4e ./Core/Src/cobs.o
                0x08000a00                cobs_encode
 .text.cobs_decode
                0x08000a4e       0x72 ./Core/Src/cobs.o
                0x08000a4e                cobs_decode
 .text.predict_apogee
                0x08000ac0       0x80 ./Core/Src/control.o
                0x08000ac0                predict_apogee
 .text.lockouts_init
                0x08000b40       0x14 ./Core/Src/control.o
                0x08000b40                lockouts_init
 .text.lockouts_check
                0x08000b54       0x80 ./Core/Src/control.o
                0x08000b54                lockouts_check
 .text.pi_controller
                0x08000bd4       0x8c ./Core/Src/control.o
                0x08000bd4                pi_controller
 .text.control_update
                0x08000c60       0xa8 ./Core/Src/control.o
                0x08000c60                control_update
 .text.flash_init
                0x08000d08       0x30 ./Core/Src/flash.o
                0x08000d08                flash_init
 .text.HAL_OSPI_TxCpltCallback
                0x08000d38       0x18 ./Core/Src/flash.o
                0x08000d38                HAL_OSPI_TxCpltCallback
 .text.HAL_OSPI_StatusMatchCallback
                0x08000d50       0x14 ./Core/Src/flash.o
                0x08000d50                HAL_OSPI_StatusMatchCallback
 .text.flash_should_add
                0x08000d64       0x48 ./Core/Src/flash.o
                0x08000d64                flash_should_add
 .text.flash_packet_build
                0x08000dac       0xf0 ./Core/Src/flash.o
                0x08000dac                flash_packet_build
 .text.flash_pkt_buf_add
                0x08000e9c       0x48 ./Core/Src/flash.o
                0x08000e9c                flash_pkt_buf_add
 .text.flash_process
                0x08000ee4       0xb4 ./Core/Src/flash.o
                0x08000ee4                flash_process
 .text.flash_read_blocking
                0x08000f98       0x60 ./Core/Src/flash.o
                0x08000f98                flash_read_blocking
 .text.flash_check_erased
                0x08000ff8       0x3c ./Core/Src/flash.o
                0x08000ff8                flash_check_erased
 .text.flash_write_blocking
                0x08001034       0x84 ./Core/Src/flash.o
                0x08001034                flash_write_blocking
 .text.flash_erase_sector
                0x080010b8       0x38 ./Core/Src/flash.o
                0x080010b8                flash_erase_sector
 .text.flash_erase_chip
                0x080010f0       0x3c ./Core/Src/flash.o
                0x080010f0                flash_erase_chip
 .text.iis2mdc_read_reg
                0x0800112c       0x1a ./Core/Src/iis2mdc_reg.o
                0x0800112c                iis2mdc_read_reg
 .text.iis2mdc_write_reg
                0x08001146       0x1a ./Core/Src/iis2mdc_reg.o
                0x08001146                iis2mdc_write_reg
 .text.iis2mdc_from_lsb_to_mgauss
                0x08001160       0x12 ./Core/Src/iis2mdc_reg.o
                0x08001160                iis2mdc_from_lsb_to_mgauss
 .text.iis2mdc_operating_mode_set
                0x08001172       0x2e ./Core/Src/iis2mdc_reg.o
                0x08001172                iis2mdc_operating_mode_set
 .text.iis2mdc_data_rate_set
                0x080011a0       0x2e ./Core/Src/iis2mdc_reg.o
                0x080011a0                iis2mdc_data_rate_set
 .text.iis2mdc_offset_temp_comp_set
                0x080011ce       0x2e ./Core/Src/iis2mdc_reg.o
                0x080011ce                iis2mdc_offset_temp_comp_set
 .text.iis2mdc_set_rst_mode_set
                0x080011fc       0x2e ./Core/Src/iis2mdc_reg.o
                0x080011fc                iis2mdc_set_rst_mode_set
 .text.iis2mdc_block_data_update_set
                0x0800122a       0x2e ./Core/Src/iis2mdc_reg.o
                0x0800122a                iis2mdc_block_data_update_set
 .text.iis2mdc_device_id_get
                0x08001258        0xe ./Core/Src/iis2mdc_reg.o
                0x08001258                iis2mdc_device_id_get
 .text.iis2mdc_reset_set
                0x08001266       0x2e ./Core/Src/iis2mdc_reg.o
                0x08001266                iis2mdc_reset_set
 .text.iis2mdc_reset_get
                0x08001294       0x1e ./Core/Src/iis2mdc_reg.o
                0x08001294                iis2mdc_reset_get
 .text.iis2mdc_drdy_on_pin_set
                0x080012b2       0x2e ./Core/Src/iis2mdc_reg.o
                0x080012b2                iis2mdc_drdy_on_pin_set
 .text.lps22df_read_reg
                0x080012e0       0x1a ./Core/Src/lps22df_reg.o
                0x080012e0                lps22df_read_reg
 .text.lps22df_write_reg
                0x080012fa       0x1a ./Core/Src/lps22df_reg.o
                0x080012fa                lps22df_write_reg
 .text.lps22df_from_lsb_to_hPa
                0x08001314        0xa ./Core/Src/lps22df_reg.o
                0x08001314                lps22df_from_lsb_to_hPa
 .text.lps22df_id_get
                0x0800131e       0x1a ./Core/Src/lps22df_reg.o
                0x0800131e                lps22df_id_get
 .text.lps22df_bus_mode_set
                0x08001338       0x6e ./Core/Src/lps22df_reg.o
                0x08001338                lps22df_bus_mode_set
 .text.lps22df_status_get
                0x080013a6       0x9a ./Core/Src/lps22df_reg.o
                0x080013a6                lps22df_status_get
 .text.lps22df_init_set
                0x08001440       0xf8 ./Core/Src/lps22df_reg.o
                0x08001440                lps22df_init_set
 .text.lps22df_mode_set
                0x08001538       0x56 ./Core/Src/lps22df_reg.o
                0x08001538                lps22df_mode_set
 .text.lps22df_pin_int_route_set
                0x0800158e       0x4e ./Core/Src/lps22df_reg.o
                0x0800158e                lps22df_pin_int_route_set
 .text.lps22df_pin_int_route_get
                0x080015dc       0x3e ./Core/Src/lps22df_reg.o
                0x080015dc                lps22df_pin_int_route_get
 .text.lsm6dsv80x_read_reg
                0x0800161a       0x1a ./Core/Src/lsm6dsv80x_reg.o
                0x0800161a                lsm6dsv80x_read_reg
 .text.lsm6dsv80x_write_reg
                0x08001634       0x1a ./Core/Src/lsm6dsv80x_reg.o
                0x08001634                lsm6dsv80x_write_reg
 *fill*         0x0800164e        0x2 
 .text.lsm6dsv80x_from_fs16_to_mg
                0x08001650       0x18 ./Core/Src/lsm6dsv80x_reg.o
                0x08001650                lsm6dsv80x_from_fs16_to_mg
 .text.lsm6dsv80x_from_fs4000_to_mdps
                0x08001668       0x18 ./Core/Src/lsm6dsv80x_reg.o
                0x08001668                lsm6dsv80x_from_fs4000_to_mdps
 .text.lsm6dsv80x_sw_por
                0x08001680       0x2e ./Core/Src/lsm6dsv80x_reg.o
                0x08001680                lsm6dsv80x_sw_por
 .text.lsm6dsv80x_device_id_get
                0x080016ae        0xe ./Core/Src/lsm6dsv80x_reg.o
                0x080016ae                lsm6dsv80x_device_id_get
 .text.lsm6dsv80x_haodr_set
                0x080016bc      0x1a2 ./Core/Src/lsm6dsv80x_reg.o
                0x080016bc                lsm6dsv80x_haodr_set
 .text.lsm6dsv80x_xl_setup
                0x0800185e      0x134 ./Core/Src/lsm6dsv80x_reg.o
                0x0800185e                lsm6dsv80x_xl_setup
 .text.lsm6dsv80x_gy_setup
                0x08001992      0x106 ./Core/Src/lsm6dsv80x_reg.o
                0x08001992                lsm6dsv80x_gy_setup
 .text.lsm6dsv80x_hg_xl_data_rate_set
                0x08001a98       0x9e ./Core/Src/lsm6dsv80x_reg.o
                0x08001a98                lsm6dsv80x_hg_xl_data_rate_set
 .text.lsm6dsv80x_block_data_update_set
                0x08001b36       0x34 ./Core/Src/lsm6dsv80x_reg.o
                0x08001b36                lsm6dsv80x_block_data_update_set
 .text.lsm6dsv80x_gy_full_scale_set
                0x08001b6a       0x88 ./Core/Src/lsm6dsv80x_reg.o
                0x08001b6a                lsm6dsv80x_gy_full_scale_set
 .text.lsm6dsv80x_xl_full_scale_set
                0x08001bf2       0x34 ./Core/Src/lsm6dsv80x_reg.o
                0x08001bf2                lsm6dsv80x_xl_full_scale_set
 .text.lsm6dsv80x_hg_xl_full_scale_set
                0x08001c26       0x34 ./Core/Src/lsm6dsv80x_reg.o
                0x08001c26                lsm6dsv80x_hg_xl_full_scale_set
 .text.lsm6dsv80x_pin_int1_route_set
                0x08001c5a       0xa2 ./Core/Src/lsm6dsv80x_reg.o
                0x08001c5a                lsm6dsv80x_pin_int1_route_set
 .text.lsm6dsv80x_pin_int1_route_get
                0x08001cfc       0xac ./Core/Src/lsm6dsv80x_reg.o
                0x08001cfc                lsm6dsv80x_pin_int1_route_get
 .text.lsm6dsv80x_filt_settling_mask_set
                0x08001da8       0x78 ./Core/Src/lsm6dsv80x_reg.o
                0x08001da8                lsm6dsv80x_filt_settling_mask_set
 .text.lsm6dsv80x_filt_gy_lp1_bandwidth_set
                0x08001e20       0x34 ./Core/Src/lsm6dsv80x_reg.o
                0x08001e20                lsm6dsv80x_filt_gy_lp1_bandwidth_set
 .text.lsm6dsv80x_filt_gy_lp1_set
                0x08001e54       0x34 ./Core/Src/lsm6dsv80x_reg.o
                0x08001e54                lsm6dsv80x_filt_gy_lp1_set
 .text.lsm6dsv80x_filt_xl_lp2_bandwidth_set
                0x08001e88       0x34 ./Core/Src/lsm6dsv80x_reg.o
                0x08001e88                lsm6dsv80x_filt_xl_lp2_bandwidth_set
 .text.lsm6dsv80x_filt_xl_lp2_set
                0x08001ebc       0x34 ./Core/Src/lsm6dsv80x_reg.o
                0x08001ebc                lsm6dsv80x_filt_xl_lp2_set
 .text.servo_enable
                0x08001ef0       0x7a ./Core/Src/main.o
                0x08001ef0                servo_enable
 *fill*         0x08001f6a        0x2 
 .text.black_eye_set
                0x08001f6c       0x1c ./Core/Src/main.o
                0x08001f6c                black_eye_set
 .text.rgb_led_set
                0x08001f88       0xc2 ./Core/Src/main.o
                0x08001f88                rgb_led_set
 .text.rgb_led_init
                0x0800204a       0x26 ./Core/Src/main.o
                0x0800204a                rgb_led_init
 .text.buzzer_init
                0x08002070        0xc ./Core/Src/main.o
                0x08002070                buzzer_init
 .text.buzzer_play_tone
                0x0800207c       0x22 ./Core/Src/main.o
                0x0800207c                buzzer_play_tone
 .text.buzzer_play_sequence
                0x0800209e       0x24 ./Core/Src/main.o
                0x0800209e                buzzer_play_sequence
 .text.buzzer_update
                0x080020c2       0x46 ./Core/Src/main.o
                0x080020c2                buzzer_update
 .text.servo_set_duty
                0x08002108       0x40 ./Core/Src/main.o
                0x08002108                servo_set_duty
 .text.servo_set_deployment
                0x08002148       0x4c ./Core/Src/main.o
                0x08002148                servo_set_deployment
 .text.servo_set_angle
                0x08002194       0x4c ./Core/Src/main.o
                0x08002194                servo_set_angle
 .text.servo_init
                0x080021e0       0x2a ./Core/Src/main.o
                0x080021e0                servo_init
 *fill*         0x0800220a        0x2 
 .text.servo_get_angle
                0x0800220c       0x48 ./Core/Src/main.o
                0x0800220c                servo_get_angle
 .text.batt_sense_get
                0x08002254       0x5c ./Core/Src/main.o
                0x08002254                batt_sense_get
 .text.batt_sense_init
                0x080022b0        0xa ./Core/Src/main.o
                0x080022b0                batt_sense_init
 .text.btn_init
                0x080022ba       0x1c ./Core/Src/main.o
                0x080022ba                btn_init
 .text.btn_update
                0x080022d6       0x1a ./Core/Src/main.o
                0x080022d6                btn_update
 .text.__io_putchar
                0x080022f0       0x20 ./Core/Src/main.o
                0x080022f0                __io_putchar
 .text.HAL_GPIO_EXTI_Callback
                0x08002310       0x24 ./Core/Src/main.o
                0x08002310                HAL_GPIO_EXTI_Callback
 .text.HAL_SPI_TxRxCpltCallback
                0x08002334       0x20 ./Core/Src/main.o
                0x08002334                HAL_SPI_TxRxCpltCallback
 .text.HAL_SPI_RxCpltCallback
                0x08002354       0x14 ./Core/Src/main.o
                0x08002354                HAL_SPI_RxCpltCallback
 .text.HAL_TIM_PeriodElapsedCallback
                0x08002368       0x2c ./Core/Src/main.o
                0x08002368                HAL_TIM_PeriodElapsedCallback
 .text.HAL_UART_ErrorCallback
                0x08002394       0x20 ./Core/Src/main.o
                0x08002394                HAL_UART_ErrorCallback
 .text.HAL_OSPI_ErrorCallback
                0x080023b4       0x1c ./Core/Src/main.o
                0x080023b4                HAL_OSPI_ErrorCallback
 .text.mode_transition_handler
                0x080023d0      0x13c ./Core/Src/main.o
                0x080023d0                mode_transition_handler
 .text.mode_current_handler
                0x0800250c      0x66c ./Core/Src/main.o
                0x0800250c                mode_current_handler
 .text.Error_Handler
                0x08002b78       0x14 ./Core/Src/main.o
                0x08002b78                Error_Handler
 .text.SystemClock_Config
                0x08002b8c       0xa4 ./Core/Src/main.o
                0x08002b8c                SystemClock_Config
 .text.PeriphCommonClock_Config
                0x08002c30       0x4c ./Core/Src/main.o
                0x08002c30                PeriphCommonClock_Config
 .text.startup.main
                0x08002c7c      0xbf4 ./Core/Src/main.o
                0x08002c7c                main
 .text.get_mode_switch_raw
                0x08003870       0x48 ./Core/Src/mode_switch.o
 .text.mode_switch_init
                0x080038b8       0x12 ./Core/Src/mode_switch.o
                0x080038b8                mode_switch_init
 .text.mode_switch_update
                0x080038ca       0x2c ./Core/Src/mode_switch.o
                0x080038ca                mode_switch_update
 .text.mode_switch_get
                0x080038f6        0x4 ./Core/Src/mode_switch.o
                0x080038f6                mode_switch_get
 .text.platform_delay
                0x080038fa        0x4 ./Core/Src/sensors.o
                0x080038fa                platform_delay
 *fill*         0x080038fe        0x2 
 .text.spi_nss  0x08003900       0x48 ./Core/Src/sensors.o
                0x08003900                spi_nss
 .text.platform_write
                0x08003948       0x44 ./Core/Src/sensors.o
                0x08003948                platform_write
 .text.platform_read
                0x0800398c       0x48 ./Core/Src/sensors.o
                0x0800398c                platform_read
 .text.baro_int_drdy_handler
                0x080039d4       0x38 ./Core/Src/sensors.o
                0x080039d4                baro_int_drdy_handler
 .text.imu_int_drdy_handler
                0x08003a0c       0x38 ./Core/Src/sensors.o
                0x08003a0c                imu_int_drdy_handler
 .text.mag_int_drdy_handler
                0x08003a44       0x40 ./Core/Src/sensors.o
                0x08003a44                mag_int_drdy_handler
 .text.baro_spi_callback
                0x08003a84       0x54 ./Core/Src/sensors.o
                0x08003a84                baro_spi_callback
 .text.imu_spi_callback
                0x08003ad8       0xc8 ./Core/Src/sensors.o
                0x08003ad8                imu_spi_callback
 .text.mag_spi_callback
                0x08003ba0       0x5c ./Core/Src/sensors.o
                0x08003ba0                mag_spi_callback
 .text.baro_init
                0x08003bfc       0xc0 ./Core/Src/sensors.o
                0x08003bfc                baro_init
 .text.imu_init
                0x08003cbc       0xf0 ./Core/Src/sensors.o
                0x08003cbc                imu_init
 .text.mag_init
                0x08003dac       0xc4 ./Core/Src/sensors.o
                0x08003dac                mag_init
 .text.sensors_init
                0x08003e70       0x18 ./Core/Src/sensors.o
                0x08003e70                sensors_init
 .text.get_imu_b
                0x08003e88       0x30 ./Core/Src/state_estimation.o
                0x08003e88                get_imu_b
 .text.get_mag_b
                0x08003eb8       0x24 ./Core/Src/state_estimation.o
                0x08003eb8                get_mag_b
 .text.quat_rot
                0x08003edc      0x102 ./Core/Src/state_estimation.o
                0x08003edc                quat_rot
 *fill*         0x08003fde        0x2 
 .text.launch_detect
                0x08003fe0       0x74 ./Core/Src/state_estimation.o
                0x08003fe0                launch_detect
 .text.apogee_detect
                0x08004054       0x74 ./Core/Src/state_estimation.o
                0x08004054                apogee_detect
 .text.kalman_predict
                0x080040c8       0xb0 ./Core/Src/state_estimation.o
                0x080040c8                kalman_predict
 .text.kalman_update
                0x08004178       0xe4 ./Core/Src/state_estimation.o
                0x08004178                kalman_update
 .text.state_estimation
                0x0800425c      0x11c ./Core/Src/state_estimation.o
                0x0800425c                state_estimation
 .text.HAL_MspInit
                0x08004378       0x24 ./Core/Src/stm32h7xx_hal_msp.o
                0x08004378                HAL_MspInit
 .text.HAL_ADC_MspInit
                0x0800439c      0x12c ./Core/Src/stm32h7xx_hal_msp.o
                0x0800439c                HAL_ADC_MspInit
 .text.HAL_OSPI_MspInit
                0x080044c8      0x158 ./Core/Src/stm32h7xx_hal_msp.o
                0x080044c8                HAL_OSPI_MspInit
 .text.HAL_SPI_MspInit
                0x08004620      0x2e4 ./Core/Src/stm32h7xx_hal_msp.o
                0x08004620                HAL_SPI_MspInit
 .text.HAL_TIM_Base_MspInit
                0x08004904      0x134 ./Core/Src/stm32h7xx_hal_msp.o
                0x08004904                HAL_TIM_Base_MspInit
 .text.HAL_TIM_MspPostInit
                0x08004a38       0xf8 ./Core/Src/stm32h7xx_hal_msp.o
                0x08004a38                HAL_TIM_MspPostInit
 .text.HAL_UART_MspInit
                0x08004b30      0x118 ./Core/Src/stm32h7xx_hal_msp.o
                0x08004b30                HAL_UART_MspInit
 .text.HAL_PCD_MspInit
                0x08004c48       0xb0 ./Core/Src/stm32h7xx_hal_msp.o
                0x08004c48                HAL_PCD_MspInit
 .text.NMI_Handler
                0x08004cf8        0x2 ./Core/Src/stm32h7xx_it.o
                0x08004cf8                NMI_Handler
 .text.HardFault_Handler
                0x08004cfa        0x2 ./Core/Src/stm32h7xx_it.o
                0x08004cfa                HardFault_Handler
 .text.MemManage_Handler
                0x08004cfc        0x2 ./Core/Src/stm32h7xx_it.o
                0x08004cfc                MemManage_Handler
 .text.BusFault_Handler
                0x08004cfe        0x2 ./Core/Src/stm32h7xx_it.o
                0x08004cfe                BusFault_Handler
 .text.UsageFault_Handler
                0x08004d00        0x2 ./Core/Src/stm32h7xx_it.o
                0x08004d00                UsageFault_Handler
 .text.SVC_Handler
                0x08004d02        0x2 ./Core/Src/stm32h7xx_it.o
                0x08004d02                SVC_Handler
 .text.DebugMon_Handler
                0x08004d04        0x2 ./Core/Src/stm32h7xx_it.o
                0x08004d04                DebugMon_Handler
 .text.PendSV_Handler
                0x08004d06        0x2 ./Core/Src/stm32h7xx_it.o
                0x08004d06                PendSV_Handler
 .text.SysTick_Handler
                0x08004d08        0x4 ./Core/Src/stm32h7xx_it.o
                0x08004d08                SysTick_Handler
 .text.EXTI0_IRQHandler
                0x08004d0c        0x6 ./Core/Src/stm32h7xx_it.o
                0x08004d0c                EXTI0_IRQHandler
 .text.EXTI1_IRQHandler
                0x08004d12        0x6 ./Core/Src/stm32h7xx_it.o
                0x08004d12                EXTI1_IRQHandler
 .text.EXTI2_IRQHandler
                0x08004d18        0x6 ./Core/Src/stm32h7xx_it.o
                0x08004d18                EXTI2_IRQHandler
 .text.EXTI3_IRQHandler
                0x08004d1e        0x6 ./Core/Src/stm32h7xx_it.o
                0x08004d1e                EXTI3_IRQHandler
 .text.EXTI4_IRQHandler
                0x08004d24        0x6 ./Core/Src/stm32h7xx_it.o
                0x08004d24                EXTI4_IRQHandler
 *fill*         0x08004d2a        0x2 
 .text.DMA1_Stream0_IRQHandler
                0x08004d2c        0xc ./Core/Src/stm32h7xx_it.o
                0x08004d2c                DMA1_Stream0_IRQHandler
 .text.DMA1_Stream1_IRQHandler
                0x08004d38        0xc ./Core/Src/stm32h7xx_it.o
                0x08004d38                DMA1_Stream1_IRQHandler
 .text.DMA1_Stream2_IRQHandler
                0x08004d44        0xc ./Core/Src/stm32h7xx_it.o
                0x08004d44                DMA1_Stream2_IRQHandler
 .text.DMA1_Stream3_IRQHandler
                0x08004d50        0xc ./Core/Src/stm32h7xx_it.o
                0x08004d50                DMA1_Stream3_IRQHandler
 .text.DMA1_Stream4_IRQHandler
                0x08004d5c        0xc ./Core/Src/stm32h7xx_it.o
                0x08004d5c                DMA1_Stream4_IRQHandler
 .text.DMA1_Stream5_IRQHandler
                0x08004d68        0xc ./Core/Src/stm32h7xx_it.o
                0x08004d68                DMA1_Stream5_IRQHandler
 .text.DMA1_Stream6_IRQHandler
                0x08004d74        0xc ./Core/Src/stm32h7xx_it.o
                0x08004d74                DMA1_Stream6_IRQHandler
 .text.EXTI9_5_IRQHandler
                0x08004d80       0x16 ./Core/Src/stm32h7xx_it.o
                0x08004d80                EXTI9_5_IRQHandler
 *fill*         0x08004d96        0x2 
 .text.SPI1_IRQHandler
                0x08004d98        0xc ./Core/Src/stm32h7xx_it.o
                0x08004d98                SPI1_IRQHandler
 .text.SPI2_IRQHandler
                0x08004da4        0xc ./Core/Src/stm32h7xx_it.o
                0x08004da4                SPI2_IRQHandler
 .text.EXTI15_10_IRQHandler
                0x08004db0        0x8 ./Core/Src/stm32h7xx_it.o
                0x08004db0                EXTI15_10_IRQHandler
 .text.DMA1_Stream7_IRQHandler
                0x08004db8        0xc ./Core/Src/stm32h7xx_it.o
                0x08004db8                DMA1_Stream7_IRQHandler
 .text.UART4_IRQHandler
                0x08004dc4        0xc ./Core/Src/stm32h7xx_it.o
                0x08004dc4                UART4_IRQHandler
 .text.TIM6_DAC_IRQHandler
                0x08004dd0        0xc ./Core/Src/stm32h7xx_it.o
                0x08004dd0                TIM6_DAC_IRQHandler
 .text.TIM7_IRQHandler
                0x08004ddc        0xc ./Core/Src/stm32h7xx_it.o
                0x08004ddc                TIM7_IRQHandler
 .text.DMA2_Stream0_IRQHandler
                0x08004de8        0xc ./Core/Src/stm32h7xx_it.o
                0x08004de8                DMA2_Stream0_IRQHandler
 .text.SPI4_IRQHandler
                0x08004df4        0xc ./Core/Src/stm32h7xx_it.o
                0x08004df4                SPI4_IRQHandler
 .text.OCTOSPI1_IRQHandler
                0x08004e00        0xc ./Core/Src/stm32h7xx_it.o
                0x08004e00                OCTOSPI1_IRQHandler
 .text.MDMA_IRQHandler
                0x08004e0c        0xc ./Core/Src/stm32h7xx_it.o
                0x08004e0c                MDMA_IRQHandler
 .text.BDMA_Channel0_IRQHandler
                0x08004e18        0xc ./Core/Src/stm32h7xx_it.o
                0x08004e18                BDMA_Channel0_IRQHandler
 .text._getpid  0x08004e24        0x4 ./Core/Src/syscalls.o
                0x08004e24                _getpid
 .text._kill    0x08004e28       0x10 ./Core/Src/syscalls.o
                0x08004e28                _kill
 .text._exit    0x08004e38        0xc ./Core/Src/syscalls.o
                0x08004e38                _exit
 .text._read    0x08004e44       0x1c ./Core/Src/syscalls.o
                0x08004e44                _read
 .text._write   0x08004e60       0x1c ./Core/Src/syscalls.o
                0x08004e60                _write
 .text._close   0x08004e7c        0x6 ./Core/Src/syscalls.o
                0x08004e7c                _close
 .text._fstat   0x08004e82        0xa ./Core/Src/syscalls.o
                0x08004e82                _fstat
 .text._isatty  0x08004e8c        0x4 ./Core/Src/syscalls.o
                0x08004e8c                _isatty
 .text._lseek   0x08004e90        0x4 ./Core/Src/syscalls.o
                0x08004e90                _lseek
 .text._sbrk    0x08004e94       0x40 ./Core/Src/sysmem.o
                0x08004e94                _sbrk
 .text.SystemInit
                0x08004ed4       0xc4 ./Core/Src/system_stm32h7xx.o
                0x08004ed4                SystemInit
 .text.ExitRun0Mode
                0x08004f98       0x18 ./Core/Src/system_stm32h7xx.o
                0x08004f98                ExitRun0Mode
 .text.telemetry_init
                0x08004fb0       0x20 ./Core/Src/telemetry.o
                0x08004fb0                telemetry_init
 .text.telemetry_send
                0x08004fd0       0x34 ./Core/Src/telemetry.o
                0x08004fd0                telemetry_send
 .text.telemetry_packet
                0x08005004      0x11a ./Core/Src/telemetry.o
                0x08005004                telemetry_packet
 *fill*         0x0800511e        0x2 
 .text.telemetry_log
                0x08005120       0x58 ./Core/Src/telemetry.o
                0x08005120                telemetry_log
 .text.telemetry_rx_poll
                0x08005178      0x1bc ./Core/Src/telemetry.o
                0x08005178                telemetry_rx_poll
 .text.Reset_Handler
                0x08005334       0x54 ./Core/Startup/startup_stm32h730vbtx.o
                0x08005334                Reset_Handler
 .text.Default_Handler
                0x08005388        0x2 ./Core/Startup/startup_stm32h730vbtx.o
                0x08005388                RTC_Alarm_IRQHandler
                0x08005388                HASH_RNG_IRQHandler
                0x08005388                TIM8_CC_IRQHandler
                0x08005388                UART8_IRQHandler
                0x08005388                FDCAN3_IT0_IRQHandler
                0x08005388                TIM1_CC_IRQHandler
                0x08005388                BDMA_Channel6_IRQHandler
                0x08005388                DMA2_Stream5_IRQHandler
                0x08005388                CORDIC_IRQHandler
                0x08005388                BDMA_Channel1_IRQHandler
                0x08005388                TAMP_STAMP_IRQHandler
                0x08005388                LPTIM4_IRQHandler
                0x08005388                TIM8_TRG_COM_TIM14_IRQHandler
                0x08005388                LPTIM2_IRQHandler
                0x08005388                DFSDM1_FLT1_IRQHandler
                0x08005388                DMAMUX2_OVR_IRQHandler
                0x08005388                TIM8_UP_TIM13_IRQHandler
                0x08005388                I2C3_ER_IRQHandler
                0x08005388                DFSDM1_FLT2_IRQHandler
                0x08005388                I2C5_EV_IRQHandler
                0x08005388                USART10_IRQHandler
                0x08005388                LPTIM3_IRQHandler
                0x08005388                HSEM1_IRQHandler
                0x08005388                I2C2_EV_IRQHandler
                0x08005388                FPU_IRQHandler
                0x08005388                OTG_HS_WKUP_IRQHandler
                0x08005388                FDCAN1_IT1_IRQHandler
                0x08005388                LTDC_ER_IRQHandler
                0x08005388                DMA2_Stream2_IRQHandler
                0x08005388                DMA2_Stream3_IRQHandler
                0x08005388                OCTOSPI2_IRQHandler
                0x08005388                DFSDM1_FLT3_IRQHandler
                0x08005388                TIM23_IRQHandler
                0x08005388                USART6_IRQHandler
                0x08005388                TIM17_IRQHandler
                0x08005388                USART3_IRQHandler
                0x08005388                BDMA_Channel7_IRQHandler
                0x08005388                CRYP_IRQHandler
                0x08005388                LPTIM5_IRQHandler
                0x08005388                UART5_IRQHandler
                0x08005388                ADC3_IRQHandler
                0x08005388                TIM4_IRQHandler
                0x08005388                BDMA_Channel2_IRQHandler
                0x08005388                I2C1_EV_IRQHandler
                0x08005388                DMAMUX1_OVR_IRQHandler
                0x08005388                TIM16_IRQHandler
                0x08005388                BDMA_Channel5_IRQHandler
                0x08005388                TIM3_IRQHandler
                0x08005388                RCC_IRQHandler
                0x08005388                UART9_IRQHandler
                0x08005388                TIM8_BRK_TIM12_IRQHandler
                0x08005388                TIM1_TRG_COM_IRQHandler
                0x08005388                Default_Handler
                0x08005388                ECC_IRQHandler
                0x08005388                FMAC_IRQHandler
                0x08005388                CEC_IRQHandler
                0x08005388                ADC_IRQHandler
                0x08005388                I2C5_ER_IRQHandler
                0x08005388                OTFDEC1_IRQHandler
                0x08005388                SPI5_IRQHandler
                0x08005388                FDCAN3_IT1_IRQHandler
                0x08005388                SDMMC1_IRQHandler
                0x08005388                TIM5_IRQHandler
                0x08005388                DMA2_Stream7_IRQHandler
                0x08005388                TIM15_IRQHandler
                0x08005388                PVD_AVD_IRQHandler
                0x08005388                I2C3_EV_IRQHandler
                0x08005388                RTC_WKUP_IRQHandler
                0x08005388                LTDC_IRQHandler
                0x08005388                ETH_WKUP_IRQHandler
                0x08005388                SPDIF_RX_IRQHandler
                0x08005388                OTG_HS_EP1_IN_IRQHandler
                0x08005388                OTFDEC2_IRQHandler
                0x08005388                TIM24_IRQHandler
                0x08005388                CRS_IRQHandler
                0x08005388                FDCAN2_IT1_IRQHandler
                0x08005388                ETH_IRQHandler
                0x08005388                TIM1_UP_IRQHandler
                0x08005388                BDMA_Channel4_IRQHandler
                0x08005388                OTG_HS_EP1_OUT_IRQHandler
                0x08005388                WWDG_IRQHandler
                0x08005388                SPI6_IRQHandler
                0x08005388                MDIOS_IRQHandler
                0x08005388                I2C4_EV_IRQHandler
                0x08005388                FDCAN2_IT0_IRQHandler
                0x08005388                LPUART1_IRQHandler
                0x08005388                FDCAN1_IT0_IRQHandler
                0x08005388                TIM2_IRQHandler
                0x08005388                OTG_HS_IRQHandler
                0x08005388                DMA2D_IRQHandler
                0x08005388                TIM1_BRK_IRQHandler
                0x08005388                SDMMC2_IRQHandler
                0x08005388                BDMA_Channel3_IRQHandler
                0x08005388                DTS_IRQHandler
                0x08005388                UART7_IRQHandler
                0x08005388                MDIOS_WKUP_IRQHandler
                0x08005388                USART2_IRQHandler
                0x08005388                DFSDM1_FLT0_IRQHandler
                0x08005388                SAI4_IRQHandler
                0x08005388                I2C2_ER_IRQHandler
                0x08005388                DMA2_Stream1_IRQHandler
                0x08005388                FLASH_IRQHandler
                0x08005388                DMA2_Stream4_IRQHandler
                0x08005388                USART1_IRQHandler
                0x08005388                SPI3_IRQHandler
                0x08005388                WAKEUP_PIN_IRQHandler
                0x08005388                I2C1_ER_IRQHandler
                0x08005388                FMC_IRQHandler
                0x08005388                FDCAN_CAL_IRQHandler
                0x08005388                SWPMI1_IRQHandler
                0x08005388                COMP1_IRQHandler
                0x08005388                LPTIM1_IRQHandler
                0x08005388                DCMI_PSSI_IRQHandler
                0x08005388                I2C4_ER_IRQHandler
                0x08005388                DMA2_Stream6_IRQHandler
                0x08005388                SAI1_IRQHandler
 *fill*         0x0800538a        0x2 
 .text.HAL_InitTick
                0x0800538c       0x4c ./Drivers/STM32H7xx_HAL_Driver/Src/stm32h7xx_hal.o
                0x0800538c                HAL_InitTick
 .text.HAL_Init
                0x080053d8       0x5c ./Drivers/STM32H7xx_HAL_Driver/Src/stm32h7xx_hal.o
                0x080053d8                HAL_Init
 .text.HAL_IncTick
                0x08005434       0x18 ./Drivers/STM32H7xx_HAL_Driver/Src/stm32h7xx_hal.o
                0x08005434                HAL_IncTick
 .text.HAL_GetTick
                0x0800544c        0xc ./Drivers/STM32H7xx_HAL_Driver/Src/stm32h7xx_hal.o
                0x0800544c                HAL_GetTick
 .text.HAL_Delay
                0x08005458       0x24 ./Drivers/STM32H7xx_HAL_Driver/Src/stm32h7xx_hal.o
                0x08005458                HAL_Delay
 .text.HAL_SYSCFG_AnalogSwitchConfig
                0x0800547c       0x14 ./Drivers/STM32H7xx_HAL_Driver/Src/stm32h7xx_hal.o
                0x0800547c                HAL_SYSCFG_AnalogSwitchConfig
 .text.LL_ADC_IsEnabled
                0x08005490        0x8 ./Drivers/STM32H7xx_HAL_Driver/Src/stm32h7xx_hal_adc.o
 .text.LL_ADC_REG_IsConversionOngoing
                0x08005498        0x8 ./Drivers/STM32H7xx_HAL_Driver/Src/stm32h7xx_hal_adc.o
 .text.HAL_ADC_ConvCpltCallback
                0x080054a0        0x2 ./Drivers/STM32H7xx_HAL_Driver/Src/stm32h7xx_hal_adc.o
                0x080054a0                HAL_ADC_ConvCpltCallback
 .text.HAL_ADC_ConvHalfCpltCallback
                0x080054a2        0x2 ./Drivers/STM32H7xx_HAL_Driver/Src/stm32h7xx_hal_adc.o
                0x080054a2                HAL_ADC_ConvHalfCpltCallback
 .text.ADC_DMAHalfConvCplt
                0x080054a4        0xa ./Drivers/STM32H7xx_HAL_Driver/Src/stm32h7xx_hal_adc.o
                0x080054a4                ADC_DMAHalfConvCplt
 .text.HAL_ADC_ErrorCallback
                0x080054ae        0x2 ./Drivers/STM32H7xx_HAL_Driver/Src/stm32h7xx_hal_adc.o
                0x080054ae                HAL_ADC_ErrorCallback
 .text.ADC_DMAConvCplt
                0x080054b0       0x68 ./Drivers/STM32H7xx_HAL_Driver/Src/stm32h7xx_hal_adc.o
                0x080054b0                ADC_DMAConvCplt
 .text.ADC_DMAError
                0x08005518       0x1a ./Drivers/STM32H7xx_HAL_Driver/Src/stm32h7xx_hal_adc.o
                0x08005518                ADC_DMAError
 *fill*         0x08005532        0x2 
 .text.HAL_ADC_ConfigChannel
                0x08005534      0x5a4 ./Drivers/STM32H7xx_HAL_Driver/Src/stm32h7xx_hal_adc.o
                0x08005534                HAL_ADC_ConfigChannel
 .text.ADC_Enable
                0x08005ad8       0xac ./Drivers/STM32H7xx_HAL_Driver/Src/stm32h7xx_hal_adc.o
                0x08005ad8                ADC_Enable
 .text.HAL_ADC_Start_DMA
                0x08005b84      0x128 ./Drivers/STM32H7xx_HAL_Driver/Src/stm32h7xx_hal_adc.o
                0x08005b84                HAL_ADC_Start_DMA
 .text.ADC_ConfigureBoostMode
                0x08005cac      0x108 ./Drivers/STM32H7xx_HAL_Driver/Src/stm32h7xx_hal_adc.o
                0x08005cac                ADC_ConfigureBoostMode
 .text.HAL_ADC_Init
                0x08005db4      0x274 ./Drivers/STM32H7xx_HAL_Driver/Src/stm32h7xx_hal_adc.o
                0x08005db4                HAL_ADC_Init
 .text.LL_ADC_IsEnabled
                0x08006028        0x8 ./Drivers/STM32H7xx_HAL_Driver/Src/stm32h7xx_hal_adc_ex.o
 .text.LL_ADC_REG_IsConversionOngoing
                0x08006030        0x8 ./Drivers/STM32H7xx_HAL_Driver/Src/stm32h7xx_hal_adc_ex.o
 .text.HAL_ADCEx_MultiModeConfigChannel
                0x08006038       0xcc ./Drivers/STM32H7xx_HAL_Driver/Src/stm32h7xx_hal_adc_ex.o
                0x08006038                HAL_ADCEx_MultiModeConfigChannel
 .text.HAL_NVIC_SetPriorityGrouping
                0x08006104       0x24 ./Drivers/STM32H7xx_HAL_Driver/Src/stm32h7xx_hal_cortex.o
                0x08006104                HAL_NVIC_SetPriorityGrouping
 .text.HAL_NVIC_SetPriority
                0x08006128       0x64 ./Drivers/STM32H7xx_HAL_Driver/Src/stm32h7xx_hal_cortex.o
                0x08006128                HAL_NVIC_SetPriority
 .text.HAL_NVIC_EnableIRQ
                0x0800618c       0x1c ./Drivers/STM32H7xx_HAL_Driver/Src/stm32h7xx_hal_cortex.o
                0x0800618c                HAL_NVIC_EnableIRQ
 .text.HAL_NVIC_DisableIRQ
                0x080061a8       0x24 ./Drivers/STM32H7xx_HAL_Driver/Src/stm32h7xx_hal_cortex.o
                0x080061a8                HAL_NVIC_DisableIRQ
 .text.HAL_SYSTICK_Config
                0x080061cc       0x28 ./Drivers/STM32H7xx_HAL_Driver/Src/stm32h7xx_hal_cortex.o
                0x080061cc                HAL_SYSTICK_Config
 .text.HAL_MPU_Disable
                0x080061f4       0x1c ./Drivers/STM32H7xx_HAL_Driver/Src/stm32h7xx_hal_cortex.o
                0x080061f4                HAL_MPU_Disable
 .text.HAL_MPU_Enable
                0x08006210       0x20 ./Drivers/STM32H7xx_HAL_Driver/Src/stm32h7xx_hal_cortex.o
                0x08006210                HAL_MPU_Enable
 .text.HAL_MPU_ConfigRegion
                0x08006230       0x58 ./Drivers/STM32H7xx_HAL_Driver/Src/stm32h7xx_hal_cortex.o
                0x08006230                HAL_MPU_ConfigRegion
 .text.DMA_SetConfig
                0x08006288      0x14c ./Drivers/STM32H7xx_HAL_Driver/Src/stm32h7xx_hal_dma.o
 .text.DMA_CalcBaseAndBitshift
                0x080063d4       0x9c ./Drivers/STM32H7xx_HAL_Driver/Src/stm32h7xx_hal_dma.o
 .text.DMA_CalcDMAMUXChannelBaseAndMask
                0x08006470       0x94 ./Drivers/STM32H7xx_HAL_Driver/Src/stm32h7xx_hal_dma.o
 .text.DMA_CalcDMAMUXRequestGenBaseAndMask
                0x08006504       0x70 ./Drivers/STM32H7xx_HAL_Driver/Src/stm32h7xx_hal_dma.o
 .text.HAL_DMA_Init
                0x08006574      0x328 ./Drivers/STM32H7xx_HAL_Driver/Src/stm32h7xx_hal_dma.o
                0x08006574                HAL_DMA_Init
 .text.HAL_DMA_Start_IT
                0x0800689c      0x1d8 ./Drivers/STM32H7xx_HAL_Driver/Src/stm32h7xx_hal_dma.o
                0x0800689c                HAL_DMA_Start_IT
 .text.HAL_DMA_Abort
                0x08006a74      0x228 ./Drivers/STM32H7xx_HAL_Driver/Src/stm32h7xx_hal_dma.o
                0x08006a74                HAL_DMA_Abort
 .text.HAL_DMA_Abort_IT
                0x08006c9c      0x120 ./Drivers/STM32H7xx_HAL_Driver/Src/stm32h7xx_hal_dma.o
                0x08006c9c                HAL_DMA_Abort_IT
 .text.HAL_DMA_IRQHandler
                0x08006dbc      0x3a0 ./Drivers/STM32H7xx_HAL_Driver/Src/stm32h7xx_hal_dma.o
                0x08006dbc                HAL_DMA_IRQHandler
 .text.HAL_DMA_GetError
                0x0800715c        0x4 ./Drivers/STM32H7xx_HAL_Driver/Src/stm32h7xx_hal_dma.o
                0x0800715c                HAL_DMA_GetError
 .text.HAL_GPIO_Init
                0x08007160      0x1c4 ./Drivers/STM32H7xx_HAL_Driver/Src/stm32h7xx_hal_gpio.o
                0x08007160                HAL_GPIO_Init
 .text.HAL_GPIO_ReadPin
                0x08007324        0xc ./Drivers/STM32H7xx_HAL_Driver/Src/stm32h7xx_hal_gpio.o
                0x08007324                HAL_GPIO_ReadPin
 .text.HAL_GPIO_WritePin
                0x08007330        0xa ./Drivers/STM32H7xx_HAL_Driver/Src/stm32h7xx_hal_gpio.o
                0x08007330                HAL_GPIO_WritePin
 .text.HAL_GPIO_EXTI_IRQHandler
                0x0800733a       0x18 ./Drivers/STM32H7xx_HAL_Driver/Src/stm32h7xx_hal_gpio.o
                0x0800733a                HAL_GPIO_EXTI_IRQHandler
 .text.MDMA_SetConfig
                0x08007352       0x52 ./Drivers/STM32H7xx_HAL_Driver/Src/stm32h7xx_hal_mdma.o
 .text.HAL_MDMA_Init
                0x080073a4       0xde ./Drivers/STM32H7xx_HAL_Driver/Src/stm32h7xx_hal_mdma.o
                0x080073a4                HAL_MDMA_Init
 .text.HAL_MDMA_ConfigPostRequestMask
                0x08007482       0x50 ./Drivers/STM32H7xx_HAL_Driver/Src/stm32h7xx_hal_mdma.o
                0x08007482                HAL_MDMA_ConfigPostRequestMask
 .text.HAL_MDMA_Start_IT
                0x080074d2       0x92 ./Drivers/STM32H7xx_HAL_Driver/Src/stm32h7xx_hal_mdma.o
                0x080074d2                HAL_MDMA_Start_IT
 .text.HAL_MDMA_Abort_IT
                0x08007564       0x26 ./Drivers/STM32H7xx_HAL_Driver/Src/stm32h7xx_hal_mdma.o
                0x08007564                HAL_MDMA_Abort_IT
 *fill*         0x0800758a        0x2 
 .text.HAL_MDMA_IRQHandler
                0x0800758c      0x170 ./Drivers/STM32H7xx_HAL_Driver/Src/stm32h7xx_hal_mdma.o
                0x0800758c                HAL_MDMA_IRQHandler
 .text.OSPI_DMACplt
                0x080076fc       0x24 ./Drivers/STM32H7xx_HAL_Driver/Src/stm32h7xx_hal_ospi.o
 .text.OSPI_ConfigCmd
                0x08007720      0x1c8 ./Drivers/STM32H7xx_HAL_Driver/Src/stm32h7xx_hal_ospi.o
 .text.OSPI_WaitFlagStateUntilTimeout
                0x080078e8       0x50 ./Drivers/STM32H7xx_HAL_Driver/Src/stm32h7xx_hal_ospi.o
 .text.HAL_OSPI_Init
                0x08007938       0xe8 ./Drivers/STM32H7xx_HAL_Driver/Src/stm32h7xx_hal_ospi.o
                0x08007938                HAL_OSPI_Init
 .text.HAL_OSPI_Command
                0x08007a20       0x9e ./Drivers/STM32H7xx_HAL_Driver/Src/stm32h7xx_hal_ospi.o
                0x08007a20                HAL_OSPI_Command
 .text.HAL_OSPI_Transmit
                0x08007abe       0x88 ./Drivers/STM32H7xx_HAL_Driver/Src/stm32h7xx_hal_ospi.o
                0x08007abe                HAL_OSPI_Transmit
 .text.HAL_OSPI_Receive
                0x08007b46       0xac ./Drivers/STM32H7xx_HAL_Driver/Src/stm32h7xx_hal_ospi.o
                0x08007b46                HAL_OSPI_Receive
 *fill*         0x08007bf2        0x2 
 .text.HAL_OSPI_Transmit_DMA
                0x08007bf4       0xd4 ./Drivers/STM32H7xx_HAL_Driver/Src/stm32h7xx_hal_ospi.o
                0x08007bf4                HAL_OSPI_Transmit_DMA
 .text.HAL_OSPI_Receive_DMA
                0x08007cc8      0x108 ./Drivers/STM32H7xx_HAL_Driver/Src/stm32h7xx_hal_ospi.o
                0x08007cc8                HAL_OSPI_Receive_DMA
 .text.HAL_OSPI_AutoPolling_IT
                0x08007dd0       0x88 ./Drivers/STM32H7xx_HAL_Driver/Src/stm32h7xx_hal_ospi.o
                0x08007dd0                HAL_OSPI_AutoPolling_IT
 .text.OSPI_DMAError
                0x08007e58       0x40 ./Drivers/STM32H7xx_HAL_Driver/Src/stm32h7xx_hal_ospi.o
 .text.OSPI_DMAAbortOnError
                0x08007e98       0x2e ./Drivers/STM32H7xx_HAL_Driver/Src/stm32h7xx_hal_ospi.o
 .text.HAL_OSPI_AbortCpltCallback
                0x08007ec6        0x2 ./Drivers/STM32H7xx_HAL_Driver/Src/stm32h7xx_hal_ospi.o
                0x08007ec6                HAL_OSPI_AbortCpltCallback
 .text.OSPI_DMAAbortCplt
                0x08007ec8       0x44 ./Drivers/STM32H7xx_HAL_Driver/Src/stm32h7xx_hal_ospi.o
 .text.HAL_OSPI_FifoThresholdCallback
                0x08007f0c        0x2 ./Drivers/STM32H7xx_HAL_Driver/Src/stm32h7xx_hal_ospi.o
                0x08007f0c                HAL_OSPI_FifoThresholdCallback
 .text.HAL_OSPI_CmdCpltCallback
                0x08007f0e        0x2 ./Drivers/STM32H7xx_HAL_Driver/Src/stm32h7xx_hal_ospi.o
                0x08007f0e                HAL_OSPI_CmdCpltCallback
 .text.HAL_OSPI_RxCpltCallback
                0x08007f10        0x2 ./Drivers/STM32H7xx_HAL_Driver/Src/stm32h7xx_hal_ospi.o
                0x08007f10                HAL_OSPI_RxCpltCallback
 .text.HAL_OSPI_TimeOutCallback
                0x08007f12        0x2 ./Drivers/STM32H7xx_HAL_Driver/Src/stm32h7xx_hal_ospi.o
                0x08007f12                HAL_OSPI_TimeOutCallback
 .text.HAL_OSPI_IRQHandler
                0x08007f14      0x150 ./Drivers/STM32H7xx_HAL_Driver/Src/stm32h7xx_hal_ospi.o
                0x08007f14                HAL_OSPI_IRQHandler
 .text.HAL_OSPIM_Config
                0x08008064      0x4dc ./Drivers/STM32H7xx_HAL_Driver/Src/stm32h7xx_hal_ospi.o
                0x08008064                HAL_OSPIM_Config
 .text.HAL_PCD_Init
                0x08008540       0xda ./Drivers/STM32H7xx_HAL_Driver/Src/stm32h7xx_hal_pcd.o
                0x08008540                HAL_PCD_Init
 .text.HAL_PCDEx_ActivateLPM
                0x0800861a       0x26 ./Drivers/STM32H7xx_HAL_Driver/Src/stm32h7xx_hal_pcd_ex.o
                0x0800861a                HAL_PCDEx_ActivateLPM
 .text.HAL_PWREx_ConfigSupply
                0x08008640       0x48 ./Drivers/STM32H7xx_HAL_Driver/Src/stm32h7xx_hal_pwr_ex.o
                0x08008640                HAL_PWREx_ConfigSupply
 .text.HAL_PWREx_EnableUSBVoltageDetector
                0x08008688       0x10 ./Drivers/STM32H7xx_HAL_Driver/Src/stm32h7xx_hal_pwr_ex.o
                0x08008688                HAL_PWREx_EnableUSBVoltageDetector
 .text.HAL_RCC_OscConfig
                0x08008698      0x4ec ./Drivers/STM32H7xx_HAL_Driver/Src/stm32h7xx_hal_rcc.o
                0x08008698                HAL_RCC_OscConfig
 .text.HAL_RCC_GetSysClockFreq
                0x08008b84      0x144 ./Drivers/STM32H7xx_HAL_Driver/Src/stm32h7xx_hal_rcc.o
                0x08008b84                HAL_RCC_GetSysClockFreq
 .text.HAL_RCC_ClockConfig
                0x08008cc8      0x24c ./Drivers/STM32H7xx_HAL_Driver/Src/stm32h7xx_hal_rcc.o
                0x08008cc8                HAL_RCC_ClockConfig
 .text.HAL_RCC_GetHCLKFreq
                0x08008f14       0x44 ./Drivers/STM32H7xx_HAL_Driver/Src/stm32h7xx_hal_rcc.o
                0x08008f14                HAL_RCC_GetHCLKFreq
 .text.HAL_RCC_GetPCLK1Freq
                0x08008f58       0x24 ./Drivers/STM32H7xx_HAL_Driver/Src/stm32h7xx_hal_rcc.o
                0x08008f58                HAL_RCC_GetPCLK1Freq
 .text.HAL_RCC_GetPCLK2Freq
                0x08008f7c       0x24 ./Drivers/STM32H7xx_HAL_Driver/Src/stm32h7xx_hal_rcc.o
                0x08008f7c                HAL_RCC_GetPCLK2Freq
 .text.RCCEx_PLL2_Config
                0x08008fa0       0xec ./Drivers/STM32H7xx_HAL_Driver/Src/stm32h7xx_hal_rcc_ex.o
 .text.RCCEx_PLL3_Config
                0x0800908c       0xec ./Drivers/STM32H7xx_HAL_Driver/Src/stm32h7xx_hal_rcc_ex.o
 .text.HAL_RCCEx_PeriphCLKConfig
                0x08009178      0x954 ./Drivers/STM32H7xx_HAL_Driver/Src/stm32h7xx_hal_rcc_ex.o
                0x08009178                HAL_RCCEx_PeriphCLKConfig
 .text.HAL_RCCEx_GetD3PCLK1Freq
                0x08009acc       0x24 ./Drivers/STM32H7xx_HAL_Driver/Src/stm32h7xx_hal_rcc_ex.o
                0x08009acc                HAL_RCCEx_GetD3PCLK1Freq
 .text.HAL_RCCEx_GetPLL2ClockFreq
                0x08009af0      0x154 ./Drivers/STM32H7xx_HAL_Driver/Src/stm32h7xx_hal_rcc_ex.o
                0x08009af0                HAL_RCCEx_GetPLL2ClockFreq
 .text.HAL_RCCEx_GetPLL3ClockFreq
                0x08009c44      0x154 ./Drivers/STM32H7xx_HAL_Driver/Src/stm32h7xx_hal_rcc_ex.o
                0x08009c44                HAL_RCCEx_GetPLL3ClockFreq
 .text.HAL_RCCEx_GetPLL1ClockFreq
                0x08009d98      0x154 ./Drivers/STM32H7xx_HAL_Driver/Src/stm32h7xx_hal_rcc_ex.o
                0x08009d98                HAL_RCCEx_GetPLL1ClockFreq
 .text.HAL_RCCEx_GetPeriphCLKFreq
                0x08009eec      0x2a0 ./Drivers/STM32H7xx_HAL_Driver/Src/stm32h7xx_hal_rcc_ex.o
                0x08009eec                HAL_RCCEx_GetPeriphCLKFreq
 .text.SPI_CloseTransfer
                0x0800a18c       0xac ./Drivers/STM32H7xx_HAL_Driver/Src/stm32h7xx_hal_spi.o
 .text.HAL_SPI_Init
                0x0800a238      0x148 ./Drivers/STM32H7xx_HAL_Driver/Src/stm32h7xx_hal_spi.o
                0x0800a238                HAL_SPI_Init
 .text.HAL_SPI_Transmit
                0x0800a380      0x234 ./Drivers/STM32H7xx_HAL_Driver/Src/stm32h7xx_hal_spi.o
                0x0800a380                HAL_SPI_Transmit
 .text.HAL_SPI_Receive
                0x0800a5b4      0x260 ./Drivers/STM32H7xx_HAL_Driver/Src/stm32h7xx_hal_spi.o
                0x0800a5b4                HAL_SPI_Receive
 .text.HAL_SPI_Receive_DMA
                0x0800a814      0x178 ./Drivers/STM32H7xx_HAL_Driver/Src/stm32h7xx_hal_spi.o
                0x0800a814                HAL_SPI_Receive_DMA
 .text.HAL_SPI_TransmitReceive_DMA
                0x0800a98c      0x20c ./Drivers/STM32H7xx_HAL_Driver/Src/stm32h7xx_hal_spi.o
                0x0800a98c                HAL_SPI_TransmitReceive_DMA
 .text.HAL_SPI_TxCpltCallback
                0x0800ab98        0x2 ./Drivers/STM32H7xx_HAL_Driver/Src/stm32h7xx_hal_spi.o
                0x0800ab98                HAL_SPI_TxCpltCallback
 .text.SPI_DMAReceiveCplt
                0x0800ab9a       0x28 ./Drivers/STM32H7xx_HAL_Driver/Src/stm32h7xx_hal_spi.o
 .text.SPI_DMATransmitReceiveCplt
                0x0800abc2       0x28 ./Drivers/STM32H7xx_HAL_Driver/Src/stm32h7xx_hal_spi.o
 .text.HAL_SPI_RxHalfCpltCallback
                0x0800abea        0x2 ./Drivers/STM32H7xx_HAL_Driver/Src/stm32h7xx_hal_spi.o
                0x0800abea                HAL_SPI_RxHalfCpltCallback
 .text.SPI_DMAHalfReceiveCplt
                0x0800abec        0xa ./Drivers/STM32H7xx_HAL_Driver/Src/stm32h7xx_hal_spi.o
 .text.HAL_SPI_TxRxHalfCpltCallback
                0x0800abf6        0x2 ./Drivers/STM32H7xx_HAL_Driver/Src/stm32h7xx_hal_spi.o
                0x0800abf6                HAL_SPI_TxRxHalfCpltCallback
 .text.SPI_DMAHalfTransmitReceiveCplt
                0x0800abf8        0xa ./Drivers/STM32H7xx_HAL_Driver/Src/stm32h7xx_hal_spi.o
 .text.HAL_SPI_ErrorCallback
                0x0800ac02        0x2 ./Drivers/STM32H7xx_HAL_Driver/Src/stm32h7xx_hal_spi.o
                0x0800ac02                HAL_SPI_ErrorCallback
 .text.SPI_DMAError
                0x0800ac04       0x2a ./Drivers/STM32H7xx_HAL_Driver/Src/stm32h7xx_hal_spi.o
 .text.SPI_DMAAbortOnError
                0x0800ac2e       0x1a ./Drivers/STM32H7xx_HAL_Driver/Src/stm32h7xx_hal_spi.o
 .text.HAL_SPI_SuspendCallback
                0x0800ac48        0x2 ./Drivers/STM32H7xx_HAL_Driver/Src/stm32h7xx_hal_spi.o
                0x0800ac48                HAL_SPI_SuspendCallback
 *fill*         0x0800ac4a        0x2 
 .text.HAL_SPI_IRQHandler
                0x0800ac4c      0x208 ./Drivers/STM32H7xx_HAL_Driver/Src/stm32h7xx_hal_spi.o
                0x0800ac4c                HAL_SPI_IRQHandler
 .text.TIM_OC1_SetConfig
                0x0800ae54       0x74 ./Drivers/STM32H7xx_HAL_Driver/Src/stm32h7xx_hal_tim.o
 .text.TIM_OC3_SetConfig
                0x0800aec8       0x80 ./Drivers/STM32H7xx_HAL_Driver/Src/stm32h7xx_hal_tim.o
 .text.TIM_OC4_SetConfig
                0x0800af48       0x68 ./Drivers/STM32H7xx_HAL_Driver/Src/stm32h7xx_hal_tim.o
 .text.TIM_OC5_SetConfig
                0x0800afb0       0x68 ./Drivers/STM32H7xx_HAL_Driver/Src/stm32h7xx_hal_tim.o
 .text.TIM_OC6_SetConfig
                0x0800b018       0x68 ./Drivers/STM32H7xx_HAL_Driver/Src/stm32h7xx_hal_tim.o
 .text.HAL_TIM_Base_Start
                0x0800b080       0x84 ./Drivers/STM32H7xx_HAL_Driver/Src/stm32h7xx_hal_tim.o
                0x0800b080                HAL_TIM_Base_Start
 .text.HAL_TIM_Base_Start_IT
                0x0800b104       0x8c ./Drivers/STM32H7xx_HAL_Driver/Src/stm32h7xx_hal_tim.o
                0x0800b104                HAL_TIM_Base_Start_IT
 .text.HAL_TIM_PWM_MspInit
                0x0800b190        0x2 ./Drivers/STM32H7xx_HAL_Driver/Src/stm32h7xx_hal_tim.o
                0x0800b190                HAL_TIM_PWM_MspInit
 .text.HAL_TIM_OC_DelayElapsedCallback
                0x0800b192        0x2 ./Drivers/STM32H7xx_HAL_Driver/Src/stm32h7xx_hal_tim.o
                0x0800b192                HAL_TIM_OC_DelayElapsedCallback
 .text.HAL_TIM_IC_CaptureCallback
                0x0800b194        0x2 ./Drivers/STM32H7xx_HAL_Driver/Src/stm32h7xx_hal_tim.o
                0x0800b194                HAL_TIM_IC_CaptureCallback
 .text.HAL_TIM_PWM_PulseFinishedCallback
                0x0800b196        0x2 ./Drivers/STM32H7xx_HAL_Driver/Src/stm32h7xx_hal_tim.o
                0x0800b196                HAL_TIM_PWM_PulseFinishedCallback
 .text.HAL_TIM_TriggerCallback
                0x0800b198        0x2 ./Drivers/STM32H7xx_HAL_Driver/Src/stm32h7xx_hal_tim.o
                0x0800b198                HAL_TIM_TriggerCallback
 .text.HAL_TIM_IRQHandler
                0x0800b19a      0x140 ./Drivers/STM32H7xx_HAL_Driver/Src/stm32h7xx_hal_tim.o
                0x0800b19a                HAL_TIM_IRQHandler
 *fill*         0x0800b2da        0x2 
 .text.TIM_Base_SetConfig
                0x0800b2dc       0xb8 ./Drivers/STM32H7xx_HAL_Driver/Src/stm32h7xx_hal_tim.o
                0x0800b2dc                TIM_Base_SetConfig
 .text.HAL_TIM_Base_Init
                0x0800b394       0x60 ./Drivers/STM32H7xx_HAL_Driver/Src/stm32h7xx_hal_tim.o
                0x0800b394                HAL_TIM_Base_Init
 .text.HAL_TIM_PWM_Init
                0x0800b3f4       0x60 ./Drivers/STM32H7xx_HAL_Driver/Src/stm32h7xx_hal_tim.o
                0x0800b3f4                HAL_TIM_PWM_Init
 .text.TIM_OC2_SetConfig
                0x0800b454       0x80 ./Drivers/STM32H7xx_HAL_Driver/Src/stm32h7xx_hal_tim.o
                0x0800b454                TIM_OC2_SetConfig
 .text.HAL_TIM_PWM_ConfigChannel
                0x0800b4d4       0xf8 ./Drivers/STM32H7xx_HAL_Driver/Src/stm32h7xx_hal_tim.o
                0x0800b4d4                HAL_TIM_PWM_ConfigChannel
 .text.TIM_ETR_SetConfig
                0x0800b5cc       0x14 ./Drivers/STM32H7xx_HAL_Driver/Src/stm32h7xx_hal_tim.o
                0x0800b5cc                TIM_ETR_SetConfig
 .text.HAL_TIM_ConfigClockSource
                0x0800b5e0      0x178 ./Drivers/STM32H7xx_HAL_Driver/Src/stm32h7xx_hal_tim.o
                0x0800b5e0                HAL_TIM_ConfigClockSource
 .text.TIM_CCxChannelCmd
                0x0800b758       0x1c ./Drivers/STM32H7xx_HAL_Driver/Src/stm32h7xx_hal_tim.o
                0x0800b758                TIM_CCxChannelCmd
 .text.HAL_TIM_OC_Start
                0x0800b774      0x134 ./Drivers/STM32H7xx_HAL_Driver/Src/stm32h7xx_hal_tim.o
                0x0800b774                HAL_TIM_OC_Start
 .text.HAL_TIM_PWM_Start
                0x0800b8a8        0x4 ./Drivers/STM32H7xx_HAL_Driver/Src/stm32h7xx_hal_tim.o
                0x0800b8a8                HAL_TIM_PWM_Start
 .text.HAL_TIMEx_MasterConfigSynchronization
                0x0800b8ac       0xa4 ./Drivers/STM32H7xx_HAL_Driver/Src/stm32h7xx_hal_tim_ex.o
                0x0800b8ac                HAL_TIMEx_MasterConfigSynchronization
 .text.HAL_TIMEx_ConfigBreakDeadTime
                0x0800b950       0x94 ./Drivers/STM32H7xx_HAL_Driver/Src/stm32h7xx_hal_tim_ex.o
                0x0800b950                HAL_TIMEx_ConfigBreakDeadTime
 .text.HAL_TIMEx_CommutCallback
                0x0800b9e4        0x2 ./Drivers/STM32H7xx_HAL_Driver/Src/stm32h7xx_hal_tim_ex.o
                0x0800b9e4                HAL_TIMEx_CommutCallback
 .text.HAL_TIMEx_BreakCallback
                0x0800b9e6        0x2 ./Drivers/STM32H7xx_HAL_Driver/Src/stm32h7xx_hal_tim_ex.o
                0x0800b9e6                HAL_TIMEx_BreakCallback
 .text.HAL_TIMEx_Break2Callback
                0x0800b9e8        0x2 ./Drivers/STM32H7xx_HAL_Driver/Src/stm32h7xx_hal_tim_ex.o
                0x0800b9e8                HAL_TIMEx_Break2Callback
 .text.UART_EndTxTransfer
                0x0800b9ea       0x34 ./Drivers/STM32H7xx_HAL_Driver/Src/stm32h7xx_hal_uart.o
 *fill*         0x0800ba1e        0x2 
 .text.UART_EndRxTransfer
                0x0800ba20       0x58 ./Drivers/STM32H7xx_HAL_Driver/Src/stm32h7xx_hal_uart.o
 .text.HAL_UART_Transmit_DMA
                0x0800ba78       0x84 ./Drivers/STM32H7xx_HAL_Driver/Src/stm32h7xx_hal_uart.o
                0x0800ba78                HAL_UART_Transmit_DMA
 .text.HAL_UART_TxCpltCallback
                0x0800bafc        0x2 ./Drivers/STM32H7xx_HAL_Driver/Src/stm32h7xx_hal_uart.o
                0x0800bafc                HAL_UART_TxCpltCallback
 .text.UART_DMATransmitCplt
                0x0800bafe       0x46 ./Drivers/STM32H7xx_HAL_Driver/Src/stm32h7xx_hal_uart.o
 .text.HAL_UART_TxHalfCpltCallback
                0x0800bb44        0x2 ./Drivers/STM32H7xx_HAL_Driver/Src/stm32h7xx_hal_uart.o
                0x0800bb44                HAL_UART_TxHalfCpltCallback
 .text.UART_DMATxHalfCplt
                0x0800bb46        0xa ./Drivers/STM32H7xx_HAL_Driver/Src/stm32h7xx_hal_uart.o
 .text.HAL_UART_RxCpltCallback
                0x0800bb50        0x2 ./Drivers/STM32H7xx_HAL_Driver/Src/stm32h7xx_hal_uart.o
                0x0800bb50                HAL_UART_RxCpltCallback
 .text.HAL_UART_RxHalfCpltCallback
                0x0800bb52        0x2 ./Drivers/STM32H7xx_HAL_Driver/Src/stm32h7xx_hal_uart.o
                0x0800bb52                HAL_UART_RxHalfCpltCallback
 .text.UART_DMAError
                0x0800bb54       0x48 ./Drivers/STM32H7xx_HAL_Driver/Src/stm32h7xx_hal_uart.o
 .text.UART_DMAAbortOnError
                0x0800bb9c       0x10 ./Drivers/STM32H7xx_HAL_Driver/Src/stm32h7xx_hal_uart.o
 .text.HAL_UARTEx_RxEventCallback
                0x0800bbac        0x2 ./Drivers/STM32H7xx_HAL_Driver/Src/stm32h7xx_hal_uart.o
                0x0800bbac                HAL_UARTEx_RxEventCallback
 *fill*         0x0800bbae        0x2 
 .text.HAL_UART_IRQHandler
                0x0800bbb0      0x354 ./Drivers/STM32H7xx_HAL_Driver/Src/stm32h7xx_hal_uart.o
                0x0800bbb0                HAL_UART_IRQHandler
 .text.UART_DMARxHalfCplt
                0x0800bf04       0x20 ./Drivers/STM32H7xx_HAL_Driver/Src/stm32h7xx_hal_uart.o
 .text.UART_DMAReceiveCplt
                0x0800bf24       0x8e ./Drivers/STM32H7xx_HAL_Driver/Src/stm32h7xx_hal_uart.o
 *fill*         0x0800bfb2        0x2 
 .text.UART_SetConfig
                0x0800bfb4      0x314 ./Drivers/STM32H7xx_HAL_Driver/Src/stm32h7xx_hal_uart.o
                0x0800bfb4                UART_SetConfig
 .text.UART_AdvFeatureConfig
                0x0800c2c8       0xaa ./Drivers/STM32H7xx_HAL_Driver/Src/stm32h7xx_hal_uart.o
                0x0800c2c8                UART_AdvFeatureConfig
 .text.UART_WaitOnFlagUntilTimeout
                0x0800c372       0x90 ./Drivers/STM32H7xx_HAL_Driver/Src/stm32h7xx_hal_uart.o
                0x0800c372                UART_WaitOnFlagUntilTimeout
 .text.HAL_UART_Transmit
                0x0800c402       0xaa ./Drivers/STM32H7xx_HAL_Driver/Src/stm32h7xx_hal_uart.o
                0x0800c402                HAL_UART_Transmit
 .text.UART_CheckIdleState
                0x0800c4ac       0xb6 ./Drivers/STM32H7xx_HAL_Driver/Src/stm32h7xx_hal_uart.o
                0x0800c4ac                UART_CheckIdleState
 .text.HAL_UART_Init
                0x0800c562       0x60 ./Drivers/STM32H7xx_HAL_Driver/Src/stm32h7xx_hal_uart.o
                0x0800c562                HAL_UART_Init
 *fill*         0x0800c5c2        0x2 
 .text.UART_Start_Receive_DMA
                0x0800c5c4       0xa0 ./Drivers/STM32H7xx_HAL_Driver/Src/stm32h7xx_hal_uart.o
                0x0800c5c4                UART_Start_Receive_DMA
 .text.HAL_UART_Receive_DMA
                0x0800c664       0x44 ./Drivers/STM32H7xx_HAL_Driver/Src/stm32h7xx_hal_uart.o
                0x0800c664                HAL_UART_Receive_DMA
 .text.UARTEx_SetNbDataToProcess
                0x0800c6a8       0x44 ./Drivers/STM32H7xx_HAL_Driver/Src/stm32h7xx_hal_uart_ex.o
 .text.HAL_UARTEx_WakeupCallback
                0x0800c6ec        0x2 ./Drivers/STM32H7xx_HAL_Driver/Src/stm32h7xx_hal_uart_ex.o
                0x0800c6ec                HAL_UARTEx_WakeupCallback
 .text.HAL_UARTEx_RxFifoFullCallback
                0x0800c6ee        0x2 ./Drivers/STM32H7xx_HAL_Driver/Src/stm32h7xx_hal_uart_ex.o
                0x0800c6ee                HAL_UARTEx_RxFifoFullCallback
 .text.HAL_UARTEx_TxFifoEmptyCallback
                0x0800c6f0        0x2 ./Drivers/STM32H7xx_HAL_Driver/Src/stm32h7xx_hal_uart_ex.o
                0x0800c6f0                HAL_UARTEx_TxFifoEmptyCallback
 .text.HAL_UARTEx_EnableFifoMode
                0x0800c6f2       0x40 ./Drivers/STM32H7xx_HAL_Driver/Src/stm32h7xx_hal_uart_ex.o
                0x0800c6f2                HAL_UARTEx_EnableFifoMode
 .text.HAL_UARTEx_SetTxFifoThreshold
                0x0800c732       0x40 ./Drivers/STM32H7xx_HAL_Driver/Src/stm32h7xx_hal_uart_ex.o
                0x0800c732                HAL_UARTEx_SetTxFifoThreshold
 .text.HAL_UARTEx_SetRxFifoThreshold
                0x0800c772       0x40 ./Drivers/STM32H7xx_HAL_Driver/Src/stm32h7xx_hal_uart_ex.o
                0x0800c772                HAL_UARTEx_SetRxFifoThreshold
 .text.USB_CoreReset
                0x0800c7b2       0x46 ./Drivers/STM32H7xx_HAL_Driver/Src/stm32h7xx_ll_usb.o
 .text.USB_CoreInit
                0x0800c7f8       0x9c ./Drivers/STM32H7xx_HAL_Driver/Src/stm32h7xx_ll_usb.o
                0x0800c7f8                USB_CoreInit
 .text.USB_DisableGlobalInt
                0x0800c894        0xc ./Drivers/STM32H7xx_HAL_Driver/Src/stm32h7xx_ll_usb.o
                0x0800c894                USB_DisableGlobalInt
 .text.USB_SetCurrentMode
                0x0800c8a0       0x5c ./Drivers/STM32H7xx_HAL_Driver/Src/stm32h7xx_ll_usb.o
                0x0800c8a0                USB_SetCurrentMode
 .text.USB_FlushTxFifo
                0x0800c8fc       0x46 ./Drivers/STM32H7xx_HAL_Driver/Src/stm32h7xx_ll_usb.o
                0x0800c8fc                USB_FlushTxFifo
 .text.USB_FlushRxFifo
                0x0800c942       0x42 ./Drivers/STM32H7xx_HAL_Driver/Src/stm32h7xx_ll_usb.o
                0x0800c942                USB_FlushRxFifo
 .text.USB_SetDevSpeed
                0x0800c984        0xe ./Drivers/STM32H7xx_HAL_Driver/Src/stm32h7xx_ll_usb.o
                0x0800c984                USB_SetDevSpeed
 *fill*         0x0800c992        0x2 
 .text.USB_DevInit
                0x0800c994      0x170 ./Drivers/STM32H7xx_HAL_Driver/Src/stm32h7xx_ll_usb.o
                0x0800c994                USB_DevInit
 .text.USB_DevDisconnect
                0x0800cb04       0x1c ./Drivers/STM32H7xx_HAL_Driver/Src/stm32h7xx_ll_usb.o
                0x0800cb04                USB_DevDisconnect
 .text.W25Q_WriteEnable
                0x0800cb20       0x40 ./Drivers/W25Q_STM32_HAL_Driver/Src/w25q_ospi.o
                0x0800cb20                W25Q_WriteEnable
 .text.W25Q_VolatileSrWriteEnable
                0x0800cb60       0x40 ./Drivers/W25Q_STM32_HAL_Driver/Src/w25q_ospi.o
                0x0800cb60                W25Q_VolatileSrWriteEnable
 .text.W25Q_ReadStatusRegister
                0x0800cba0       0x64 ./Drivers/W25Q_STM32_HAL_Driver/Src/w25q_ospi.o
                0x0800cba0                W25Q_ReadStatusRegister
 .text.W25Q_WriteStatusRegister
                0x0800cc04       0x68 ./Drivers/W25Q_STM32_HAL_Driver/Src/w25q_ospi.o
                0x0800cc04                W25Q_WriteStatusRegister
 .text.W25Q_ReadData_DMA
                0x0800cc6c       0x5a ./Drivers/W25Q_STM32_HAL_Driver/Src/w25q_ospi.o
                0x0800cc6c                W25Q_ReadData_DMA
 .text.W25Q_PageProgramQuadInput_DMA
                0x0800ccc6       0x5a ./Drivers/W25Q_STM32_HAL_Driver/Src/w25q_ospi.o
                0x0800ccc6                W25Q_PageProgramQuadInput_DMA
 .text.W25Q_Erase4KB
                0x0800cd20       0x4a ./Drivers/W25Q_STM32_HAL_Driver/Src/w25q_ospi.o
                0x0800cd20                W25Q_Erase4KB
 .text.W25Q_ChipErase
                0x0800cd6a       0x40 ./Drivers/W25Q_STM32_HAL_Driver/Src/w25q_ospi.o
                0x0800cd6a                W25Q_ChipErase
 .text.W25Q_EnableReset
                0x0800cdaa       0x40 ./Drivers/W25Q_STM32_HAL_Driver/Src/w25q_ospi.o
                0x0800cdaa                W25Q_EnableReset
 .text.W25Q_ResetDevice
                0x0800cdea       0x40 ./Drivers/W25Q_STM32_HAL_Driver/Src/w25q_ospi.o
                0x0800cdea                W25Q_ResetDevice
 .text.W25Q_BusyFlagPolling_IT
                0x0800ce2a       0x5c ./Drivers/W25Q_STM32_HAL_Driver/Src/w25q_ospi.o
                0x0800ce2a                W25Q_BusyFlagPolling_IT
 .text.W25Q_GetState
                0x0800ce86       0x26 ./Drivers/W25Q_STM32_HAL_Driver/Src/w25q_ospi.o
                0x0800ce86                W25Q_GetState
 .text.__assert_func
                0x0800ceac       0x3c C:/ST/STM32CubeIDE_2.0.0/STM32CubeIDE/plugins/com.st.stm32cube.ide.mcu.externaltools.gnu-tools-for-stm32.13.3.rel1.win32_1.0.100.202509120712/tools/bin/../lib/gcc/arm-none-eabi/13.3.1/../../../../arm-none-eabi/lib/thumb/v7e-m+dp/hard\libc_nano.a(libc_a-assert.o)
                0x0800ceac                __assert_func
 .text.__cvt    0x0800cee8       0xa8 C:/ST/STM32CubeIDE_2.0.0/STM32CubeIDE/plugins/com.st.stm32cube.ide.mcu.externaltools.gnu-tools-for-stm32.13.3.rel1.win32_1.0.100.202509120712/tools/bin/../lib/gcc/arm-none-eabi/13.3.1/../../../../arm-none-eabi/lib/thumb/v7e-m+dp/hard\libc_nano.a(libc_a-nano-vfprintf_float.o)
                0x0800cee8                __cvt
 .text.__exponent
                0x0800cf90       0x74 C:/ST/STM32CubeIDE_2.0.0/STM32CubeIDE/plugins/com.st.stm32cube.ide.mcu.externaltools.gnu-tools-for-stm32.13.3.rel1.win32_1.0.100.202509120712/tools/bin/../lib/gcc/arm-none-eabi/13.3.1/../../../../arm-none-eabi/lib/thumb/v7e-m+dp/hard\libc_nano.a(libc_a-nano-vfprintf_float.o)
                0x0800cf90                __exponent
 *fill*         0x0800d004        0x4 
 .text._printf_float
                0x0800d008      0x434 C:/ST/STM32CubeIDE_2.0.0/STM32CubeIDE/plugins/com.st.stm32cube.ide.mcu.externaltools.gnu-tools-for-stm32.13.3.rel1.win32_1.0.100.202509120712/tools/bin/../lib/gcc/arm-none-eabi/13.3.1/../../../../arm-none-eabi/lib/thumb/v7e-m+dp/hard\libc_nano.a(libc_a-nano-vfprintf_float.o)
                0x0800d008                _printf_float
 .text._printf_common
                0x0800d43c       0xda C:/ST/STM32CubeIDE_2.0.0/STM32CubeIDE/plugins/com.st.stm32cube.ide.mcu.externaltools.gnu-tools-for-stm32.13.3.rel1.win32_1.0.100.202509120712/tools/bin/../lib/gcc/arm-none-eabi/13.3.1/../../../../arm-none-eabi/lib/thumb/v7e-m+dp/hard\libc_nano.a(libc_a-nano-vfprintf_i.o)
                0x0800d43c                _printf_common
 *fill*         0x0800d516        0x2 
 .text._printf_i
                0x0800d518      0x23c C:/ST/STM32CubeIDE_2.0.0/STM32CubeIDE/plugins/com.st.stm32cube.ide.mcu.externaltools.gnu-tools-for-stm32.13.3.rel1.win32_1.0.100.202509120712/tools/bin/../lib/gcc/arm-none-eabi/13.3.1/../../../../arm-none-eabi/lib/thumb/v7e-m+dp/hard\libc_nano.a(libc_a-nano-vfprintf_i.o)
                0x0800d518                _printf_i
 .text.std      0x0800d754       0x6c C:/ST/STM32CubeIDE_2.0.0/STM32CubeIDE/plugins/com.st.stm32cube.ide.mcu.externaltools.gnu-tools-for-stm32.13.3.rel1.win32_1.0.100.202509120712/tools/bin/../lib/gcc/arm-none-eabi/13.3.1/../../../../arm-none-eabi/lib/thumb/v7e-m+dp/hard\libc_nano.a(libc_a-findfp.o)
 .text.stdio_exit_handler
                0x0800d7c0       0x18 C:/ST/STM32CubeIDE_2.0.0/STM32CubeIDE/plugins/com.st.stm32cube.ide.mcu.externaltools.gnu-tools-for-stm32.13.3.rel1.win32_1.0.100.202509120712/tools/bin/../lib/gcc/arm-none-eabi/13.3.1/../../../../arm-none-eabi/lib/thumb/v7e-m+dp/hard\libc_nano.a(libc_a-findfp.o)
 .text.cleanup_stdio
                0x0800d7d8       0x40 C:/ST/STM32CubeIDE_2.0.0/STM32CubeIDE/plugins/com.st.stm32cube.ide.mcu.externaltools.gnu-tools-for-stm32.13.3.rel1.win32_1.0.100.202509120712/tools/bin/../lib/gcc/arm-none-eabi/13.3.1/../../../../arm-none-eabi/lib/thumb/v7e-m+dp/hard\libc_nano.a(libc_a-findfp.o)
 .text.global_stdio_init.part.0
                0x0800d818       0x3c C:/ST/STM32CubeIDE_2.0.0/STM32CubeIDE/plugins/com.st.stm32cube.ide.mcu.externaltools.gnu-tools-for-stm32.13.3.rel1.win32_1.0.100.202509120712/tools/bin/../lib/gcc/arm-none-eabi/13.3.1/../../../../arm-none-eabi/lib/thumb/v7e-m+dp/hard\libc_nano.a(libc_a-findfp.o)
 .text.__sfp_lock_acquire
                0x0800d854        0xc C:/ST/STM32CubeIDE_2.0.0/STM32CubeIDE/plugins/com.st.stm32cube.ide.mcu.externaltools.gnu-tools-for-stm32.13.3.rel1.win32_1.0.100.202509120712/tools/bin/../lib/gcc/arm-none-eabi/13.3.1/../../../../arm-none-eabi/lib/thumb/v7e-m+dp/hard\libc_nano.a(libc_a-findfp.o)
                0x0800d854                __sfp_lock_acquire
 .text.__sfp_lock_release
                0x0800d860        0xc C:/ST/STM32CubeIDE_2.0.0/STM32CubeIDE/plugins/com.st.stm32cube.ide.mcu.externaltools.gnu-tools-for-stm32.13.3.rel1.win32_1.0.100.202509120712/tools/bin/../lib/gcc/arm-none-eabi/13.3.1/../../../../arm-none-eabi/lib/thumb/v7e-m+dp/hard\libc_nano.a(libc_a-findfp.o)
                0x0800d860                __sfp_lock_release
 .text.__sinit  0x0800d86c       0x30 C:/ST/STM32CubeIDE_2.0.0/STM32CubeIDE/plugins/com.st.stm32cube.ide.mcu.externaltools.gnu-tools-for-stm32.13.3.rel1.win32_1.0.100.202509120712/tools/bin/../lib/gcc/arm-none-eabi/13.3.1/../../../../arm-none-eabi/lib/thumb/v7e-m+dp/hard\libc_nano.a(libc_a-findfp.o)
                0x0800d86c                __sinit
 .text.fprintf  0x0800d89c       0x24 C:/ST/STM32CubeIDE_2.0.0/STM32CubeIDE/plugins/com.st.stm32cube.ide.mcu.externaltools.gnu-tools-for-stm32.13.3.rel1.win32_1.0.100.202509120712/tools/bin/../lib/gcc/arm-none-eabi/13.3.1/../../../../arm-none-eabi/lib/thumb/v7e-m+dp/hard\libc_nano.a(libc_a-fprintf.o)
                0x0800d89c                fiprintf
                0x0800d89c                fprintf
 .text._fwalk_sglue
                0x0800d8c0       0x3c C:/ST/STM32CubeIDE_2.0.0/STM32CubeIDE/plugins/com.st.stm32cube.ide.mcu.externaltools.gnu-tools-for-stm32.13.3.rel1.win32_1.0.100.202509120712/tools/bin/../lib/gcc/arm-none-eabi/13.3.1/../../../../arm-none-eabi/lib/thumb/v7e-m+dp/hard\libc_nano.a(libc_a-fwalk.o)
                0x0800d8c0                _fwalk_sglue
 .text.printf   0x0800d8fc       0x24 C:/ST/STM32CubeIDE_2.0.0/STM32CubeIDE/plugins/com.st.stm32cube.ide.mcu.externaltools.gnu-tools-for-stm32.13.3.rel1.win32_1.0.100.202509120712/tools/bin/../lib/gcc/arm-none-eabi/13.3.1/../../../../arm-none-eabi/lib/thumb/v7e-m+dp/hard\libc_nano.a(libc_a-printf.o)
                0x0800d8fc                iprintf
                0x0800d8fc                printf
 .text._puts_r  0x0800d920       0xaa C:/ST/STM32CubeIDE_2.0.0/STM32CubeIDE/plugins/com.st.stm32cube.ide.mcu.externaltools.gnu-tools-for-stm32.13.3.rel1.win32_1.0.100.202509120712/tools/bin/../lib/gcc/arm-none-eabi/13.3.1/../../../../arm-none-eabi/lib/thumb/v7e-m+dp/hard\libc_nano.a(libc_a-puts.o)
                0x0800d920                _puts_r
 *fill*         0x0800d9ca        0x2 
 .text.puts     0x0800d9cc       0x10 C:/ST/STM32CubeIDE_2.0.0/STM32CubeIDE/plugins/com.st.stm32cube.ide.mcu.externaltools.gnu-tools-for-stm32.13.3.rel1.win32_1.0.100.202509120712/tools/bin/../lib/gcc/arm-none-eabi/13.3.1/../../../../arm-none-eabi/lib/thumb/v7e-m+dp/hard\libc_nano.a(libc_a-puts.o)
                0x0800d9cc                puts
 .text.__sread  0x0800d9dc       0x22 C:/ST/STM32CubeIDE_2.0.0/STM32CubeIDE/plugins/com.st.stm32cube.ide.mcu.externaltools.gnu-tools-for-stm32.13.3.rel1.win32_1.0.100.202509120712/tools/bin/../lib/gcc/arm-none-eabi/13.3.1/../../../../arm-none-eabi/lib/thumb/v7e-m+dp/hard\libc_nano.a(libc_a-stdio.o)
                0x0800d9dc                __sread
 .text.__swrite
                0x0800d9fe       0x38 C:/ST/STM32CubeIDE_2.0.0/STM32CubeIDE/plugins/com.st.stm32cube.ide.mcu.externaltools.gnu-tools-for-stm32.13.3.rel1.win32_1.0.100.202509120712/tools/bin/../lib/gcc/arm-none-eabi/13.3.1/../../../../arm-none-eabi/lib/thumb/v7e-m+dp/hard\libc_nano.a(libc_a-stdio.o)
                0x0800d9fe                __swrite
 .text.__sseek  0x0800da36       0x24 C:/ST/STM32CubeIDE_2.0.0/STM32CubeIDE/plugins/com.st.stm32cube.ide.mcu.externaltools.gnu-tools-for-stm32.13.3.rel1.win32_1.0.100.202509120712/tools/bin/../lib/gcc/arm-none-eabi/13.3.1/../../../../arm-none-eabi/lib/thumb/v7e-m+dp/hard\libc_nano.a(libc_a-stdio.o)
                0x0800da36                __sseek
 .text.__sclose
                0x0800da5a        0x8 C:/ST/STM32CubeIDE_2.0.0/STM32CubeIDE/plugins/com.st.stm32cube.ide.mcu.externaltools.gnu-tools-for-stm32.13.3.rel1.win32_1.0.100.202509120712/tools/bin/../lib/gcc/arm-none-eabi/13.3.1/../../../../arm-none-eabi/lib/thumb/v7e-m+dp/hard\libc_nano.a(libc_a-stdio.o)
                0x0800da5a                __sclose
 .text._vsnprintf_r
                0x0800da62       0x5c C:/ST/STM32CubeIDE_2.0.0/STM32CubeIDE/plugins/com.st.stm32cube.ide.mcu.externaltools.gnu-tools-for-stm32.13.3.rel1.win32_1.0.100.202509120712/tools/bin/../lib/gcc/arm-none-eabi/13.3.1/../../../../arm-none-eabi/lib/thumb/v7e-m+dp/hard\libc_nano.a(libc_a-vsnprintf.o)
                0x0800da62                _vsniprintf_r
                0x0800da62                _vsnprintf_r
 *fill*         0x0800dabe        0x2 
 .text.vsnprintf
                0x0800dac0       0x1c C:/ST/STM32CubeIDE_2.0.0/STM32CubeIDE/plugins/com.st.stm32cube.ide.mcu.externaltools.gnu-tools-for-stm32.13.3.rel1.win32_1.0.100.202509120712/tools/bin/../lib/gcc/arm-none-eabi/13.3.1/../../../../arm-none-eabi/lib/thumb/v7e-m+dp/hard\libc_nano.a(libc_a-vsnprintf.o)
                0x0800dac0                vsniprintf
                0x0800dac0                vsnprintf
 .text.__swbuf_r
                0x0800dadc       0x7c C:/ST/STM32CubeIDE_2.0.0/STM32CubeIDE/plugins/com.st.stm32cube.ide.mcu.externaltools.gnu-tools-for-stm32.13.3.rel1.win32_1.0.100.202509120712/tools/bin/../lib/gcc/arm-none-eabi/13.3.1/../../../../arm-none-eabi/lib/thumb/v7e-m+dp/hard\libc_nano.a(libc_a-wbuf.o)
                0x0800dadc                __swbuf_r
 .text.__swsetup_r
                0x0800db58       0xac C:/ST/STM32CubeIDE_2.0.0/STM32CubeIDE/plugins/com.st.stm32cube.ide.mcu.externaltools.gnu-tools-for-stm32.13.3.rel1.win32_1.0.100.202509120712/tools/bin/../lib/gcc/arm-none-eabi/13.3.1/../../../../arm-none-eabi/lib/thumb/v7e-m+dp/hard\libc_nano.a(libc_a-wsetup.o)
                0x0800db58                __swsetup_r
 .text.memset   0x0800dc04       0x10 C:/ST/STM32CubeIDE_2.0.0/STM32CubeIDE/plugins/com.st.stm32cube.ide.mcu.externaltools.gnu-tools-for-stm32.13.3.rel1.win32_1.0.100.202509120712/tools/bin/../lib/gcc/arm-none-eabi/13.3.1/../../../../arm-none-eabi/lib/thumb/v7e-m+dp/hard\libc_nano.a(libc_a-memset.o)
                0x0800dc04                memset
 .text._localeconv_r
                0x0800dc14        0x8 C:/ST/STM32CubeIDE_2.0.0/STM32CubeIDE/plugins/com.st.stm32cube.ide.mcu.externaltools.gnu-tools-for-stm32.13.3.rel1.win32_1.0.100.202509120712/tools/bin/../lib/gcc/arm-none-eabi/13.3.1/../../../../arm-none-eabi/lib/thumb/v7e-m+dp/hard\libc_nano.a(libc_a-localeconv.o)
                0x0800dc14                _localeconv_r
 .text._close_r
                0x0800dc1c       0x20 C:/ST/STM32CubeIDE_2.0.0/STM32CubeIDE/plugins/com.st.stm32cube.ide.mcu.externaltools.gnu-tools-for-stm32.13.3.rel1.win32_1.0.100.202509120712/tools/bin/../lib/gcc/arm-none-eabi/13.3.1/../../../../arm-none-eabi/lib/thumb/v7e-m+dp/hard\libc_nano.a(libc_a-closer.o)
                0x0800dc1c                _close_r
 .text._lseek_r
                0x0800dc3c       0x24 C:/ST/STM32CubeIDE_2.0.0/STM32CubeIDE/plugins/com.st.stm32cube.ide.mcu.externaltools.gnu-tools-for-stm32.13.3.rel1.win32_1.0.100.202509120712/tools/bin/../lib/gcc/arm-none-eabi/13.3.1/../../../../arm-none-eabi/lib/thumb/v7e-m+dp/hard\libc_nano.a(libc_a-lseekr.o)
                0x0800dc3c                _lseek_r
 .text._read_r  0x0800dc60       0x24 C:/ST/STM32CubeIDE_2.0.0/STM32CubeIDE/plugins/com.st.stm32cube.ide.mcu.externaltools.gnu-tools-for-stm32.13.3.rel1.win32_1.0.100.202509120712/tools/bin/../lib/gcc/arm-none-eabi/13.3.1/../../../../arm-none-eabi/lib/thumb/v7e-m+dp/hard\libc_nano.a(libc_a-readr.o)
                0x0800dc60                _read_r
 .text._write_r
                0x0800dc84       0x24 C:/ST/STM32CubeIDE_2.0.0/STM32CubeIDE/plugins/com.st.stm32cube.ide.mcu.externaltools.gnu-tools-for-stm32.13.3.rel1.win32_1.0.100.202509120712/tools/bin/../lib/gcc/arm-none-eabi/13.3.1/../../../../arm-none-eabi/lib/thumb/v7e-m+dp/hard\libc_nano.a(libc_a-writer.o)
                0x0800dc84                _write_r
 .text.__errno  0x0800dca8        0xc C:/ST/STM32CubeIDE_2.0.0/STM32CubeIDE/plugins/com.st.stm32cube.ide.mcu.externaltools.gnu-tools-for-stm32.13.3.rel1.win32_1.0.100.202509120712/tools/bin/../lib/gcc/arm-none-eabi/13.3.1/../../../../arm-none-eabi/lib/thumb/v7e-m+dp/hard\libc_nano.a(libc_a-errno.o)
                0x0800dca8                __errno
 .text.__libc_init_array
                0x0800dcb4       0x48 C:/ST/STM32CubeIDE_2.0.0/STM32CubeIDE/plugins/com.st.stm32cube.ide.mcu.externaltools.gnu-tools-for-stm32.13.3.rel1.win32_1.0.100.202509120712/tools/bin/../lib/gcc/arm-none-eabi/13.3.1/../../../../arm-none-eabi/lib/thumb/v7e-m+dp/hard\libc_nano.a(libc_a-init.o)
                0x0800dcb4                __libc_init_array
 .text.__retarget_lock_init_recursive
                0x0800dcfc        0x2 C:/ST/STM32CubeIDE_2.0.0/STM32CubeIDE/plugins/com.st.stm32cube.ide.mcu.externaltools.gnu-tools-for-stm32.13.3.rel1.win32_1.0.100.202509120712/tools/bin/../lib/gcc/arm-none-eabi/13.3.1/../../../../arm-none-eabi/lib/thumb/v7e-m+dp/hard\libc_nano.a(libc_a-lock.o)
                0x0800dcfc                __retarget_lock_init_recursive
 .text.__retarget_lock_acquire_recursive
                0x0800dcfe        0x2 C:/ST/STM32CubeIDE_2.0.0/STM32CubeIDE/plugins/com.st.stm32cube.ide.mcu.externaltools.gnu-tools-for-stm32.13.3.rel1.win32_1.0.100.202509120712/tools/bin/../lib/gcc/arm-none-eabi/13.3.1/../../../../arm-none-eabi/lib/thumb/v7e-m+dp/hard\libc_nano.a(libc_a-lock.o)
                0x0800dcfe                __retarget_lock_acquire_recursive
 .text.__retarget_lock_release_recursive
                0x0800dd00        0x2 C:/ST/STM32CubeIDE_2.0.0/STM32CubeIDE/plugins/com.st.stm32cube.ide.mcu.externaltools.gnu-tools-for-stm32.13.3.rel1.win32_1.0.100.202509120712/tools/bin/../lib/gcc/arm-none-eabi/13.3.1/../../../../arm-none-eabi/lib/thumb/v7e-m+dp/hard\libc_nano.a(libc_a-lock.o)
                0x0800dd00                __retarget_lock_release_recursive
 .text.memcpy   0x0800dd02       0x1c C:/ST/STM32CubeIDE_2.0.0/STM32CubeIDE/plugins/com.st.stm32cube.ide.mcu.externaltools.gnu-tools-for-stm32.13.3.rel1.win32_1.0.100.202509120712/tools/bin/../lib/gcc/arm-none-eabi/13.3.1/../../../../arm-none-eabi/lib/thumb/v7e-m+dp/hard\libc_nano.a(libc_a-memcpy-stub.o)
                0x0800dd02                memcpy
 .text.abort    0x0800dd1e        0xe C:/ST/STM32CubeIDE_2.0.0/STM32CubeIDE/plugins/com.st.stm32cube.ide.mcu.externaltools.gnu-tools-for-stm32.13.3.rel1.win32_1.0.100.202509120712/tools/bin/../lib/gcc/arm-none-eabi/13.3.1/../../../../arm-none-eabi/lib/thumb/v7e-m+dp/hard\libc_nano.a(libc_a-abort.o)
                0x0800dd1e                abort
 .text.quorem   0x0800dd2c      0x110 C:/ST/STM32CubeIDE_2.0.0/STM32CubeIDE/plugins/com.st.stm32cube.ide.mcu.externaltools.gnu-tools-for-stm32.13.3.rel1.win32_1.0.100.202509120712/tools/bin/../lib/gcc/arm-none-eabi/13.3.1/../../../../arm-none-eabi/lib/thumb/v7e-m+dp/hard\libc_nano.a(libc_a-dtoa.o)
 *fill*         0x0800de3c        0x4 
 .text._dtoa_r  0x0800de40      0xabc C:/ST/STM32CubeIDE_2.0.0/STM32CubeIDE/plugins/com.st.stm32cube.ide.mcu.externaltools.gnu-tools-for-stm32.13.3.rel1.win32_1.0.100.202509120712/tools/bin/../lib/gcc/arm-none-eabi/13.3.1/../../../../arm-none-eabi/lib/thumb/v7e-m+dp/hard\libc_nano.a(libc_a-dtoa.o)
                0x0800de40                _dtoa_r
 .text._free_r  0x0800e8fc       0x94 C:/ST/STM32CubeIDE_2.0.0/STM32CubeIDE/plugins/com.st.stm32cube.ide.mcu.externaltools.gnu-tools-for-stm32.13.3.rel1.win32_1.0.100.202509120712/tools/bin/../lib/gcc/arm-none-eabi/13.3.1/../../../../arm-none-eabi/lib/thumb/v7e-m+dp/hard\libc_nano.a(libc_a-freer.o)
                0x0800e8fc                _free_r
 .text.malloc   0x0800e990       0x10 C:/ST/STM32CubeIDE_2.0.0/STM32CubeIDE/plugins/com.st.stm32cube.ide.mcu.externaltools.gnu-tools-for-stm32.13.3.rel1.win32_1.0.100.202509120712/tools/bin/../lib/gcc/arm-none-eabi/13.3.1/../../../../arm-none-eabi/lib/thumb/v7e-m+dp/hard\libc_nano.a(libc_a-malloc.o)
                0x0800e990                malloc
 .text.sbrk_aligned
                0x0800e9a0       0x44 C:/ST/STM32CubeIDE_2.0.0/STM32CubeIDE/plugins/com.st.stm32cube.ide.mcu.externaltools.gnu-tools-for-stm32.13.3.rel1.win32_1.0.100.202509120712/tools/bin/../lib/gcc/arm-none-eabi/13.3.1/../../../../arm-none-eabi/lib/thumb/v7e-m+dp/hard\libc_nano.a(libc_a-mallocr.o)
 .text._malloc_r
                0x0800e9e4      0x100 C:/ST/STM32CubeIDE_2.0.0/STM32CubeIDE/plugins/com.st.stm32cube.ide.mcu.externaltools.gnu-tools-for-stm32.13.3.rel1.win32_1.0.100.202509120712/tools/bin/../lib/gcc/arm-none-eabi/13.3.1/../../../../arm-none-eabi/lib/thumb/v7e-m+dp/hard\libc_nano.a(libc_a-mallocr.o)
                0x0800e9e4                _malloc_r
 .text.__malloc_lock
                0x0800eae4        0xc C:/ST/STM32CubeIDE_2.0.0/STM32CubeIDE/plugins/com.st.stm32cube.ide.mcu.externaltools.gnu-tools-for-stm32.13.3.rel1.win32_1.0.100.202509120712/tools/bin/../lib/gcc/arm-none-eabi/13.3.1/../../../../arm-none-eabi/lib/thumb/v7e-m+dp/hard\libc_nano.a(libc_a-mlock.o)
                0x0800eae4                __malloc_lock
 .text.__malloc_unlock
                0x0800eaf0        0xc C:/ST/STM32CubeIDE_2.0.0/STM32CubeIDE/plugins/com.st.stm32cube.ide.mcu.externaltools.gnu-tools-for-stm32.13.3.rel1.win32_1.0.100.202509120712/tools/bin/../lib/gcc/arm-none-eabi/13.3.1/../../../../arm-none-eabi/lib/thumb/v7e-m+dp/hard\libc_nano.a(libc_a-mlock.o)
                0x0800eaf0                __malloc_unlock
 .text._Balloc  0x0800eafc       0x80 C:/ST/STM32CubeIDE_2.0.0/STM32CubeIDE/plugins/com.st.stm32cube.ide.mcu.externaltools.gnu-tools-for-stm32.13.3.rel1.win32_1.0.100.202509120712/tools/bin/../lib/gcc/arm-none-eabi/13.3.1/../../../../arm-none-eabi/lib/thumb/v7e-m+dp/hard\libc_nano.a(libc_a-mprec.o)
                0x0800eafc                _Balloc
 .text._Bfree   0x0800eb7c       0x44 C:/ST/STM32CubeIDE_2.0.0/STM32CubeIDE/plugins/com.st.stm32cube.ide.mcu.externaltools.gnu-tools-for-stm32.13.3.rel1.win32_1.0.100.202509120712/tools/bin/../lib/gcc/arm-none-eabi/13.3.1/../../../../arm-none-eabi/lib/thumb/v7e-m+dp/hard\libc_nano.a(libc_a-mprec.o)
                0x0800eb7c                _Bfree
 .text.__multadd
                0x0800ebc0       0x8c C:/ST/STM32CubeIDE_2.0.0/STM32CubeIDE/plugins/com.st.stm32cube.ide.mcu.externaltools.gnu-tools-for-stm32.13.3.rel1.win32_1.0.100.202509120712/tools/bin/../lib/gcc/arm-none-eabi/13.3.1/../../../../arm-none-eabi/lib/thumb/v7e-m+dp/hard\libc_nano.a(libc_a-mprec.o)
                0x0800ebc0                __multadd
 .text.__hi0bits
                0x0800ec4c       0x3e C:/ST/STM32CubeIDE_2.0.0/STM32CubeIDE/plugins/com.st.stm32cube.ide.mcu.externaltools.gnu-tools-for-stm32.13.3.rel1.win32_1.0.100.202509120712/tools/bin/../lib/gcc/arm-none-eabi/13.3.1/../../../../arm-none-eabi/lib/thumb/v7e-m+dp/hard\libc_nano.a(libc_a-mprec.o)
                0x0800ec4c                __hi0bits
 .text.__lo0bits
                0x0800ec8a       0x5a C:/ST/STM32CubeIDE_2.0.0/STM32CubeIDE/plugins/com.st.stm32cube.ide.mcu.externaltools.gnu-tools-for-stm32.13.3.rel1.win32_1.0.100.202509120712/tools/bin/../lib/gcc/arm-none-eabi/13.3.1/../../../../arm-none-eabi/lib/thumb/v7e-m+dp/hard\libc_nano.a(libc_a-mprec.o)
                0x0800ec8a                __lo0bits
 .text.__i2b    0x0800ece4       0x2c C:/ST/STM32CubeIDE_2.0.0/STM32CubeIDE/plugins/com.st.stm32cube.ide.mcu.externaltools.gnu-tools-for-stm32.13.3.rel1.win32_1.0.100.202509120712/tools/bin/../lib/gcc/arm-none-eabi/13.3.1/../../../../arm-none-eabi/lib/thumb/v7e-m+dp/hard\libc_nano.a(libc_a-mprec.o)
                0x0800ece4                __i2b
 .text.__multiply